[2022-02-03T09:17:57.209-0300][gc,heap] Heap region size: 1M
[2022-02-03T09:17:57.217-0300][gc     ] Using G1
[2022-02-03T09:17:57.217-0300][gc,heap,coops] Heap address: 0x00000000c0000000, size: 1024 MB, Compressed Oops mode: 32-bit
[2022-02-03T09:17:57.217-0300][gc,cds       ] Mark closed archive regions in map: [0x00000000fff00000, 0x00000000fff6aff8]
[2022-02-03T09:17:57.217-0300][gc,cds       ] Mark open archive regions in map: [0x00000000ffe00000, 0x00000000ffe46ff8]
[2022-02-03T09:17:58.155-0300][gc,start     ] GC(0) Pause Young (Normal) (G1 Evacuation Pause)
[2022-02-03T09:17:58.156-0300][gc,task      ] GC(0) Using 4 workers of 4 for evacuation
[2022-02-03T09:17:58.167-0300][gc,phases    ] GC(0)   Pre Evacuate Collection Set: 0,0ms
[2022-02-03T09:17:58.167-0300][gc,phases    ] GC(0)   Evacuate Collection Set: 10,6ms
[2022-02-03T09:17:58.167-0300][gc,phases    ] GC(0)   Post Evacuate Collection Set: 0,4ms
[2022-02-03T09:17:58.167-0300][gc,phases    ] GC(0)   Other: 0,3ms
[2022-02-03T09:17:58.167-0300][gc,heap      ] GC(0) Eden regions: 51->0(44)
[2022-02-03T09:17:58.167-0300][gc,heap      ] GC(0) Survivor regions: 0->7(7)
[2022-02-03T09:17:58.167-0300][gc,heap      ] GC(0) Old regions: 2->2
[2022-02-03T09:17:58.167-0300][gc,heap      ] GC(0) Humongous regions: 0->0
[2022-02-03T09:17:58.167-0300][gc,metaspace ] GC(0) Metaspace: 15060K->15060K(1062912K)
[2022-02-03T09:17:58.167-0300][gc           ] GC(0) Pause Young (Normal) (G1 Evacuation Pause) 51M->7M(1024M) 11,418ms
[2022-02-03T09:17:58.167-0300][gc,cpu       ] GC(0) User=0,02s Sys=0,01s Real=0,01s
[2022-02-03T09:17:58.526-0300][gc,start     ] GC(1) Pause Young (Concurrent Start) (Metadata GC Threshold)
[2022-02-03T09:17:58.526-0300][gc,task      ] GC(1) Using 4 workers of 4 for evacuation
[2022-02-03T09:17:58.539-0300][gc,phases    ] GC(1)   Pre Evacuate Collection Set: 0,1ms
[2022-02-03T09:17:58.539-0300][gc,phases    ] GC(1)   Evacuate Collection Set: 12,1ms
[2022-02-03T09:17:58.539-0300][gc,phases    ] GC(1)   Post Evacuate Collection Set: 0,4ms
[2022-02-03T09:17:58.539-0300][gc,phases    ] GC(1)   Other: 0,2ms
[2022-02-03T09:17:58.539-0300][gc,heap      ] GC(1) Eden regions: 23->0(49)
[2022-02-03T09:17:58.539-0300][gc,heap      ] GC(1) Survivor regions: 7->2(7)
[2022-02-03T09:17:58.539-0300][gc,heap      ] GC(1) Old regions: 2->9
[2022-02-03T09:17:58.539-0300][gc,heap      ] GC(1) Humongous regions: 0->0
[2022-02-03T09:17:58.539-0300][gc,metaspace ] GC(1) Metaspace: 20577K->20577K(1067008K)
[2022-02-03T09:17:58.539-0300][gc           ] GC(1) Pause Young (Concurrent Start) (Metadata GC Threshold) 30M->8M(1024M) 12,754ms
[2022-02-03T09:17:58.539-0300][gc,cpu       ] GC(1) User=0,04s Sys=0,00s Real=0,01s
[2022-02-03T09:17:58.539-0300][gc           ] GC(2) Concurrent Cycle
[2022-02-03T09:17:58.539-0300][gc,marking   ] GC(2) Concurrent Clear Claimed Marks
[2022-02-03T09:17:58.539-0300][gc,marking   ] GC(2) Concurrent Clear Claimed Marks 0,041ms
[2022-02-03T09:17:58.539-0300][gc,marking   ] GC(2) Concurrent Scan Root Regions
[2022-02-03T09:17:58.540-0300][gc,marking   ] GC(2) Concurrent Scan Root Regions 0,895ms
[2022-02-03T09:17:58.540-0300][gc,marking   ] GC(2) Concurrent Mark (1,351s)
[2022-02-03T09:17:58.540-0300][gc,marking   ] GC(2) Concurrent Mark From Roots
[2022-02-03T09:17:58.540-0300][gc,task      ] GC(2) Using 1 workers of 1 for marking
[2022-02-03T09:17:58.558-0300][gc,marking   ] GC(2) Concurrent Mark From Roots 17,638ms
[2022-02-03T09:17:58.558-0300][gc,marking   ] GC(2) Concurrent Preclean
[2022-02-03T09:17:58.558-0300][gc,marking   ] GC(2) Concurrent Preclean 0,092ms
[2022-02-03T09:17:58.558-0300][gc,marking   ] GC(2) Concurrent Mark (1,351s, 1,369s) 17,778ms
[2022-02-03T09:17:58.558-0300][gc,start     ] GC(2) Pause Remark
[2022-02-03T09:17:58.563-0300][gc,stringtable] GC(2) Cleaned string and symbol table, strings: 5168 processed, 0 removed, symbols: 50967 processed, 58 removed
[2022-02-03T09:17:58.563-0300][gc            ] GC(2) Pause Remark 9M->9M(1024M) 5,142ms
[2022-02-03T09:17:58.563-0300][gc,cpu        ] GC(2) User=0,01s Sys=0,00s Real=0,00s
[2022-02-03T09:17:58.563-0300][gc,marking    ] GC(2) Concurrent Rebuild Remembered Sets
[2022-02-03T09:17:58.569-0300][gc,marking    ] GC(2) Concurrent Rebuild Remembered Sets 5,729ms
[2022-02-03T09:17:58.572-0300][gc,start      ] GC(2) Pause Cleanup
[2022-02-03T09:17:58.572-0300][gc            ] GC(2) Pause Cleanup 9M->9M(1024M) 0,184ms
[2022-02-03T09:17:58.572-0300][gc,cpu        ] GC(2) User=0,00s Sys=0,00s Real=0,00s
[2022-02-03T09:17:58.572-0300][gc,marking    ] GC(2) Concurrent Cleanup for Next Mark
[2022-02-03T09:17:58.579-0300][gc,marking    ] GC(2) Concurrent Cleanup for Next Mark 7,268ms
[2022-02-03T09:17:58.579-0300][gc            ] GC(2) Concurrent Cycle 40,156ms
[2022-02-03T09:17:59.888-0300][gc,start      ] GC(3) Pause Young (Normal) (G1 Evacuation Pause)
[2022-02-03T09:17:59.888-0300][gc,task       ] GC(3) Using 4 workers of 4 for evacuation
[2022-02-03T09:17:59.892-0300][gc,phases     ] GC(3)   Pre Evacuate Collection Set: 0,0ms
[2022-02-03T09:17:59.892-0300][gc,phases     ] GC(3)   Evacuate Collection Set: 3,3ms
[2022-02-03T09:17:59.892-0300][gc,phases     ] GC(3)   Post Evacuate Collection Set: 0,3ms
[2022-02-03T09:17:59.892-0300][gc,phases     ] GC(3)   Other: 0,1ms
[2022-02-03T09:17:59.892-0300][gc,heap       ] GC(3) Eden regions: 49->0(48)
[2022-02-03T09:17:59.892-0300][gc,heap       ] GC(3) Survivor regions: 2->3(7)
[2022-02-03T09:17:59.892-0300][gc,heap       ] GC(3) Old regions: 9->9
[2022-02-03T09:17:59.892-0300][gc,heap       ] GC(3) Humongous regions: 129->129
[2022-02-03T09:17:59.892-0300][gc,metaspace  ] GC(3) Metaspace: 29335K->29335K(1075200K)
[2022-02-03T09:17:59.892-0300][gc            ] GC(3) Pause Young (Normal) (G1 Evacuation Pause) 186M->139M(1024M) 3,815ms
[2022-02-03T09:17:59.892-0300][gc,cpu        ] GC(3) User=0,01s Sys=0,00s Real=0,00s
[2022-02-03T09:18:00.366-0300][gc,start      ] GC(4) Pause Young (Concurrent Start) (Metadata GC Threshold)
[2022-02-03T09:18:00.366-0300][gc,task       ] GC(4) Using 4 workers of 4 for evacuation
[2022-02-03T09:18:00.378-0300][gc,phases     ] GC(4)   Pre Evacuate Collection Set: 0,1ms
[2022-02-03T09:18:00.378-0300][gc,phases     ] GC(4)   Evacuate Collection Set: 10,7ms
[2022-02-03T09:18:00.378-0300][gc,phases     ] GC(4)   Post Evacuate Collection Set: 1,4ms
[2022-02-03T09:18:00.378-0300][gc,phases     ] GC(4)   Other: 0,3ms
[2022-02-03T09:18:00.378-0300][gc,heap       ] GC(4) Eden regions: 33->0(44)
[2022-02-03T09:18:00.378-0300][gc,heap       ] GC(4) Survivor regions: 3->7(7)
[2022-02-03T09:18:00.378-0300][gc,heap       ] GC(4) Old regions: 9->9
[2022-02-03T09:18:00.378-0300][gc,heap       ] GC(4) Humongous regions: 129->129
[2022-02-03T09:18:00.378-0300][gc,metaspace  ] GC(4) Metaspace: 34429K->34429K(1081344K)
[2022-02-03T09:18:00.378-0300][gc            ] GC(4) Pause Young (Concurrent Start) (Metadata GC Threshold) 171M->142M(1024M) 12,578ms
[2022-02-03T09:18:00.378-0300][gc,cpu        ] GC(4) User=0,03s Sys=0,00s Real=0,01s
[2022-02-03T09:18:00.378-0300][gc            ] GC(5) Concurrent Cycle
[2022-02-03T09:18:00.378-0300][gc,marking    ] GC(5) Concurrent Clear Claimed Marks
[2022-02-03T09:18:00.378-0300][gc,marking    ] GC(5) Concurrent Clear Claimed Marks 0,091ms
[2022-02-03T09:18:00.378-0300][gc,marking    ] GC(5) Concurrent Scan Root Regions
[2022-02-03T09:18:00.385-0300][gc,marking    ] GC(5) Concurrent Scan Root Regions 6,350ms
[2022-02-03T09:18:00.385-0300][gc,marking    ] GC(5) Concurrent Mark (3,196s)
[2022-02-03T09:18:00.385-0300][gc,marking    ] GC(5) Concurrent Mark From Roots
[2022-02-03T09:18:00.385-0300][gc,task       ] GC(5) Using 1 workers of 1 for marking
[2022-02-03T09:18:00.410-0300][gc,marking    ] GC(5) Concurrent Mark From Roots 25,723ms
[2022-02-03T09:18:00.411-0300][gc,marking    ] GC(5) Concurrent Preclean
[2022-02-03T09:18:00.411-0300][gc,marking    ] GC(5) Concurrent Preclean 0,097ms
[2022-02-03T09:18:00.411-0300][gc,marking    ] GC(5) Concurrent Mark (3,196s, 3,222s) 25,874ms
[2022-02-03T09:18:00.411-0300][gc,start      ] GC(5) Pause Remark
[2022-02-03T09:18:00.415-0300][gc,stringtable] GC(5) Cleaned string and symbol table, strings: 10765 processed, 12 removed, symbols: 80441 processed, 16 removed
[2022-02-03T09:18:00.415-0300][gc            ] GC(5) Pause Remark 143M->143M(1024M) 4,465ms
[2022-02-03T09:18:00.415-0300][gc,cpu        ] GC(5) User=0,01s Sys=0,00s Real=0,01s
[2022-02-03T09:18:00.415-0300][gc,marking    ] GC(5) Concurrent Rebuild Remembered Sets
[2022-02-03T09:18:00.431-0300][gc,marking    ] GC(5) Concurrent Rebuild Remembered Sets 15,201ms
[2022-02-03T09:18:00.434-0300][gc,start      ] GC(5) Pause Cleanup
[2022-02-03T09:18:00.434-0300][gc            ] GC(5) Pause Cleanup 144M->144M(1024M) 0,174ms
[2022-02-03T09:18:00.434-0300][gc,cpu        ] GC(5) User=0,00s Sys=0,00s Real=0,00s
[2022-02-03T09:18:00.434-0300][gc,marking    ] GC(5) Concurrent Cleanup for Next Mark
[2022-02-03T09:18:00.455-0300][gc,marking    ] GC(5) Concurrent Cleanup for Next Mark 20,878ms
[2022-02-03T09:18:00.455-0300][gc            ] GC(5) Concurrent Cycle 76,614ms
[2022-02-03T09:18:29.632-0300][gc,start      ] GC(6) Pause Young (Normal) (G1 Evacuation Pause)
[2022-02-03T09:18:29.632-0300][gc,task       ] GC(6) Using 4 workers of 4 for evacuation
[2022-02-03T09:18:29.692-0300][gc,mmu        ] GC(6) MMU target violated: 21,0ms (20,0ms/21,0ms)
[2022-02-03T09:18:29.693-0300][gc,phases     ] GC(6)   Pre Evacuate Collection Set: 0,0ms
[2022-02-03T09:18:29.693-0300][gc,phases     ] GC(6)   Evacuate Collection Set: 59,3ms
[2022-02-03T09:18:29.693-0300][gc,phases     ] GC(6)   Post Evacuate Collection Set: 1,1ms
[2022-02-03T09:18:29.693-0300][gc,phases     ] GC(6)   Other: 0,4ms
[2022-02-03T09:18:29.693-0300][gc,heap       ] GC(6) Eden regions: 44->0(45)
[2022-02-03T09:18:29.693-0300][gc,heap       ] GC(6) Survivor regions: 7->6(7)
[2022-02-03T09:18:29.693-0300][gc,heap       ] GC(6) Old regions: 9->12
[2022-02-03T09:18:29.693-0300][gc,heap       ] GC(6) Humongous regions: 147->129
[2022-02-03T09:18:29.693-0300][gc,metaspace  ] GC(6) Metaspace: 42278K->42278K(1087488K)
[2022-02-03T09:18:29.693-0300][gc            ] GC(6) Pause Young (Normal) (G1 Evacuation Pause) 204M->144M(1024M) 61,048ms
[2022-02-03T09:18:29.693-0300][gc,cpu        ] GC(6) User=0,09s Sys=0,01s Real=0,07s
[2022-02-03T09:48:12.365-0300][gc,start      ] GC(7) Pause Young (Normal) (G1 Evacuation Pause)
[2022-02-03T09:48:12.365-0300][gc,task       ] GC(7) Using 4 workers of 4 for evacuation
[2022-02-03T09:48:12.374-0300][gc,phases     ] GC(7)   Pre Evacuate Collection Set: 0,0ms
[2022-02-03T09:48:12.374-0300][gc,phases     ] GC(7)   Evacuate Collection Set: 8,4ms
[2022-02-03T09:48:12.374-0300][gc,phases     ] GC(7)   Post Evacuate Collection Set: 0,4ms
[2022-02-03T09:48:12.374-0300][gc,phases     ] GC(7)   Other: 0,2ms
[2022-02-03T09:48:12.374-0300][gc,heap       ] GC(7) Eden regions: 45->0(48)
[2022-02-03T09:48:12.374-0300][gc,heap       ] GC(7) Survivor regions: 6->3(7)
[2022-02-03T09:48:12.374-0300][gc,heap       ] GC(7) Old regions: 12->15
[2022-02-03T09:48:12.374-0300][gc,heap       ] GC(7) Humongous regions: 129->129
[2022-02-03T09:48:12.374-0300][gc,metaspace  ] GC(7) Metaspace: 43289K->43289K(1087488K)
[2022-02-03T09:48:12.374-0300][gc            ] GC(7) Pause Young (Normal) (G1 Evacuation Pause) 189M->145M(1024M) 9,108ms
[2022-02-03T09:48:12.374-0300][gc,cpu        ] GC(7) User=0,02s Sys=0,00s Real=0,01s
[2022-02-03T10:20:21.417-0300][gc,start      ] GC(8) Pause Young (Normal) (G1 Evacuation Pause)
[2022-02-03T10:20:21.417-0300][gc,task       ] GC(8) Using 4 workers of 4 for evacuation
[2022-02-03T10:20:21.444-0300][gc,mmu        ] GC(8) MMU target violated: 21,0ms (20,0ms/21,0ms)
[2022-02-03T10:20:21.444-0300][gc,phases     ] GC(8)   Pre Evacuate Collection Set: 0,0ms
[2022-02-03T10:20:21.444-0300][gc,phases     ] GC(8)   Evacuate Collection Set: 22,8ms
[2022-02-03T10:20:21.444-0300][gc,phases     ] GC(8)   Post Evacuate Collection Set: 4,2ms
[2022-02-03T10:20:21.444-0300][gc,phases     ] GC(8)   Other: 0,5ms
[2022-02-03T10:20:21.445-0300][gc,heap       ] GC(8) Eden regions: 48->0(48)
[2022-02-03T10:20:21.445-0300][gc,heap       ] GC(8) Survivor regions: 3->3(7)
[2022-02-03T10:20:21.445-0300][gc,heap       ] GC(8) Old regions: 15->15
[2022-02-03T10:20:21.445-0300][gc,heap       ] GC(8) Humongous regions: 129->129
[2022-02-03T10:20:21.445-0300][gc,metaspace  ] GC(8) Metaspace: 43967K->43967K(1089536K)
[2022-02-03T10:20:21.445-0300][gc            ] GC(8) Pause Young (Normal) (G1 Evacuation Pause) 193M->145M(1024M) 27,866ms
[2022-02-03T10:20:21.445-0300][gc,cpu        ] GC(8) User=0,06s Sys=0,00s Real=0,03s
[2022-02-03T10:54:31.417-0300][gc,start      ] GC(9) Pause Young (Normal) (G1 Evacuation Pause)
[2022-02-03T10:54:31.417-0300][gc,task       ] GC(9) Using 4 workers of 4 for evacuation
[2022-02-03T10:54:31.438-0300][gc,mmu        ] GC(9) MMU target violated: 21,0ms (20,0ms/21,0ms)
[2022-02-03T10:54:31.438-0300][gc,phases     ] GC(9)   Pre Evacuate Collection Set: 0,0ms
[2022-02-03T10:54:31.438-0300][gc,phases     ] GC(9)   Evacuate Collection Set: 19,4ms
[2022-02-03T10:54:31.438-0300][gc,phases     ] GC(9)   Post Evacuate Collection Set: 1,4ms
[2022-02-03T10:54:31.438-0300][gc,phases     ] GC(9)   Other: 0,6ms
[2022-02-03T10:54:31.438-0300][gc,heap       ] GC(9) Eden regions: 48->0(48)
[2022-02-03T10:54:31.438-0300][gc,heap       ] GC(9) Survivor regions: 3->3(7)
[2022-02-03T10:54:31.438-0300][gc,heap       ] GC(9) Old regions: 15->15
[2022-02-03T10:54:31.438-0300][gc,heap       ] GC(9) Humongous regions: 129->129
[2022-02-03T10:54:31.438-0300][gc,metaspace  ] GC(9) Metaspace: 44392K->44392K(1089536K)
[2022-02-03T10:54:31.438-0300][gc            ] GC(9) Pause Young (Normal) (G1 Evacuation Pause) 193M->145M(1024M) 21,508ms
[2022-02-03T10:54:31.438-0300][gc,cpu        ] GC(9) User=0,06s Sys=0,00s Real=0,02s
[2022-02-03T11:31:55.303-0300][gc,start      ] GC(10) Pause Young (Normal) (G1 Evacuation Pause)
[2022-02-03T11:31:55.303-0300][gc,task       ] GC(10) Using 4 workers of 4 for evacuation
[2022-02-03T11:31:55.318-0300][gc,phases     ] GC(10)   Pre Evacuate Collection Set: 0,0ms
[2022-02-03T11:31:55.318-0300][gc,phases     ] GC(10)   Evacuate Collection Set: 7,7ms
[2022-02-03T11:31:55.318-0300][gc,phases     ] GC(10)   Post Evacuate Collection Set: 6,3ms
[2022-02-03T11:31:55.318-0300][gc,phases     ] GC(10)   Other: 0,3ms
[2022-02-03T11:31:55.318-0300][gc,heap       ] GC(10) Eden regions: 48->0(47)
[2022-02-03T11:31:55.318-0300][gc,heap       ] GC(10) Survivor regions: 3->4(7)
[2022-02-03T11:31:55.318-0300][gc,heap       ] GC(10) Old regions: 15->15
[2022-02-03T11:31:55.318-0300][gc,heap       ] GC(10) Humongous regions: 129->129
[2022-02-03T11:31:55.318-0300][gc,metaspace  ] GC(10) Metaspace: 44424K->44424K(1089536K)
[2022-02-03T11:31:55.318-0300][gc            ] GC(10) Pause Young (Normal) (G1 Evacuation Pause) 193M->145M(1024M) 14,479ms
[2022-02-03T11:31:55.318-0300][gc,cpu        ] GC(10) User=0,03s Sys=0,00s Real=0,02s
[2022-02-03T12:08:29.618-0300][gc,start      ] GC(11) Pause Young (Normal) (G1 Evacuation Pause)
[2022-02-03T12:08:29.619-0300][gc,task       ] GC(11) Using 4 workers of 4 for evacuation
[2022-02-03T12:08:29.652-0300][gc,mmu        ] GC(11) MMU target violated: 21,0ms (20,0ms/21,0ms)
[2022-02-03T12:08:29.652-0300][gc,phases     ] GC(11)   Pre Evacuate Collection Set: 0,0ms
[2022-02-03T12:08:29.652-0300][gc,phases     ] GC(11)   Evacuate Collection Set: 27,4ms
[2022-02-03T12:08:29.652-0300][gc,phases     ] GC(11)   Post Evacuate Collection Set: 5,3ms
[2022-02-03T12:08:29.652-0300][gc,phases     ] GC(11)   Other: 0,6ms
[2022-02-03T12:08:29.652-0300][gc,heap       ] GC(11) Eden regions: 47->0(48)
[2022-02-03T12:08:29.652-0300][gc,heap       ] GC(11) Survivor regions: 4->3(7)
[2022-02-03T12:08:29.652-0300][gc,heap       ] GC(11) Old regions: 15->15
[2022-02-03T12:08:29.652-0300][gc,heap       ] GC(11) Humongous regions: 129->129
[2022-02-03T12:08:29.652-0300][gc,metaspace  ] GC(11) Metaspace: 44441K->44441K(1089536K)
[2022-02-03T12:08:29.652-0300][gc            ] GC(11) Pause Young (Normal) (G1 Evacuation Pause) 192M->145M(1024M) 33,984ms
[2022-02-03T12:08:29.653-0300][gc,cpu        ] GC(11) User=0,06s Sys=0,01s Real=0,03s
[2022-02-03T12:45:51.417-0300][gc,start      ] GC(12) Pause Young (Normal) (G1 Evacuation Pause)
[2022-02-03T12:45:51.417-0300][gc,task       ] GC(12) Using 4 workers of 4 for evacuation
[2022-02-03T12:45:51.438-0300][gc,mmu        ] GC(12) MMU target violated: 20,7ms (20,0ms/21,0ms)
[2022-02-03T12:45:51.438-0300][gc,phases     ] GC(12)   Pre Evacuate Collection Set: 0,0ms
[2022-02-03T12:45:51.438-0300][gc,phases     ] GC(12)   Evacuate Collection Set: 18,3ms
[2022-02-03T12:45:51.438-0300][gc,phases     ] GC(12)   Post Evacuate Collection Set: 2,2ms
[2022-02-03T12:45:51.438-0300][gc,phases     ] GC(12)   Other: 0,6ms
[2022-02-03T12:45:51.438-0300][gc,heap       ] GC(12) Eden regions: 48->0(47)
[2022-02-03T12:45:51.438-0300][gc,heap       ] GC(12) Survivor regions: 3->4(7)
[2022-02-03T12:45:51.438-0300][gc,heap       ] GC(12) Old regions: 15->15
[2022-02-03T12:45:51.438-0300][gc,heap       ] GC(12) Humongous regions: 129->129
[2022-02-03T12:45:51.438-0300][gc,metaspace  ] GC(12) Metaspace: 44448K->44448K(1089536K)
[2022-02-03T12:45:51.438-0300][gc            ] GC(12) Pause Young (Normal) (G1 Evacuation Pause) 193M->145M(1024M) 21,467ms
[2022-02-03T12:45:51.438-0300][gc,cpu        ] GC(12) User=0,05s Sys=0,00s Real=0,02s
[2022-02-03T13:22:44.957-0300][gc,start      ] GC(13) Pause Young (Normal) (G1 Evacuation Pause)
[2022-02-03T13:22:44.957-0300][gc,task       ] GC(13) Using 4 workers of 4 for evacuation
[2022-02-03T13:22:44.965-0300][gc,phases     ] GC(13)   Pre Evacuate Collection Set: 0,0ms
[2022-02-03T13:22:44.965-0300][gc,phases     ] GC(13)   Evacuate Collection Set: 5,8ms
[2022-02-03T13:22:44.965-0300][gc,phases     ] GC(13)   Post Evacuate Collection Set: 2,5ms
[2022-02-03T13:22:44.965-0300][gc,phases     ] GC(13)   Other: 0,2ms
[2022-02-03T13:22:44.965-0300][gc,heap       ] GC(13) Eden regions: 47->0(48)
[2022-02-03T13:22:44.965-0300][gc,heap       ] GC(13) Survivor regions: 4->3(7)
[2022-02-03T13:22:44.965-0300][gc,heap       ] GC(13) Old regions: 15->15
[2022-02-03T13:22:44.965-0300][gc,heap       ] GC(13) Humongous regions: 129->129
[2022-02-03T13:22:44.965-0300][gc,metaspace  ] GC(13) Metaspace: 44471K->44471K(1089536K)
[2022-02-03T13:22:44.965-0300][gc            ] GC(13) Pause Young (Normal) (G1 Evacuation Pause) 192M->145M(1024M) 8,639ms
[2022-02-03T13:22:44.965-0300][gc,cpu        ] GC(13) User=0,02s Sys=0,00s Real=0,01s
[2022-02-03T13:57:01.417-0300][gc,start      ] GC(14) Pause Young (Normal) (G1 Evacuation Pause)
[2022-02-03T13:57:01.417-0300][gc,task       ] GC(14) Using 4 workers of 4 for evacuation
[2022-02-03T13:57:01.448-0300][gc,mmu        ] GC(14) MMU target violated: 21,0ms (20,0ms/21,0ms)
[2022-02-03T13:57:01.448-0300][gc,phases     ] GC(14)   Pre Evacuate Collection Set: 0,1ms
[2022-02-03T13:57:01.448-0300][gc,phases     ] GC(14)   Evacuate Collection Set: 25,9ms
[2022-02-03T13:57:01.448-0300][gc,phases     ] GC(14)   Post Evacuate Collection Set: 4,2ms
[2022-02-03T13:57:01.448-0300][gc,phases     ] GC(14)   Other: 1,3ms
[2022-02-03T13:57:01.448-0300][gc,heap       ] GC(14) Eden regions: 48->0(47)
[2022-02-03T13:57:01.448-0300][gc,heap       ] GC(14) Survivor regions: 3->4(7)
[2022-02-03T13:57:01.449-0300][gc,heap       ] GC(14) Old regions: 15->15
[2022-02-03T13:57:01.449-0300][gc,heap       ] GC(14) Humongous regions: 129->129
[2022-02-03T13:57:01.449-0300][gc,metaspace  ] GC(14) Metaspace: 44702K->44702K(1089536K)
[2022-02-03T13:57:01.449-0300][gc            ] GC(14) Pause Young (Normal) (G1 Evacuation Pause) 193M->145M(1024M) 31,892ms
[2022-02-03T13:57:01.449-0300][gc,cpu        ] GC(14) User=0,08s Sys=0,00s Real=0,03s
[2022-02-03T14:26:30.959-0300][gc,start      ] GC(15) Pause Young (Normal) (G1 Evacuation Pause)
[2022-02-03T14:26:30.959-0300][gc,task       ] GC(15) Using 4 workers of 4 for evacuation
[2022-02-03T14:26:30.980-0300][gc,mmu        ] GC(15) MMU target violated: 20,9ms (20,0ms/21,0ms)
[2022-02-03T14:26:30.980-0300][gc,phases     ] GC(15)   Pre Evacuate Collection Set: 0,0ms
[2022-02-03T14:26:30.980-0300][gc,phases     ] GC(15)   Evacuate Collection Set: 18,9ms
[2022-02-03T14:26:30.980-0300][gc,phases     ] GC(15)   Post Evacuate Collection Set: 1,9ms
[2022-02-03T14:26:30.980-0300][gc,phases     ] GC(15)   Other: 0,4ms
[2022-02-03T14:26:30.980-0300][gc,heap       ] GC(15) Eden regions: 47->0(46)
[2022-02-03T14:26:30.980-0300][gc,heap       ] GC(15) Survivor regions: 4->5(7)
[2022-02-03T14:26:30.980-0300][gc,heap       ] GC(15) Old regions: 15->15
[2022-02-03T14:26:30.980-0300][gc,heap       ] GC(15) Humongous regions: 129->129
[2022-02-03T14:26:30.980-0300][gc,metaspace  ] GC(15) Metaspace: 44912K->44912K(1089536K)
[2022-02-03T14:26:30.980-0300][gc            ] GC(15) Pause Young (Normal) (G1 Evacuation Pause) 192M->146M(1024M) 21,376ms
[2022-02-03T14:26:30.980-0300][gc,cpu        ] GC(15) User=0,07s Sys=0,00s Real=0,02s
[2022-02-03T15:02:47.297-0300][gc,start      ] GC(16) Pause Young (Normal) (G1 Evacuation Pause)
[2022-02-03T15:02:47.297-0300][gc,task       ] GC(16) Using 4 workers of 4 for evacuation
[2022-02-03T15:02:47.330-0300][gc,mmu        ] GC(16) MMU target violated: 21,0ms (20,0ms/21,0ms)
[2022-02-03T15:02:47.330-0300][gc,phases     ] GC(16)   Pre Evacuate Collection Set: 0,2ms
[2022-02-03T15:02:47.330-0300][gc,phases     ] GC(16)   Evacuate Collection Set: 29,4ms
[2022-02-03T15:02:47.330-0300][gc,phases     ] GC(16)   Post Evacuate Collection Set: 3,0ms
[2022-02-03T15:02:47.330-0300][gc,phases     ] GC(16)   Other: 0,6ms
[2022-02-03T15:02:47.330-0300][gc,heap       ] GC(16) Eden regions: 46->0(49)
[2022-02-03T15:02:47.330-0300][gc,heap       ] GC(16) Survivor regions: 5->2(7)
[2022-02-03T15:02:47.330-0300][gc,heap       ] GC(16) Old regions: 15->17
[2022-02-03T15:02:47.330-0300][gc,heap       ] GC(16) Humongous regions: 129->129
[2022-02-03T15:02:47.330-0300][gc,metaspace  ] GC(16) Metaspace: 44912K->44912K(1089536K)
[2022-02-03T15:02:47.331-0300][gc            ] GC(16) Pause Young (Normal) (G1 Evacuation Pause) 192M->146M(1024M) 33,503ms
[2022-02-03T15:02:47.331-0300][gc,cpu        ] GC(16) User=0,06s Sys=0,00s Real=0,03s
[2022-02-03T15:41:31.417-0300][gc,start      ] GC(17) Pause Young (Normal) (G1 Evacuation Pause)
[2022-02-03T15:41:31.418-0300][gc,task       ] GC(17) Using 4 workers of 4 for evacuation
[2022-02-03T15:41:31.450-0300][gc,mmu        ] GC(17) MMU target violated: 21,0ms (20,0ms/21,0ms)
[2022-02-03T15:41:31.450-0300][gc,phases     ] GC(17)   Pre Evacuate Collection Set: 0,5ms
[2022-02-03T15:41:31.450-0300][gc,phases     ] GC(17)   Evacuate Collection Set: 20,9ms
[2022-02-03T15:41:31.450-0300][gc,phases     ] GC(17)   Post Evacuate Collection Set: 9,9ms
[2022-02-03T15:41:31.450-0300][gc,phases     ] GC(17)   Other: 2,3ms
[2022-02-03T15:41:31.450-0300][gc,heap       ] GC(17) Eden regions: 49->0(49)
[2022-02-03T15:41:31.450-0300][gc,heap       ] GC(17) Survivor regions: 2->2(7)
[2022-02-03T15:41:31.450-0300][gc,heap       ] GC(17) Old regions: 17->17
[2022-02-03T15:41:31.450-0300][gc,heap       ] GC(17) Humongous regions: 129->129
[2022-02-03T15:41:31.450-0300][gc,metaspace  ] GC(17) Metaspace: 44927K->44927K(1089536K)
[2022-02-03T15:41:31.450-0300][gc            ] GC(17) Pause Young (Normal) (G1 Evacuation Pause) 195M->146M(1024M) 33,621ms
[2022-02-03T15:41:31.450-0300][gc,cpu        ] GC(17) User=0,03s Sys=0,00s Real=0,03s
[2022-02-03T16:20:22.823-0300][gc,start      ] GC(18) Pause Young (Normal) (G1 Evacuation Pause)
[2022-02-03T16:20:22.823-0300][gc,task       ] GC(18) Using 4 workers of 4 for evacuation
[2022-02-03T16:20:22.830-0300][gc,phases     ] GC(18)   Pre Evacuate Collection Set: 0,0ms
[2022-02-03T16:20:22.830-0300][gc,phases     ] GC(18)   Evacuate Collection Set: 4,2ms
[2022-02-03T16:20:22.830-0300][gc,phases     ] GC(18)   Post Evacuate Collection Set: 2,2ms
[2022-02-03T16:20:22.830-0300][gc,phases     ] GC(18)   Other: 0,3ms
[2022-02-03T16:20:22.830-0300][gc,heap       ] GC(18) Eden regions: 49->0(49)
[2022-02-03T16:20:22.830-0300][gc,heap       ] GC(18) Survivor regions: 2->2(7)
[2022-02-03T16:20:22.830-0300][gc,heap       ] GC(18) Old regions: 17->17
[2022-02-03T16:20:22.830-0300][gc,heap       ] GC(18) Humongous regions: 129->129
[2022-02-03T16:20:22.830-0300][gc,metaspace  ] GC(18) Metaspace: 44930K->44930K(1089536K)
[2022-02-03T16:20:22.830-0300][gc            ] GC(18) Pause Young (Normal) (G1 Evacuation Pause) 195M->146M(1024M) 6,945ms
[2022-02-03T16:20:22.830-0300][gc,cpu        ] GC(18) User=0,01s Sys=0,00s Real=0,01s
[2022-02-03T16:59:01.384-0300][gc,start      ] GC(19) Pause Young (Normal) (G1 Evacuation Pause)
[2022-02-03T16:59:01.385-0300][gc,task       ] GC(19) Using 4 workers of 4 for evacuation
[2022-02-03T16:59:01.399-0300][gc,phases     ] GC(19)   Pre Evacuate Collection Set: 0,1ms
[2022-02-03T16:59:01.399-0300][gc,phases     ] GC(19)   Evacuate Collection Set: 10,9ms
[2022-02-03T16:59:01.399-0300][gc,phases     ] GC(19)   Post Evacuate Collection Set: 2,8ms
[2022-02-03T16:59:01.399-0300][gc,phases     ] GC(19)   Other: 0,5ms
[2022-02-03T16:59:01.399-0300][gc,heap       ] GC(19) Eden regions: 49->0(49)
[2022-02-03T16:59:01.399-0300][gc,heap       ] GC(19) Survivor regions: 2->2(7)
[2022-02-03T16:59:01.399-0300][gc,heap       ] GC(19) Old regions: 17->17
[2022-02-03T16:59:01.399-0300][gc,heap       ] GC(19) Humongous regions: 129->129
[2022-02-03T16:59:01.399-0300][gc,metaspace  ] GC(19) Metaspace: 44936K->44936K(1089536K)
[2022-02-03T16:59:01.399-0300][gc            ] GC(19) Pause Young (Normal) (G1 Evacuation Pause) 195M->146M(1024M) 14,451ms
[2022-02-03T16:59:01.399-0300][gc,cpu        ] GC(19) User=0,05s Sys=0,00s Real=0,02s
[2022-02-03T17:28:51.417-0300][gc,start      ] GC(20) Pause Young (Normal) (G1 Evacuation Pause)
[2022-02-03T17:28:51.417-0300][gc,task       ] GC(20) Using 4 workers of 4 for evacuation
[2022-02-03T17:28:51.434-0300][gc,phases     ] GC(20)   Pre Evacuate Collection Set: 0,0ms
[2022-02-03T17:28:51.434-0300][gc,phases     ] GC(20)   Evacuate Collection Set: 13,4ms
[2022-02-03T17:28:51.434-0300][gc,phases     ] GC(20)   Post Evacuate Collection Set: 3,1ms
[2022-02-03T17:28:51.434-0300][gc,phases     ] GC(20)   Other: 0,5ms
[2022-02-03T17:28:51.434-0300][gc,heap       ] GC(20) Eden regions: 49->0(50)
[2022-02-03T17:28:51.434-0300][gc,heap       ] GC(20) Survivor regions: 2->3(7)
[2022-02-03T17:28:51.434-0300][gc,heap       ] GC(20) Old regions: 17->17
[2022-02-03T17:28:51.434-0300][gc,heap       ] GC(20) Humongous regions: 129->129
[2022-02-03T17:28:51.434-0300][gc,metaspace  ] GC(20) Metaspace: 45115K->45115K(1089536K)
[2022-02-03T17:28:51.435-0300][gc            ] GC(20) Pause Young (Normal) (G1 Evacuation Pause) 195M->146M(1024M) 17,448ms
[2022-02-03T17:28:51.435-0300][gc,cpu        ] GC(20) User=0,05s Sys=0,00s Real=0,02s
[2022-02-03T18:00:01.547-0300][gc,start      ] GC(21) Pause Young (Normal) (G1 Evacuation Pause)
[2022-02-03T18:00:01.547-0300][gc,task       ] GC(21) Using 4 workers of 4 for evacuation
[2022-02-03T18:00:01.570-0300][gc,mmu        ] GC(21) MMU target violated: 21,0ms (20,0ms/21,0ms)
[2022-02-03T18:00:01.570-0300][gc,phases     ] GC(21)   Pre Evacuate Collection Set: 0,0ms
[2022-02-03T18:00:01.570-0300][gc,phases     ] GC(21)   Evacuate Collection Set: 20,8ms
[2022-02-03T18:00:01.570-0300][gc,phases     ] GC(21)   Post Evacuate Collection Set: 2,1ms
[2022-02-03T18:00:01.570-0300][gc,phases     ] GC(21)   Other: 0,4ms
[2022-02-03T18:00:01.570-0300][gc,heap       ] GC(21) Eden regions: 50->0(50)
[2022-02-03T18:00:01.570-0300][gc,heap       ] GC(21) Survivor regions: 3->4(7)
[2022-02-03T18:00:01.570-0300][gc,heap       ] GC(21) Old regions: 17->17
[2022-02-03T18:00:01.570-0300][gc,heap       ] GC(21) Humongous regions: 129->129
[2022-02-03T18:00:01.570-0300][gc,metaspace  ] GC(21) Metaspace: 45274K->45274K(1089536K)
[2022-02-03T18:00:01.570-0300][gc            ] GC(21) Pause Young (Normal) (G1 Evacuation Pause) 196M->147M(1024M) 23,457ms
[2022-02-03T18:00:01.570-0300][gc,cpu        ] GC(21) User=0,07s Sys=0,00s Real=0,02s
[2022-02-03T18:30:47.138-0300][gc,start      ] GC(22) Pause Young (Normal) (G1 Evacuation Pause)
[2022-02-03T18:30:47.138-0300][gc,task       ] GC(22) Using 4 workers of 4 for evacuation
[2022-02-03T18:30:47.156-0300][gc,phases     ] GC(22)   Pre Evacuate Collection Set: 0,0ms
[2022-02-03T18:30:47.156-0300][gc,phases     ] GC(22)   Evacuate Collection Set: 15,8ms
[2022-02-03T18:30:47.156-0300][gc,phases     ] GC(22)   Post Evacuate Collection Set: 1,9ms
[2022-02-03T18:30:47.156-0300][gc,phases     ] GC(22)   Other: 0,3ms
[2022-02-03T18:30:47.156-0300][gc,heap       ] GC(22) Eden regions: 48->0(51)
[2022-02-03T18:30:47.156-0300][gc,heap       ] GC(22) Survivor regions: 4->4(7)
[2022-02-03T18:30:47.156-0300][gc,heap       ] GC(22) Old regions: 17->17
[2022-02-03T18:30:47.156-0300][gc,heap       ] GC(22) Humongous regions: 129->129
[2022-02-03T18:30:47.156-0300][gc,metaspace  ] GC(22) Metaspace: 46056K->46056K(1091584K)
[2022-02-03T18:30:47.156-0300][gc            ] GC(22) Pause Young (Normal) (G1 Evacuation Pause) 195M->147M(1024M) 18,141ms
[2022-02-03T18:30:47.156-0300][gc,cpu        ] GC(22) User=0,06s Sys=0,00s Real=0,02s
[2022-02-03T18:30:47.173-0300][gc,heap,exit  ] Heap
[2022-02-03T18:30:47.173-0300][gc,heap,exit  ]  garbage-first heap   total 1048576K, used 151268K [0x00000000c0000000, 0x0000000100000000)
[2022-02-03T18:30:47.173-0300][gc,heap,exit  ]   region size 1024K, 5 young (5120K), 4 survivors (4096K)
[2022-02-03T18:30:47.173-0300][gc,heap,exit  ]  Metaspace       used 46091K, capacity 49140K, committed 49360K, reserved 1091584K
[2022-02-03T18:30:47.173-0300][gc,heap,exit  ]   class space    used 6271K, capacity 7668K, committed 7676K, reserved 1048576K
