[2022-02-03T08:40:06.281-0300][gc,heap] Heap region size: 1M
[2022-02-03T08:40:06.290-0300][gc     ] Using G1
[2022-02-03T08:40:06.290-0300][gc,heap,coops] Heap address: 0x00000000c0000000, size: 1024 MB, Compressed Oops mode: 32-bit
[2022-02-03T08:40:06.290-0300][gc,cds       ] Mark closed archive regions in map: [0x00000000fff00000, 0x00000000fff6aff8]
[2022-02-03T08:40:06.291-0300][gc,cds       ] Mark open archive regions in map: [0x00000000ffe00000, 0x00000000ffe46ff8]
[2022-02-03T08:40:07.317-0300][gc,start     ] GC(0) Pause Young (Normal) (G1 Evacuation Pause)
[2022-02-03T08:40:07.318-0300][gc,task      ] GC(0) Using 4 workers of 4 for evacuation
[2022-02-03T08:40:07.329-0300][gc,phases    ] GC(0)   Pre Evacuate Collection Set: 0,0ms
[2022-02-03T08:40:07.329-0300][gc,phases    ] GC(0)   Evacuate Collection Set: 10,9ms
[2022-02-03T08:40:07.329-0300][gc,phases    ] GC(0)   Post Evacuate Collection Set: 0,4ms
[2022-02-03T08:40:07.329-0300][gc,phases    ] GC(0)   Other: 0,4ms
[2022-02-03T08:40:07.329-0300][gc,heap      ] GC(0) Eden regions: 51->0(44)
[2022-02-03T08:40:07.329-0300][gc,heap      ] GC(0) Survivor regions: 0->7(7)
[2022-02-03T08:40:07.329-0300][gc,heap      ] GC(0) Old regions: 2->2
[2022-02-03T08:40:07.329-0300][gc,heap      ] GC(0) Humongous regions: 0->0
[2022-02-03T08:40:07.329-0300][gc,metaspace ] GC(0) Metaspace: 15074K->15074K(1062912K)
[2022-02-03T08:40:07.329-0300][gc           ] GC(0) Pause Young (Normal) (G1 Evacuation Pause) 51M->7M(1024M) 11,751ms
[2022-02-03T08:40:07.329-0300][gc,cpu       ] GC(0) User=0,03s Sys=0,00s Real=0,01s
[2022-02-03T08:40:07.737-0300][gc,start     ] GC(1) Pause Young (Concurrent Start) (Metadata GC Threshold)
[2022-02-03T08:40:07.737-0300][gc,task      ] GC(1) Using 4 workers of 4 for evacuation
[2022-02-03T08:40:07.746-0300][gc,phases    ] GC(1)   Pre Evacuate Collection Set: 0,0ms
[2022-02-03T08:40:07.746-0300][gc,phases    ] GC(1)   Evacuate Collection Set: 8,8ms
[2022-02-03T08:40:07.746-0300][gc,phases    ] GC(1)   Post Evacuate Collection Set: 0,4ms
[2022-02-03T08:40:07.746-0300][gc,phases    ] GC(1)   Other: 0,2ms
[2022-02-03T08:40:07.746-0300][gc,heap      ] GC(1) Eden regions: 22->0(50)
[2022-02-03T08:40:07.746-0300][gc,heap      ] GC(1) Survivor regions: 7->1(7)
[2022-02-03T08:40:07.746-0300][gc,heap      ] GC(1) Old regions: 2->9
[2022-02-03T08:40:07.746-0300][gc,heap      ] GC(1) Humongous regions: 0->0
[2022-02-03T08:40:07.746-0300][gc,metaspace ] GC(1) Metaspace: 20445K->20445K(1067008K)
[2022-02-03T08:40:07.746-0300][gc           ] GC(1) Pause Young (Concurrent Start) (Metadata GC Threshold) 29M->8M(1024M) 9,463ms
[2022-02-03T08:40:07.746-0300][gc,cpu       ] GC(1) User=0,03s Sys=0,00s Real=0,01s
[2022-02-03T08:40:07.746-0300][gc           ] GC(2) Concurrent Cycle
[2022-02-03T08:40:07.746-0300][gc,marking   ] GC(2) Concurrent Clear Claimed Marks
[2022-02-03T08:40:07.746-0300][gc,marking   ] GC(2) Concurrent Clear Claimed Marks 0,038ms
[2022-02-03T08:40:07.746-0300][gc,marking   ] GC(2) Concurrent Scan Root Regions
[2022-02-03T08:40:07.747-0300][gc,marking   ] GC(2) Concurrent Scan Root Regions 0,787ms
[2022-02-03T08:40:07.747-0300][gc,marking   ] GC(2) Concurrent Mark (1,487s)
[2022-02-03T08:40:07.747-0300][gc,marking   ] GC(2) Concurrent Mark From Roots
[2022-02-03T08:40:07.747-0300][gc,task      ] GC(2) Using 1 workers of 1 for marking
[2022-02-03T08:40:07.758-0300][gc,marking   ] GC(2) Concurrent Mark From Roots 11,391ms
[2022-02-03T08:40:07.758-0300][gc,marking   ] GC(2) Concurrent Preclean
[2022-02-03T08:40:07.758-0300][gc,marking   ] GC(2) Concurrent Preclean 0,117ms
[2022-02-03T08:40:07.758-0300][gc,marking   ] GC(2) Concurrent Mark (1,487s, 1,499s) 11,564ms
[2022-02-03T08:40:07.759-0300][gc,start     ] GC(2) Pause Remark
[2022-02-03T08:40:07.761-0300][gc,stringtable] GC(2) Cleaned string and symbol table, strings: 5208 processed, 0 removed, symbols: 50894 processed, 59 removed
[2022-02-03T08:40:07.762-0300][gc            ] GC(2) Pause Remark 8M->8M(1024M) 2,899ms
[2022-02-03T08:40:07.762-0300][gc,cpu        ] GC(2) User=0,01s Sys=0,00s Real=0,00s
[2022-02-03T08:40:07.762-0300][gc,marking    ] GC(2) Concurrent Rebuild Remembered Sets
[2022-02-03T08:40:07.767-0300][gc,marking    ] GC(2) Concurrent Rebuild Remembered Sets 4,985ms
[2022-02-03T08:40:07.767-0300][gc,start      ] GC(2) Pause Cleanup
[2022-02-03T08:40:07.767-0300][gc            ] GC(2) Pause Cleanup 9M->9M(1024M) 0,232ms
[2022-02-03T08:40:07.767-0300][gc,cpu        ] GC(2) User=0,00s Sys=0,00s Real=0,00s
[2022-02-03T08:40:07.767-0300][gc,marking    ] GC(2) Concurrent Cleanup for Next Mark
[2022-02-03T08:40:07.775-0300][gc,marking    ] GC(2) Concurrent Cleanup for Next Mark 8,016ms
[2022-02-03T08:40:07.775-0300][gc            ] GC(2) Concurrent Cycle 28,996ms
[2022-02-03T08:40:08.514-0300][gc,start      ] GC(3) Pause Young (Normal) (GCLocker Initiated GC)
[2022-02-03T08:40:08.514-0300][gc,task       ] GC(3) Using 4 workers of 4 for evacuation
[2022-02-03T08:40:08.521-0300][gc,phases     ] GC(3)   Pre Evacuate Collection Set: 0,0ms
[2022-02-03T08:40:08.521-0300][gc,phases     ] GC(3)   Evacuate Collection Set: 6,9ms
[2022-02-03T08:40:08.521-0300][gc,phases     ] GC(3)   Post Evacuate Collection Set: 0,4ms
[2022-02-03T08:40:08.521-0300][gc,phases     ] GC(3)   Other: 0,1ms
[2022-02-03T08:40:08.521-0300][gc,heap       ] GC(3) Eden regions: 50->0(46)
[2022-02-03T08:40:08.521-0300][gc,heap       ] GC(3) Survivor regions: 1->5(7)
[2022-02-03T08:40:08.521-0300][gc,heap       ] GC(3) Old regions: 9->9
[2022-02-03T08:40:08.521-0300][gc,heap       ] GC(3) Humongous regions: 129->129
[2022-02-03T08:40:08.521-0300][gc,metaspace  ] GC(3) Metaspace: 29075K->29075K(1075200K)
[2022-02-03T08:40:08.521-0300][gc            ] GC(3) Pause Young (Normal) (GCLocker Initiated GC) 187M->140M(1024M) 7,501ms
[2022-02-03T08:40:08.521-0300][gc,cpu        ] GC(3) User=0,02s Sys=0,00s Real=0,00s
[2022-02-03T08:40:08.945-0300][gc,start      ] GC(4) Pause Young (Concurrent Start) (Metadata GC Threshold)
[2022-02-03T08:40:08.945-0300][gc,task       ] GC(4) Using 4 workers of 4 for evacuation
[2022-02-03T08:40:08.953-0300][gc,phases     ] GC(4)   Pre Evacuate Collection Set: 0,1ms
[2022-02-03T08:40:08.954-0300][gc,phases     ] GC(4)   Evacuate Collection Set: 7,5ms
[2022-02-03T08:40:08.954-0300][gc,phases     ] GC(4)   Post Evacuate Collection Set: 0,4ms
[2022-02-03T08:40:08.954-0300][gc,phases     ] GC(4)   Other: 0,2ms
[2022-02-03T08:40:08.954-0300][gc,heap       ] GC(4) Eden regions: 25->0(45)
[2022-02-03T08:40:08.954-0300][gc,heap       ] GC(4) Survivor regions: 5->6(7)
[2022-02-03T08:40:08.954-0300][gc,heap       ] GC(4) Old regions: 9->10
[2022-02-03T08:40:08.954-0300][gc,heap       ] GC(4) Humongous regions: 129->129
[2022-02-03T08:40:08.954-0300][gc,metaspace  ] GC(4) Metaspace: 34313K->34313K(1081344K)
[2022-02-03T08:40:08.954-0300][gc            ] GC(4) Pause Young (Concurrent Start) (Metadata GC Threshold) 164M->142M(1024M) 8,271ms
[2022-02-03T08:40:08.954-0300][gc,cpu        ] GC(4) User=0,02s Sys=0,00s Real=0,01s
[2022-02-03T08:40:08.954-0300][gc            ] GC(5) Concurrent Cycle
[2022-02-03T08:40:08.954-0300][gc,marking    ] GC(5) Concurrent Clear Claimed Marks
[2022-02-03T08:40:08.954-0300][gc,marking    ] GC(5) Concurrent Clear Claimed Marks 0,084ms
[2022-02-03T08:40:08.954-0300][gc,marking    ] GC(5) Concurrent Scan Root Regions
[2022-02-03T08:40:08.958-0300][gc,marking    ] GC(5) Concurrent Scan Root Regions 4,490ms
[2022-02-03T08:40:08.958-0300][gc,marking    ] GC(5) Concurrent Mark (2,698s)
[2022-02-03T08:40:08.958-0300][gc,marking    ] GC(5) Concurrent Mark From Roots
[2022-02-03T08:40:08.958-0300][gc,task       ] GC(5) Using 1 workers of 1 for marking
[2022-02-03T08:40:08.975-0300][gc,marking    ] GC(5) Concurrent Mark From Roots 17,070ms
[2022-02-03T08:40:08.975-0300][gc,marking    ] GC(5) Concurrent Preclean
[2022-02-03T08:40:08.975-0300][gc,marking    ] GC(5) Concurrent Preclean 0,096ms
[2022-02-03T08:40:08.976-0300][gc,marking    ] GC(5) Concurrent Mark (2,698s, 2,716s) 17,223ms
[2022-02-03T08:40:08.976-0300][gc,start      ] GC(5) Pause Remark
[2022-02-03T08:40:08.980-0300][gc,stringtable] GC(5) Cleaned string and symbol table, strings: 10491 processed, 11 removed, symbols: 83494 processed, 17 removed
[2022-02-03T08:40:08.980-0300][gc            ] GC(5) Pause Remark 144M->144M(1024M) 3,974ms
[2022-02-03T08:40:08.980-0300][gc,cpu        ] GC(5) User=0,01s Sys=0,00s Real=0,00s
[2022-02-03T08:40:08.980-0300][gc,marking    ] GC(5) Concurrent Rebuild Remembered Sets
[2022-02-03T08:40:08.987-0300][gc,marking    ] GC(5) Concurrent Rebuild Remembered Sets 7,054ms
[2022-02-03T08:40:08.989-0300][gc,start      ] GC(5) Pause Cleanup
[2022-02-03T08:40:08.989-0300][gc            ] GC(5) Pause Cleanup 144M->144M(1024M) 0,221ms
[2022-02-03T08:40:08.989-0300][gc,cpu        ] GC(5) User=0,00s Sys=0,00s Real=0,00s
[2022-02-03T08:40:08.989-0300][gc,marking    ] GC(5) Concurrent Cleanup for Next Mark
[2022-02-03T08:40:09.008-0300][gc,marking    ] GC(5) Concurrent Cleanup for Next Mark 18,761ms
[2022-02-03T08:40:09.008-0300][gc            ] GC(5) Concurrent Cycle 54,196ms
[2022-02-03T08:58:42.872-0300][gc,start      ] GC(6) Pause Young (Normal) (G1 Evacuation Pause)
[2022-02-03T08:58:42.872-0300][gc,task       ] GC(6) Using 4 workers of 4 for evacuation
[2022-02-03T08:58:42.893-0300][gc,mmu        ] GC(6) MMU target violated: 21,0ms (20,0ms/21,0ms)
[2022-02-03T08:58:42.893-0300][gc,phases     ] GC(6)   Pre Evacuate Collection Set: 0,0ms
[2022-02-03T08:58:42.893-0300][gc,phases     ] GC(6)   Evacuate Collection Set: 18,4ms
[2022-02-03T08:58:42.893-0300][gc,phases     ] GC(6)   Post Evacuate Collection Set: 2,6ms
[2022-02-03T08:58:42.893-0300][gc,phases     ] GC(6)   Other: 0,3ms
[2022-02-03T08:58:42.893-0300][gc,heap       ] GC(6) Eden regions: 45->0(46)
[2022-02-03T08:58:42.893-0300][gc,heap       ] GC(6) Survivor regions: 6->5(7)
[2022-02-03T08:58:42.893-0300][gc,heap       ] GC(6) Old regions: 10->13
[2022-02-03T08:58:42.893-0300][gc,heap       ] GC(6) Humongous regions: 129->129
[2022-02-03T08:58:42.893-0300][gc,metaspace  ] GC(6) Metaspace: 40107K->40107K(1085440K)
[2022-02-03T08:58:42.893-0300][gc            ] GC(6) Pause Young (Normal) (G1 Evacuation Pause) 187M->144M(1024M) 21,355ms
[2022-02-03T08:58:42.893-0300][gc,cpu        ] GC(6) User=0,03s Sys=0,01s Real=0,03s
[2022-02-03T09:06:12.349-0300][gc,start      ] GC(7) Pause Young (Normal) (G1 Evacuation Pause)
[2022-02-03T09:06:12.349-0300][gc,task       ] GC(7) Using 4 workers of 4 for evacuation
[2022-02-03T09:06:12.378-0300][gc,mmu        ] GC(7) MMU target violated: 21,0ms (20,0ms/21,0ms)
[2022-02-03T09:06:12.378-0300][gc,phases     ] GC(7)   Pre Evacuate Collection Set: 0,0ms
[2022-02-03T09:06:12.378-0300][gc,phases     ] GC(7)   Evacuate Collection Set: 26,7ms
[2022-02-03T09:06:12.378-0300][gc,phases     ] GC(7)   Post Evacuate Collection Set: 1,7ms
[2022-02-03T09:06:12.378-0300][gc,phases     ] GC(7)   Other: 0,3ms
[2022-02-03T09:06:12.378-0300][gc,heap       ] GC(7) Eden regions: 46->0(45)
[2022-02-03T09:06:12.378-0300][gc,heap       ] GC(7) Survivor regions: 5->6(7)
[2022-02-03T09:06:12.378-0300][gc,heap       ] GC(7) Old regions: 13->15
[2022-02-03T09:06:12.378-0300][gc,heap       ] GC(7) Humongous regions: 129->129
[2022-02-03T09:06:12.378-0300][gc,metaspace  ] GC(7) Metaspace: 44377K->44377K(1089536K)
[2022-02-03T09:06:12.378-0300][gc            ] GC(7) Pause Young (Normal) (G1 Evacuation Pause) 190M->147M(1024M) 28,723ms
[2022-02-03T09:06:12.378-0300][gc,cpu        ] GC(7) User=0,05s Sys=0,00s Real=0,03s
[2022-02-03T09:17:46.199-0300][gc,start      ] GC(8) Pause Young (Normal) (G1 Evacuation Pause)
[2022-02-03T09:17:46.199-0300][gc,task       ] GC(8) Using 4 workers of 4 for evacuation
[2022-02-03T09:17:46.206-0300][gc,phases     ] GC(8)   Pre Evacuate Collection Set: 0,0ms
[2022-02-03T09:17:46.206-0300][gc,phases     ] GC(8)   Evacuate Collection Set: 6,9ms
[2022-02-03T09:17:46.206-0300][gc,phases     ] GC(8)   Post Evacuate Collection Set: 0,6ms
[2022-02-03T09:17:46.206-0300][gc,phases     ] GC(8)   Other: 0,1ms
[2022-02-03T09:17:46.206-0300][gc,heap       ] GC(8) Eden regions: 45->0(47)
[2022-02-03T09:17:46.206-0300][gc,heap       ] GC(8) Survivor regions: 6->4(7)
[2022-02-03T09:17:46.206-0300][gc,heap       ] GC(8) Old regions: 15->17
[2022-02-03T09:17:46.206-0300][gc,heap       ] GC(8) Humongous regions: 129->129
[2022-02-03T09:17:46.206-0300][gc,metaspace  ] GC(8) Metaspace: 45762K->45762K(1091584K)
[2022-02-03T09:17:46.206-0300][gc            ] GC(8) Pause Young (Normal) (G1 Evacuation Pause) 192M->147M(1024M) 7,756ms
[2022-02-03T09:17:46.206-0300][gc,cpu        ] GC(8) User=0,02s Sys=0,01s Real=0,01s
[2022-02-03T09:17:46.220-0300][gc,heap,exit  ] Heap
[2022-02-03T09:17:46.220-0300][gc,heap,exit  ]  garbage-first heap   total 1048576K, used 152273K [0x00000000c0000000, 0x0000000100000000)
[2022-02-03T09:17:46.220-0300][gc,heap,exit  ]   region size 1024K, 6 young (6144K), 4 survivors (4096K)
[2022-02-03T09:17:46.220-0300][gc,heap,exit  ]  Metaspace       used 45800K, capacity 48802K, committed 49024K, reserved 1091584K
[2022-02-03T09:17:46.220-0300][gc,heap,exit  ]   class space    used 6302K, capacity 7710K, committed 7808K, reserved 1048576K
