[2022-02-07T13:59:46.587-0300][gc,heap] Heap region size: 1M
[2022-02-07T13:59:46.597-0300][gc     ] Using G1
[2022-02-07T13:59:46.597-0300][gc,heap,coops] Heap address: 0x00000000c0000000, size: 1024 MB, Compressed Oops mode: 32-bit
[2022-02-07T13:59:46.597-0300][gc,cds       ] Mark closed archive regions in map: [0x00000000fff00000, 0x00000000fff6aff8]
[2022-02-07T13:59:46.597-0300][gc,cds       ] Mark open archive regions in map: [0x00000000ffe00000, 0x00000000ffe46ff8]
[2022-02-07T13:59:47.697-0300][gc,start     ] GC(0) Pause Young (Normal) (G1 Evacuation Pause)
[2022-02-07T13:59:47.697-0300][gc,task      ] GC(0) Using 4 workers of 4 for evacuation
[2022-02-07T13:59:47.718-0300][gc,mmu       ] GC(0) MMU target violated: 20,8ms (20,0ms/21,0ms)
[2022-02-07T13:59:47.718-0300][gc,phases    ] GC(0)   Pre Evacuate Collection Set: 0,0ms
[2022-02-07T13:59:47.718-0300][gc,phases    ] GC(0)   Evacuate Collection Set: 20,2ms
[2022-02-07T13:59:47.718-0300][gc,phases    ] GC(0)   Post Evacuate Collection Set: 0,5ms
[2022-02-07T13:59:47.718-0300][gc,phases    ] GC(0)   Other: 0,5ms
[2022-02-07T13:59:47.718-0300][gc,heap      ] GC(0) Eden regions: 51->0(44)
[2022-02-07T13:59:47.718-0300][gc,heap      ] GC(0) Survivor regions: 0->7(7)
[2022-02-07T13:59:47.718-0300][gc,heap      ] GC(0) Old regions: 2->2
[2022-02-07T13:59:47.718-0300][gc,heap      ] GC(0) Humongous regions: 0->0
[2022-02-07T13:59:47.718-0300][gc,metaspace ] GC(0) Metaspace: 15070K->15070K(1062912K)
[2022-02-07T13:59:47.718-0300][gc           ] GC(0) Pause Young (Normal) (G1 Evacuation Pause) 51M->7M(1024M) 21,259ms
[2022-02-07T13:59:47.718-0300][gc,cpu       ] GC(0) User=0,04s Sys=0,00s Real=0,03s
[2022-02-07T13:59:48.123-0300][gc,start     ] GC(1) Pause Young (Concurrent Start) (Metadata GC Threshold)
[2022-02-07T13:59:48.123-0300][gc,task      ] GC(1) Using 4 workers of 4 for evacuation
[2022-02-07T13:59:48.133-0300][gc,phases    ] GC(1)   Pre Evacuate Collection Set: 0,0ms
[2022-02-07T13:59:48.133-0300][gc,phases    ] GC(1)   Evacuate Collection Set: 10,1ms
[2022-02-07T13:59:48.133-0300][gc,phases    ] GC(1)   Post Evacuate Collection Set: 0,4ms
[2022-02-07T13:59:48.133-0300][gc,phases    ] GC(1)   Other: 0,2ms
[2022-02-07T13:59:48.133-0300][gc,heap      ] GC(1) Eden regions: 22->0(50)
[2022-02-07T13:59:48.133-0300][gc,heap      ] GC(1) Survivor regions: 7->1(7)
[2022-02-07T13:59:48.133-0300][gc,heap      ] GC(1) Old regions: 2->9
[2022-02-07T13:59:48.133-0300][gc,heap      ] GC(1) Humongous regions: 0->0
[2022-02-07T13:59:48.133-0300][gc,metaspace ] GC(1) Metaspace: 20448K->20448K(1067008K)
[2022-02-07T13:59:48.133-0300][gc           ] GC(1) Pause Young (Concurrent Start) (Metadata GC Threshold) 29M->8M(1024M) 10,744ms
[2022-02-07T13:59:48.133-0300][gc,cpu       ] GC(1) User=0,03s Sys=0,00s Real=0,01s
[2022-02-07T13:59:48.133-0300][gc           ] GC(2) Concurrent Cycle
[2022-02-07T13:59:48.133-0300][gc,marking   ] GC(2) Concurrent Clear Claimed Marks
[2022-02-07T13:59:48.133-0300][gc,marking   ] GC(2) Concurrent Clear Claimed Marks 0,047ms
[2022-02-07T13:59:48.133-0300][gc,marking   ] GC(2) Concurrent Scan Root Regions
[2022-02-07T13:59:48.134-0300][gc,marking   ] GC(2) Concurrent Scan Root Regions 0,910ms
[2022-02-07T13:59:48.134-0300][gc,marking   ] GC(2) Concurrent Mark (1,571s)
[2022-02-07T13:59:48.134-0300][gc,marking   ] GC(2) Concurrent Mark From Roots
[2022-02-07T13:59:48.134-0300][gc,task      ] GC(2) Using 1 workers of 1 for marking
[2022-02-07T13:59:48.145-0300][gc,marking   ] GC(2) Concurrent Mark From Roots 10,696ms
[2022-02-07T13:59:48.145-0300][gc,marking   ] GC(2) Concurrent Preclean
[2022-02-07T13:59:48.145-0300][gc,marking   ] GC(2) Concurrent Preclean 0,114ms
[2022-02-07T13:59:48.145-0300][gc,marking   ] GC(2) Concurrent Mark (1,571s, 1,582s) 10,865ms
[2022-02-07T13:59:48.145-0300][gc,start     ] GC(2) Pause Remark
[2022-02-07T13:59:48.148-0300][gc,stringtable] GC(2) Cleaned string and symbol table, strings: 5193 processed, 0 removed, symbols: 50894 processed, 59 removed
[2022-02-07T13:59:48.148-0300][gc            ] GC(2) Pause Remark 8M->8M(1024M) 3,112ms
[2022-02-07T13:59:48.148-0300][gc,cpu        ] GC(2) User=0,01s Sys=0,00s Real=0,00s
[2022-02-07T13:59:48.148-0300][gc,marking    ] GC(2) Concurrent Rebuild Remembered Sets
[2022-02-07T13:59:48.156-0300][gc,marking    ] GC(2) Concurrent Rebuild Remembered Sets 7,316ms
[2022-02-07T13:59:48.156-0300][gc,start      ] GC(2) Pause Cleanup
[2022-02-07T13:59:48.156-0300][gc            ] GC(2) Pause Cleanup 9M->9M(1024M) 0,243ms
[2022-02-07T13:59:48.156-0300][gc,cpu        ] GC(2) User=0,00s Sys=0,00s Real=0,00s
[2022-02-07T13:59:48.156-0300][gc,marking    ] GC(2) Concurrent Cleanup for Next Mark
[2022-02-07T13:59:48.166-0300][gc,marking    ] GC(2) Concurrent Cleanup for Next Mark 9,264ms
[2022-02-07T13:59:48.166-0300][gc            ] GC(2) Concurrent Cycle 32,251ms
[2022-02-07T13:59:49.004-0300][gc,start      ] GC(3) Pause Young (Normal) (G1 Evacuation Pause)
[2022-02-07T13:59:49.004-0300][gc,task       ] GC(3) Using 4 workers of 4 for evacuation
[2022-02-07T13:59:49.021-0300][gc,phases     ] GC(3)   Pre Evacuate Collection Set: 0,0ms
[2022-02-07T13:59:49.021-0300][gc,phases     ] GC(3)   Evacuate Collection Set: 16,7ms
[2022-02-07T13:59:49.021-0300][gc,phases     ] GC(3)   Post Evacuate Collection Set: 0,4ms
[2022-02-07T13:59:49.021-0300][gc,phases     ] GC(3)   Other: 0,2ms
[2022-02-07T13:59:49.021-0300][gc,heap       ] GC(3) Eden regions: 50->0(46)
[2022-02-07T13:59:49.021-0300][gc,heap       ] GC(3) Survivor regions: 1->5(7)
[2022-02-07T13:59:49.021-0300][gc,heap       ] GC(3) Old regions: 9->9
[2022-02-07T13:59:49.021-0300][gc,heap       ] GC(3) Humongous regions: 129->129
[2022-02-07T13:59:49.021-0300][gc,metaspace  ] GC(3) Metaspace: 29079K->29079K(1075200K)
[2022-02-07T13:59:49.021-0300][gc            ] GC(3) Pause Young (Normal) (G1 Evacuation Pause) 187M->140M(1024M) 17,486ms
[2022-02-07T13:59:49.021-0300][gc,cpu        ] GC(3) User=0,06s Sys=0,00s Real=0,02s
[2022-02-07T13:59:49.463-0300][gc,start      ] GC(4) Pause Young (Concurrent Start) (Metadata GC Threshold)
[2022-02-07T13:59:49.463-0300][gc,task       ] GC(4) Using 4 workers of 4 for evacuation
[2022-02-07T13:59:49.471-0300][gc,phases     ] GC(4)   Pre Evacuate Collection Set: 0,1ms
[2022-02-07T13:59:49.471-0300][gc,phases     ] GC(4)   Evacuate Collection Set: 7,5ms
[2022-02-07T13:59:49.471-0300][gc,phases     ] GC(4)   Post Evacuate Collection Set: 0,3ms
[2022-02-07T13:59:49.471-0300][gc,phases     ] GC(4)   Other: 0,2ms
[2022-02-07T13:59:49.471-0300][gc,heap       ] GC(4) Eden regions: 26->0(45)
[2022-02-07T13:59:49.471-0300][gc,heap       ] GC(4) Survivor regions: 5->6(7)
[2022-02-07T13:59:49.471-0300][gc,heap       ] GC(4) Old regions: 9->10
[2022-02-07T13:59:49.471-0300][gc,heap       ] GC(4) Humongous regions: 129->129
[2022-02-07T13:59:49.471-0300][gc,metaspace  ] GC(4) Metaspace: 34465K->34465K(1081344K)
[2022-02-07T13:59:49.471-0300][gc            ] GC(4) Pause Young (Concurrent Start) (Metadata GC Threshold) 165M->142M(1024M) 8,145ms
[2022-02-07T13:59:49.471-0300][gc,cpu        ] GC(4) User=0,02s Sys=0,00s Real=0,01s
[2022-02-07T13:59:49.471-0300][gc            ] GC(5) Concurrent Cycle
[2022-02-07T13:59:49.471-0300][gc,marking    ] GC(5) Concurrent Clear Claimed Marks
[2022-02-07T13:59:49.471-0300][gc,marking    ] GC(5) Concurrent Clear Claimed Marks 0,081ms
[2022-02-07T13:59:49.471-0300][gc,marking    ] GC(5) Concurrent Scan Root Regions
[2022-02-07T13:59:49.474-0300][gc,marking    ] GC(5) Concurrent Scan Root Regions 3,642ms
[2022-02-07T13:59:49.474-0300][gc,marking    ] GC(5) Concurrent Mark (2,911s)
[2022-02-07T13:59:49.474-0300][gc,marking    ] GC(5) Concurrent Mark From Roots
[2022-02-07T13:59:49.474-0300][gc,task       ] GC(5) Using 1 workers of 1 for marking
[2022-02-07T13:59:49.506-0300][gc,marking    ] GC(5) Concurrent Mark From Roots 31,922ms
[2022-02-07T13:59:49.506-0300][gc,marking    ] GC(5) Concurrent Preclean
[2022-02-07T13:59:49.507-0300][gc,marking    ] GC(5) Concurrent Preclean 0,092ms
[2022-02-07T13:59:49.507-0300][gc,marking    ] GC(5) Concurrent Mark (2,911s, 2,943s) 32,075ms
[2022-02-07T13:59:49.510-0300][gc,start      ] GC(5) Pause Remark
[2022-02-07T13:59:49.517-0300][gc,stringtable] GC(5) Cleaned string and symbol table, strings: 10499 processed, 12 removed, symbols: 84125 processed, 16 removed
[2022-02-07T13:59:49.518-0300][gc            ] GC(5) Pause Remark 145M->145M(1024M) 7,276ms
[2022-02-07T13:59:49.518-0300][gc,cpu        ] GC(5) User=0,02s Sys=0,00s Real=0,00s
[2022-02-07T13:59:49.518-0300][gc,marking    ] GC(5) Concurrent Rebuild Remembered Sets
[2022-02-07T13:59:49.534-0300][gc,marking    ] GC(5) Concurrent Rebuild Remembered Sets 16,280ms
[2022-02-07T13:59:49.537-0300][gc,start      ] GC(5) Pause Cleanup
[2022-02-07T13:59:49.538-0300][gc            ] GC(5) Pause Cleanup 146M->146M(1024M) 0,230ms
[2022-02-07T13:59:49.538-0300][gc,cpu        ] GC(5) User=0,00s Sys=0,00s Real=0,00s
[2022-02-07T13:59:49.538-0300][gc,marking    ] GC(5) Concurrent Cleanup for Next Mark
[2022-02-07T13:59:49.547-0300][gc,marking    ] GC(5) Concurrent Cleanup for Next Mark 9,143ms
[2022-02-07T13:59:49.547-0300][gc            ] GC(5) Concurrent Cycle 76,136ms
[2022-02-07T14:00:10.716-0300][gc,start      ] GC(6) Pause Young (Concurrent Start) (G1 Evacuation Pause)
[2022-02-07T14:00:10.716-0300][gc,task       ] GC(6) Using 4 workers of 4 for evacuation
[2022-02-07T14:00:10.744-0300][gc,mmu        ] GC(6) MMU target violated: 21,0ms (20,0ms/21,0ms)
[2022-02-07T14:00:10.744-0300][gc,phases     ] GC(6)   Pre Evacuate Collection Set: 0,2ms
[2022-02-07T14:00:10.744-0300][gc,phases     ] GC(6)   Evacuate Collection Set: 25,2ms
[2022-02-07T14:00:10.744-0300][gc,phases     ] GC(6)   Post Evacuate Collection Set: 2,6ms
[2022-02-07T14:00:10.744-0300][gc,phases     ] GC(6)   Other: 0,3ms
[2022-02-07T14:00:10.744-0300][gc,heap       ] GC(6) Eden regions: 45->0(46)
[2022-02-07T14:00:10.744-0300][gc,heap       ] GC(6) Survivor regions: 6->5(7)
[2022-02-07T14:00:10.744-0300][gc,heap       ] GC(6) Old regions: 10->13
[2022-02-07T14:00:10.744-0300][gc,heap       ] GC(6) Humongous regions: 129->129
[2022-02-07T14:00:10.744-0300][gc,metaspace  ] GC(6) Metaspace: 40524K->40524K(1085440K)
[2022-02-07T14:00:10.744-0300][gc            ] GC(6) Pause Young (Concurrent Start) (G1 Evacuation Pause) 187M->144M(1024M) 28,263ms
[2022-02-07T14:00:10.744-0300][gc,cpu        ] GC(6) User=0,03s Sys=0,00s Real=0,03s
[2022-02-07T14:00:10.744-0300][gc            ] GC(7) Concurrent Cycle
[2022-02-07T14:00:10.744-0300][gc,marking    ] GC(7) Concurrent Clear Claimed Marks
[2022-02-07T14:00:10.744-0300][gc,marking    ] GC(7) Concurrent Clear Claimed Marks 0,145ms
[2022-02-07T14:00:10.744-0300][gc,marking    ] GC(7) Concurrent Scan Root Regions
[2022-02-07T14:00:10.750-0300][gc,marking    ] GC(7) Concurrent Scan Root Regions 6,151ms
[2022-02-07T14:00:10.750-0300][gc,marking    ] GC(7) Concurrent Mark (24,187s)
[2022-02-07T14:00:10.750-0300][gc,marking    ] GC(7) Concurrent Mark From Roots
[2022-02-07T14:00:10.750-0300][gc,task       ] GC(7) Using 1 workers of 1 for marking
[2022-02-07T14:00:10.804-0300][gc,marking    ] GC(7) Concurrent Mark From Roots 53,150ms
[2022-02-07T14:00:10.804-0300][gc,marking    ] GC(7) Concurrent Preclean
[2022-02-07T14:00:10.804-0300][gc,marking    ] GC(7) Concurrent Preclean 0,135ms
[2022-02-07T14:00:10.804-0300][gc,marking    ] GC(7) Concurrent Mark (24,187s, 24,240s) 53,339ms
[2022-02-07T14:00:10.804-0300][gc,start      ] GC(7) Pause Remark
[2022-02-07T14:00:10.810-0300][gc,stringtable] GC(7) Cleaned string and symbol table, strings: 11944 processed, 1 removed, symbols: 89922 processed, 5 removed
[2022-02-07T14:00:10.811-0300][gc            ] GC(7) Pause Remark 145M->145M(1024M) 6,645ms
[2022-02-07T14:00:10.811-0300][gc,cpu        ] GC(7) User=0,01s Sys=0,00s Real=0,01s
[2022-02-07T14:00:10.811-0300][gc,marking    ] GC(7) Concurrent Rebuild Remembered Sets
[2022-02-07T14:00:10.845-0300][gc,marking    ] GC(7) Concurrent Rebuild Remembered Sets 34,250ms
[2022-02-07T14:00:10.846-0300][gc,start      ] GC(7) Pause Cleanup
[2022-02-07T14:00:10.846-0300][gc            ] GC(7) Pause Cleanup 146M->146M(1024M) 0,250ms
[2022-02-07T14:00:10.846-0300][gc,cpu        ] GC(7) User=0,00s Sys=0,00s Real=0,00s
[2022-02-07T14:00:10.847-0300][gc,marking    ] GC(7) Concurrent Cleanup for Next Mark
[2022-02-07T14:00:10.851-0300][gc,marking    ] GC(7) Concurrent Cleanup for Next Mark 4,108ms
[2022-02-07T14:00:10.851-0300][gc            ] GC(7) Concurrent Cycle 106,785ms
[2022-02-07T14:04:06.988-0300][gc,start      ] GC(8) Pause Young (Normal) (G1 Evacuation Pause)
[2022-02-07T14:04:06.988-0300][gc,task       ] GC(8) Using 4 workers of 4 for evacuation
[2022-02-07T14:04:07.000-0300][gc,phases     ] GC(8)   Pre Evacuate Collection Set: 0,0ms
[2022-02-07T14:04:07.000-0300][gc,phases     ] GC(8)   Evacuate Collection Set: 11,3ms
[2022-02-07T14:04:07.000-0300][gc,phases     ] GC(8)   Post Evacuate Collection Set: 0,6ms
[2022-02-07T14:04:07.000-0300][gc,phases     ] GC(8)   Other: 0,2ms
[2022-02-07T14:04:07.000-0300][gc,heap       ] GC(8) Eden regions: 46->0(45)
[2022-02-07T14:04:07.000-0300][gc,heap       ] GC(8) Survivor regions: 5->6(7)
[2022-02-07T14:04:07.000-0300][gc,heap       ] GC(8) Old regions: 13->15
[2022-02-07T14:04:07.000-0300][gc,heap       ] GC(8) Humongous regions: 129->129
[2022-02-07T14:04:07.000-0300][gc,metaspace  ] GC(8) Metaspace: 44065K->44065K(1089536K)
[2022-02-07T14:04:07.000-0300][gc            ] GC(8) Pause Young (Normal) (G1 Evacuation Pause) 190M->147M(1024M) 12,139ms
[2022-02-07T14:04:07.000-0300][gc,cpu        ] GC(8) User=0,03s Sys=0,00s Real=0,02s
[2022-02-07T14:09:58.263-0300][gc,start      ] GC(9) Pause Young (Normal) (G1 Evacuation Pause)
[2022-02-07T14:09:58.263-0300][gc,task       ] GC(9) Using 4 workers of 4 for evacuation
[2022-02-07T14:09:58.310-0300][gc,mmu        ] GC(9) MMU target violated: 21,0ms (20,0ms/21,0ms)
[2022-02-07T14:09:58.310-0300][gc,phases     ] GC(9)   Pre Evacuate Collection Set: 0,1ms
[2022-02-07T14:09:58.310-0300][gc,phases     ] GC(9)   Evacuate Collection Set: 44,8ms
[2022-02-07T14:09:58.310-0300][gc,phases     ] GC(9)   Post Evacuate Collection Set: 1,0ms
[2022-02-07T14:09:58.310-0300][gc,phases     ] GC(9)   Other: 0,9ms
[2022-02-07T14:09:58.310-0300][gc,heap       ] GC(9) Eden regions: 45->0(47)
[2022-02-07T14:09:58.310-0300][gc,heap       ] GC(9) Survivor regions: 6->4(7)
[2022-02-07T14:09:58.310-0300][gc,heap       ] GC(9) Old regions: 15->17
[2022-02-07T14:09:58.310-0300][gc,heap       ] GC(9) Humongous regions: 129->129
[2022-02-07T14:09:58.310-0300][gc,metaspace  ] GC(9) Metaspace: 44492K->44492K(1089536K)
[2022-02-07T14:09:58.310-0300][gc            ] GC(9) Pause Young (Normal) (G1 Evacuation Pause) 192M->147M(1024M) 46,894ms
[2022-02-07T14:09:58.310-0300][gc,cpu        ] GC(9) User=0,09s Sys=0,00s Real=0,04s
[2022-02-07T14:15:55.455-0300][gc,start      ] GC(10) Pause Young (Normal) (G1 Evacuation Pause)
[2022-02-07T14:15:55.455-0300][gc,task       ] GC(10) Using 4 workers of 4 for evacuation
[2022-02-07T14:15:55.476-0300][gc,mmu        ] GC(10) MMU target violated: 20,7ms (20,0ms/21,0ms)
[2022-02-07T14:15:55.476-0300][gc,phases     ] GC(10)   Pre Evacuate Collection Set: 0,1ms
[2022-02-07T14:15:55.476-0300][gc,phases     ] GC(10)   Evacuate Collection Set: 19,6ms
[2022-02-07T14:15:55.476-0300][gc,phases     ] GC(10)   Post Evacuate Collection Set: 0,8ms
[2022-02-07T14:15:55.476-0300][gc,phases     ] GC(10)   Other: 0,5ms
[2022-02-07T14:15:55.476-0300][gc,heap       ] GC(10) Eden regions: 47->0(47)
[2022-02-07T14:15:55.476-0300][gc,heap       ] GC(10) Survivor regions: 4->4(7)
[2022-02-07T14:15:55.476-0300][gc,heap       ] GC(10) Old regions: 17->17
[2022-02-07T14:15:55.476-0300][gc,heap       ] GC(10) Humongous regions: 129->129
[2022-02-07T14:15:55.476-0300][gc,metaspace  ] GC(10) Metaspace: 45111K->45111K(1089536K)
[2022-02-07T14:15:55.476-0300][gc            ] GC(10) Pause Young (Normal) (G1 Evacuation Pause) 194M->148M(1024M) 21,148ms
[2022-02-07T14:15:55.476-0300][gc,cpu        ] GC(10) User=0,06s Sys=0,00s Real=0,02s
[2022-02-07T14:21:59.136-0300][gc,start      ] GC(11) Pause Young (Normal) (G1 Evacuation Pause)
[2022-02-07T14:21:59.136-0300][gc,task       ] GC(11) Using 4 workers of 4 for evacuation
[2022-02-07T14:21:59.151-0300][gc,phases     ] GC(11)   Pre Evacuate Collection Set: 0,1ms
[2022-02-07T14:21:59.151-0300][gc,phases     ] GC(11)   Evacuate Collection Set: 13,5ms
[2022-02-07T14:21:59.151-0300][gc,phases     ] GC(11)   Post Evacuate Collection Set: 1,5ms
[2022-02-07T14:21:59.151-0300][gc,phases     ] GC(11)   Other: 0,5ms
[2022-02-07T14:21:59.151-0300][gc,heap       ] GC(11) Eden regions: 47->0(47)
[2022-02-07T14:21:59.151-0300][gc,heap       ] GC(11) Survivor regions: 4->4(7)
[2022-02-07T14:21:59.151-0300][gc,heap       ] GC(11) Old regions: 17->17
[2022-02-07T14:21:59.151-0300][gc,heap       ] GC(11) Humongous regions: 129->129
[2022-02-07T14:21:59.151-0300][gc,metaspace  ] GC(11) Metaspace: 45190K->45190K(1089536K)
[2022-02-07T14:21:59.151-0300][gc            ] GC(11) Pause Young (Normal) (G1 Evacuation Pause) 195M->148M(1024M) 15,542ms
[2022-02-07T14:21:59.151-0300][gc,cpu        ] GC(11) User=0,03s Sys=0,00s Real=0,02s
[2022-02-07T14:28:06.874-0300][gc,start      ] GC(12) Pause Young (Normal) (G1 Evacuation Pause)
[2022-02-07T14:28:06.874-0300][gc,task       ] GC(12) Using 4 workers of 4 for evacuation
[2022-02-07T14:28:06.916-0300][gc,mmu        ] GC(12) MMU target violated: 21,0ms (20,0ms/21,0ms)
[2022-02-07T14:28:06.916-0300][gc,phases     ] GC(12)   Pre Evacuate Collection Set: 0,1ms
[2022-02-07T14:28:06.916-0300][gc,phases     ] GC(12)   Evacuate Collection Set: 38,8ms
[2022-02-07T14:28:06.916-0300][gc,phases     ] GC(12)   Post Evacuate Collection Set: 2,6ms
[2022-02-07T14:28:06.916-0300][gc,phases     ] GC(12)   Other: 0,6ms
[2022-02-07T14:28:06.916-0300][gc,heap       ] GC(12) Eden regions: 47->0(47)
[2022-02-07T14:28:06.916-0300][gc,heap       ] GC(12) Survivor regions: 4->4(7)
[2022-02-07T14:28:06.916-0300][gc,heap       ] GC(12) Old regions: 17->18
[2022-02-07T14:28:06.916-0300][gc,heap       ] GC(12) Humongous regions: 129->129
[2022-02-07T14:28:06.916-0300][gc,metaspace  ] GC(12) Metaspace: 45220K->45220K(1089536K)
[2022-02-07T14:28:06.916-0300][gc            ] GC(12) Pause Young (Normal) (G1 Evacuation Pause) 195M->148M(1024M) 42,212ms
[2022-02-07T14:28:06.916-0300][gc,cpu        ] GC(12) User=0,06s Sys=0,00s Real=0,04s
[2022-02-07T14:34:13.443-0300][gc,start      ] GC(13) Pause Young (Normal) (G1 Evacuation Pause)
[2022-02-07T14:34:13.443-0300][gc,task       ] GC(13) Using 4 workers of 4 for evacuation
[2022-02-07T14:34:13.486-0300][gc,mmu        ] GC(13) MMU target violated: 21,0ms (20,0ms/21,0ms)
[2022-02-07T14:34:13.486-0300][gc,phases     ] GC(13)   Pre Evacuate Collection Set: 0,1ms
[2022-02-07T14:34:13.486-0300][gc,phases     ] GC(13)   Evacuate Collection Set: 39,4ms
[2022-02-07T14:34:13.487-0300][gc,phases     ] GC(13)   Post Evacuate Collection Set: 3,3ms
[2022-02-07T14:34:13.487-0300][gc,phases     ] GC(13)   Other: 0,7ms
[2022-02-07T14:34:13.487-0300][gc,heap       ] GC(13) Eden regions: 47->0(47)
[2022-02-07T14:34:13.487-0300][gc,heap       ] GC(13) Survivor regions: 4->4(7)
[2022-02-07T14:34:13.487-0300][gc,heap       ] GC(13) Old regions: 18->18
[2022-02-07T14:34:13.487-0300][gc,heap       ] GC(13) Humongous regions: 129->129
[2022-02-07T14:34:13.487-0300][gc,metaspace  ] GC(13) Metaspace: 45241K->45241K(1089536K)
[2022-02-07T14:34:13.487-0300][gc            ] GC(13) Pause Young (Normal) (G1 Evacuation Pause) 195M->149M(1024M) 43,658ms
[2022-02-07T14:34:13.487-0300][gc,cpu        ] GC(13) User=0,07s Sys=0,00s Real=0,04s
[2022-02-07T14:40:16.177-0300][gc,start      ] GC(14) Pause Young (Normal) (G1 Evacuation Pause)
[2022-02-07T14:40:16.177-0300][gc,task       ] GC(14) Using 4 workers of 4 for evacuation
[2022-02-07T14:40:16.204-0300][gc,mmu        ] GC(14) MMU target violated: 21,0ms (20,0ms/21,0ms)
[2022-02-07T14:40:16.204-0300][gc,phases     ] GC(14)   Pre Evacuate Collection Set: 0,1ms
[2022-02-07T14:40:16.204-0300][gc,phases     ] GC(14)   Evacuate Collection Set: 24,5ms
[2022-02-07T14:40:16.204-0300][gc,phases     ] GC(14)   Post Evacuate Collection Set: 1,6ms
[2022-02-07T14:40:16.204-0300][gc,phases     ] GC(14)   Other: 0,7ms
[2022-02-07T14:40:16.204-0300][gc,heap       ] GC(14) Eden regions: 47->0(46)
[2022-02-07T14:40:16.204-0300][gc,heap       ] GC(14) Survivor regions: 4->5(7)
[2022-02-07T14:40:16.204-0300][gc,heap       ] GC(14) Old regions: 18->18
[2022-02-07T14:40:16.204-0300][gc,heap       ] GC(14) Humongous regions: 129->129
[2022-02-07T14:40:16.204-0300][gc,metaspace  ] GC(14) Metaspace: 45317K->45317K(1089536K)
[2022-02-07T14:40:16.204-0300][gc            ] GC(14) Pause Young (Normal) (G1 Evacuation Pause) 196M->149M(1024M) 26,930ms
[2022-02-07T14:40:16.204-0300][gc,cpu        ] GC(14) User=0,05s Sys=0,00s Real=0,03s
[2022-02-07T14:46:12.390-0300][gc,start      ] GC(15) Pause Young (Normal) (G1 Evacuation Pause)
[2022-02-07T14:46:12.390-0300][gc,task       ] GC(15) Using 4 workers of 4 for evacuation
[2022-02-07T14:46:12.405-0300][gc,phases     ] GC(15)   Pre Evacuate Collection Set: 0,0ms
[2022-02-07T14:46:12.405-0300][gc,phases     ] GC(15)   Evacuate Collection Set: 14,6ms
[2022-02-07T14:46:12.405-0300][gc,phases     ] GC(15)   Post Evacuate Collection Set: 0,6ms
[2022-02-07T14:46:12.405-0300][gc,phases     ] GC(15)   Other: 0,3ms
[2022-02-07T14:46:12.405-0300][gc,heap       ] GC(15) Eden regions: 46->0(48)
[2022-02-07T14:46:12.405-0300][gc,heap       ] GC(15) Survivor regions: 5->3(7)
[2022-02-07T14:46:12.405-0300][gc,heap       ] GC(15) Old regions: 18->19
[2022-02-07T14:46:12.405-0300][gc,heap       ] GC(15) Humongous regions: 129->129
[2022-02-07T14:46:12.405-0300][gc,metaspace  ] GC(15) Metaspace: 45342K->45342K(1089536K)
[2022-02-07T14:46:12.406-0300][gc            ] GC(15) Pause Young (Normal) (G1 Evacuation Pause) 195M->148M(1024M) 15,675ms
[2022-02-07T14:46:12.406-0300][gc,cpu        ] GC(15) User=0,02s Sys=0,00s Real=0,02s
[2022-02-07T14:52:23.931-0300][gc,start      ] GC(16) Pause Young (Normal) (G1 Evacuation Pause)
[2022-02-07T14:52:23.931-0300][gc,task       ] GC(16) Using 4 workers of 4 for evacuation
[2022-02-07T14:52:23.941-0300][gc,phases     ] GC(16)   Pre Evacuate Collection Set: 0,0ms
[2022-02-07T14:52:23.941-0300][gc,phases     ] GC(16)   Evacuate Collection Set: 9,4ms
[2022-02-07T14:52:23.941-0300][gc,phases     ] GC(16)   Post Evacuate Collection Set: 0,4ms
[2022-02-07T14:52:23.941-0300][gc,phases     ] GC(16)   Other: 0,3ms
[2022-02-07T14:52:23.941-0300][gc,heap       ] GC(16) Eden regions: 48->0(48)
[2022-02-07T14:52:23.941-0300][gc,heap       ] GC(16) Survivor regions: 3->3(7)
[2022-02-07T14:52:23.941-0300][gc,heap       ] GC(16) Old regions: 19->19
[2022-02-07T14:52:23.941-0300][gc,heap       ] GC(16) Humongous regions: 129->129
[2022-02-07T14:52:23.941-0300][gc,metaspace  ] GC(16) Metaspace: 45375K->45375K(1089536K)
[2022-02-07T14:52:23.941-0300][gc            ] GC(16) Pause Young (Normal) (G1 Evacuation Pause) 196M->148M(1024M) 10,142ms
[2022-02-07T14:52:23.941-0300][gc,cpu        ] GC(16) User=0,01s Sys=0,00s Real=0,01s
[2022-02-07T14:58:39.428-0300][gc,start      ] GC(17) Pause Young (Normal) (G1 Evacuation Pause)
[2022-02-07T14:58:39.428-0300][gc,task       ] GC(17) Using 4 workers of 4 for evacuation
[2022-02-07T14:58:39.441-0300][gc,phases     ] GC(17)   Pre Evacuate Collection Set: 0,1ms
[2022-02-07T14:58:39.441-0300][gc,phases     ] GC(17)   Evacuate Collection Set: 11,2ms
[2022-02-07T14:58:39.441-0300][gc,phases     ] GC(17)   Post Evacuate Collection Set: 0,4ms
[2022-02-07T14:58:39.441-0300][gc,phases     ] GC(17)   Other: 0,8ms
[2022-02-07T14:58:39.441-0300][gc,heap       ] GC(17) Eden regions: 48->0(50)
[2022-02-07T14:58:39.441-0300][gc,heap       ] GC(17) Survivor regions: 3->4(7)
[2022-02-07T14:58:39.441-0300][gc,heap       ] GC(17) Old regions: 19->19
[2022-02-07T14:58:39.441-0300][gc,heap       ] GC(17) Humongous regions: 129->129
[2022-02-07T14:58:39.441-0300][gc,metaspace  ] GC(17) Metaspace: 45411K->45411K(1089536K)
[2022-02-07T14:58:39.441-0300][gc            ] GC(17) Pause Young (Normal) (G1 Evacuation Pause) 196M->149M(1024M) 12,517ms
[2022-02-07T14:58:39.441-0300][gc,cpu        ] GC(17) User=0,02s Sys=0,00s Real=0,02s
[2022-02-07T15:04:41.608-0300][gc,start      ] GC(18) Pause Young (Normal) (G1 Evacuation Pause)
[2022-02-07T15:04:41.608-0300][gc,task       ] GC(18) Using 4 workers of 4 for evacuation
[2022-02-07T15:04:41.664-0300][gc,mmu        ] GC(18) MMU target violated: 21,0ms (20,0ms/21,0ms)
[2022-02-07T15:04:41.664-0300][gc,phases     ] GC(18)   Pre Evacuate Collection Set: 0,1ms
[2022-02-07T15:04:41.664-0300][gc,phases     ] GC(18)   Evacuate Collection Set: 54,1ms
[2022-02-07T15:04:41.664-0300][gc,phases     ] GC(18)   Post Evacuate Collection Set: 1,3ms
[2022-02-07T15:04:41.664-0300][gc,phases     ] GC(18)   Other: 0,8ms
[2022-02-07T15:04:41.664-0300][gc,heap       ] GC(18) Eden regions: 50->0(46)
[2022-02-07T15:04:41.664-0300][gc,heap       ] GC(18) Survivor regions: 4->5(7)
[2022-02-07T15:04:41.664-0300][gc,heap       ] GC(18) Old regions: 19->19
[2022-02-07T15:04:41.664-0300][gc,heap       ] GC(18) Humongous regions: 129->129
[2022-02-07T15:04:41.664-0300][gc,metaspace  ] GC(18) Metaspace: 45465K->45465K(1089536K)
[2022-02-07T15:04:41.664-0300][gc            ] GC(18) Pause Young (Normal) (G1 Evacuation Pause) 199M->150M(1024M) 56,257ms
[2022-02-07T15:04:41.664-0300][gc,cpu        ] GC(18) User=0,06s Sys=0,00s Real=0,06s
[2022-02-07T15:10:40.455-0300][gc,start      ] GC(19) Pause Young (Normal) (G1 Evacuation Pause)
[2022-02-07T15:10:40.455-0300][gc,task       ] GC(19) Using 4 workers of 4 for evacuation
[2022-02-07T15:10:40.492-0300][gc,mmu        ] GC(19) MMU target violated: 21,0ms (20,0ms/21,0ms)
[2022-02-07T15:10:40.493-0300][gc,phases     ] GC(19)   Pre Evacuate Collection Set: 0,0ms
[2022-02-07T15:10:40.493-0300][gc,phases     ] GC(19)   Evacuate Collection Set: 36,4ms
[2022-02-07T15:10:40.493-0300][gc,phases     ] GC(19)   Post Evacuate Collection Set: 0,9ms
[2022-02-07T15:10:40.493-0300][gc,phases     ] GC(19)   Other: 0,5ms
[2022-02-07T15:10:40.493-0300][gc,heap       ] GC(19) Eden regions: 46->0(47)
[2022-02-07T15:10:40.493-0300][gc,heap       ] GC(19) Survivor regions: 5->4(7)
[2022-02-07T15:10:40.493-0300][gc,heap       ] GC(19) Old regions: 19->20
[2022-02-07T15:10:40.493-0300][gc,heap       ] GC(19) Humongous regions: 129->129
[2022-02-07T15:10:40.493-0300][gc,metaspace  ] GC(19) Metaspace: 45471K->45471K(1089536K)
[2022-02-07T15:10:40.493-0300][gc            ] GC(19) Pause Young (Normal) (G1 Evacuation Pause) 196M->150M(1024M) 38,126ms
[2022-02-07T15:10:40.493-0300][gc,cpu        ] GC(19) User=0,05s Sys=0,00s Real=0,04s
[2022-02-07T15:16:48.955-0300][gc,start      ] GC(20) Pause Young (Normal) (G1 Evacuation Pause)
[2022-02-07T15:16:48.955-0300][gc,task       ] GC(20) Using 4 workers of 4 for evacuation
[2022-02-07T15:16:48.977-0300][gc,mmu        ] GC(20) MMU target violated: 21,0ms (20,0ms/21,0ms)
[2022-02-07T15:16:48.977-0300][gc,phases     ] GC(20)   Pre Evacuate Collection Set: 0,1ms
[2022-02-07T15:16:48.977-0300][gc,phases     ] GC(20)   Evacuate Collection Set: 20,4ms
[2022-02-07T15:16:48.977-0300][gc,phases     ] GC(20)   Post Evacuate Collection Set: 0,7ms
[2022-02-07T15:16:48.977-0300][gc,phases     ] GC(20)   Other: 0,4ms
[2022-02-07T15:16:48.977-0300][gc,heap       ] GC(20) Eden regions: 47->0(48)
[2022-02-07T15:16:48.977-0300][gc,heap       ] GC(20) Survivor regions: 4->3(7)
[2022-02-07T15:16:48.977-0300][gc,heap       ] GC(20) Old regions: 20->20
[2022-02-07T15:16:48.977-0300][gc,heap       ] GC(20) Humongous regions: 129->129
[2022-02-07T15:16:48.977-0300][gc,metaspace  ] GC(20) Metaspace: 45504K->45504K(1091584K)
[2022-02-07T15:16:48.977-0300][gc            ] GC(20) Pause Young (Normal) (G1 Evacuation Pause) 197M->149M(1024M) 21,613ms
[2022-02-07T15:16:48.977-0300][gc,cpu        ] GC(20) User=0,02s Sys=0,00s Real=0,02s
[2022-02-07T15:23:06.385-0300][gc,start      ] GC(21) Pause Young (Normal) (G1 Evacuation Pause)
[2022-02-07T15:23:06.385-0300][gc,task       ] GC(21) Using 4 workers of 4 for evacuation
[2022-02-07T15:23:06.410-0300][gc,mmu        ] GC(21) MMU target violated: 21,0ms (20,0ms/21,0ms)
[2022-02-07T15:23:06.410-0300][gc,phases     ] GC(21)   Pre Evacuate Collection Set: 0,0ms
[2022-02-07T15:23:06.410-0300][gc,phases     ] GC(21)   Evacuate Collection Set: 25,0ms
[2022-02-07T15:23:06.410-0300][gc,phases     ] GC(21)   Post Evacuate Collection Set: 0,4ms
[2022-02-07T15:23:06.410-0300][gc,phases     ] GC(21)   Other: 0,3ms
[2022-02-07T15:23:06.410-0300][gc,heap       ] GC(21) Eden regions: 48->0(48)
[2022-02-07T15:23:06.410-0300][gc,heap       ] GC(21) Survivor regions: 3->3(7)
[2022-02-07T15:23:06.410-0300][gc,heap       ] GC(21) Old regions: 20->20
[2022-02-07T15:23:06.410-0300][gc,heap       ] GC(21) Humongous regions: 129->129
[2022-02-07T15:23:06.410-0300][gc,metaspace  ] GC(21) Metaspace: 45512K->45512K(1091584K)
[2022-02-07T15:23:06.411-0300][gc            ] GC(21) Pause Young (Normal) (G1 Evacuation Pause) 197M->150M(1024M) 25,857ms
[2022-02-07T15:23:06.411-0300][gc,cpu        ] GC(21) User=0,02s Sys=0,01s Real=0,03s
[2022-02-07T15:29:23.775-0300][gc,start      ] GC(22) Pause Young (Normal) (G1 Evacuation Pause)
[2022-02-07T15:29:23.775-0300][gc,task       ] GC(22) Using 4 workers of 4 for evacuation
[2022-02-07T15:29:23.783-0300][gc,phases     ] GC(22)   Pre Evacuate Collection Set: 0,0ms
[2022-02-07T15:29:23.783-0300][gc,phases     ] GC(22)   Evacuate Collection Set: 7,9ms
[2022-02-07T15:29:23.783-0300][gc,phases     ] GC(22)   Post Evacuate Collection Set: 0,6ms
[2022-02-07T15:29:23.784-0300][gc,phases     ] GC(22)   Other: 0,3ms
[2022-02-07T15:29:23.784-0300][gc,heap       ] GC(22) Eden regions: 48->0(47)
[2022-02-07T15:29:23.784-0300][gc,heap       ] GC(22) Survivor regions: 3->4(7)
[2022-02-07T15:29:23.784-0300][gc,heap       ] GC(22) Old regions: 20->20
[2022-02-07T15:29:23.784-0300][gc,heap       ] GC(22) Humongous regions: 129->129
[2022-02-07T15:29:23.784-0300][gc,metaspace  ] GC(22) Metaspace: 45516K->45516K(1091584K)
[2022-02-07T15:29:23.784-0300][gc            ] GC(22) Pause Young (Normal) (G1 Evacuation Pause) 198M->150M(1024M) 9,038ms
[2022-02-07T15:29:23.784-0300][gc,cpu        ] GC(22) User=0,01s Sys=0,00s Real=0,01s
[2022-02-07T15:46:49.081-0300][gc,start      ] GC(23) Pause Young (Normal) (G1 Evacuation Pause)
[2022-02-07T15:46:49.081-0300][gc,task       ] GC(23) Using 4 workers of 4 for evacuation
[2022-02-07T15:46:49.100-0300][gc,phases     ] GC(23)   Pre Evacuate Collection Set: 0,0ms
[2022-02-07T15:46:49.100-0300][gc,phases     ] GC(23)   Evacuate Collection Set: 17,3ms
[2022-02-07T15:46:49.100-0300][gc,phases     ] GC(23)   Post Evacuate Collection Set: 1,1ms
[2022-02-07T15:46:49.100-0300][gc,phases     ] GC(23)   Other: 0,6ms
[2022-02-07T15:46:49.100-0300][gc,heap       ] GC(23) Eden regions: 47->0(47)
[2022-02-07T15:46:49.100-0300][gc,heap       ] GC(23) Survivor regions: 4->4(7)
[2022-02-07T15:46:49.100-0300][gc,heap       ] GC(23) Old regions: 20->20
[2022-02-07T15:46:49.100-0300][gc,heap       ] GC(23) Humongous regions: 129->129
[2022-02-07T15:46:49.100-0300][gc,metaspace  ] GC(23) Metaspace: 45558K->45558K(1091584K)
[2022-02-07T15:46:49.100-0300][gc            ] GC(23) Pause Young (Normal) (G1 Evacuation Pause) 197M->151M(1024M) 19,561ms
[2022-02-07T15:46:49.100-0300][gc,cpu        ] GC(23) User=0,06s Sys=0,00s Real=0,02s
[2022-02-07T16:22:05.455-0300][gc,start      ] GC(24) Pause Young (Normal) (G1 Evacuation Pause)
[2022-02-07T16:22:05.455-0300][gc,task       ] GC(24) Using 4 workers of 4 for evacuation
[2022-02-07T16:22:05.498-0300][gc,mmu        ] GC(24) MMU target violated: 21,0ms (20,0ms/21,0ms)
[2022-02-07T16:22:05.498-0300][gc,phases     ] GC(24)   Pre Evacuate Collection Set: 0,0ms
[2022-02-07T16:22:05.498-0300][gc,phases     ] GC(24)   Evacuate Collection Set: 32,0ms
[2022-02-07T16:22:05.498-0300][gc,phases     ] GC(24)   Post Evacuate Collection Set: 10,5ms
[2022-02-07T16:22:05.499-0300][gc,phases     ] GC(24)   Other: 0,8ms
[2022-02-07T16:22:05.499-0300][gc,heap       ] GC(24) Eden regions: 47->0(47)
[2022-02-07T16:22:05.499-0300][gc,heap       ] GC(24) Survivor regions: 4->4(7)
[2022-02-07T16:22:05.499-0300][gc,heap       ] GC(24) Old regions: 20->20
[2022-02-07T16:22:05.499-0300][gc,heap       ] GC(24) Humongous regions: 129->129
[2022-02-07T16:22:05.499-0300][gc,metaspace  ] GC(24) Metaspace: 45584K->45584K(1091584K)
[2022-02-07T16:22:05.499-0300][gc            ] GC(24) Pause Young (Normal) (G1 Evacuation Pause) 198M->151M(1024M) 43,662ms
[2022-02-07T16:22:05.499-0300][gc,cpu        ] GC(24) User=0,06s Sys=0,01s Real=0,05s
[2022-02-07T16:57:35.454-0300][gc,start      ] GC(25) Pause Young (Normal) (G1 Evacuation Pause)
[2022-02-07T16:57:35.454-0300][gc,task       ] GC(25) Using 4 workers of 4 for evacuation
[2022-02-07T16:57:35.459-0300][gc,phases     ] GC(25)   Pre Evacuate Collection Set: 0,0ms
[2022-02-07T16:57:35.460-0300][gc,phases     ] GC(25)   Evacuate Collection Set: 4,6ms
[2022-02-07T16:57:35.460-0300][gc,phases     ] GC(25)   Post Evacuate Collection Set: 0,3ms
[2022-02-07T16:57:35.460-0300][gc,phases     ] GC(25)   Other: 0,2ms
[2022-02-07T16:57:35.460-0300][gc,heap       ] GC(25) Eden regions: 47->0(47)
[2022-02-07T16:57:35.460-0300][gc,heap       ] GC(25) Survivor regions: 4->4(7)
[2022-02-07T16:57:35.460-0300][gc,heap       ] GC(25) Old regions: 20->21
[2022-02-07T16:57:35.460-0300][gc,heap       ] GC(25) Humongous regions: 129->129
[2022-02-07T16:57:35.460-0300][gc,metaspace  ] GC(25) Metaspace: 45587K->45587K(1091584K)
[2022-02-07T16:57:35.460-0300][gc            ] GC(25) Pause Young (Normal) (G1 Evacuation Pause) 198M->151M(1024M) 5,154ms
[2022-02-07T16:57:35.460-0300][gc,cpu        ] GC(25) User=0,02s Sys=0,00s Real=0,01s
[2022-02-07T17:33:29.346-0300][gc,start      ] GC(26) Pause Young (Normal) (G1 Evacuation Pause)
[2022-02-07T17:33:29.346-0300][gc,task       ] GC(26) Using 4 workers of 4 for evacuation
[2022-02-07T17:33:29.371-0300][gc,mmu        ] GC(26) MMU target violated: 21,0ms (20,0ms/21,0ms)
[2022-02-07T17:33:29.371-0300][gc,phases     ] GC(26)   Pre Evacuate Collection Set: 0,1ms
[2022-02-07T17:33:29.371-0300][gc,phases     ] GC(26)   Evacuate Collection Set: 22,2ms
[2022-02-07T17:33:29.371-0300][gc,phases     ] GC(26)   Post Evacuate Collection Set: 1,7ms
[2022-02-07T17:33:29.371-0300][gc,phases     ] GC(26)   Other: 0,8ms
[2022-02-07T17:33:29.371-0300][gc,heap       ] GC(26) Eden regions: 47->0(47)
[2022-02-07T17:33:29.371-0300][gc,heap       ] GC(26) Survivor regions: 4->4(7)
[2022-02-07T17:33:29.371-0300][gc,heap       ] GC(26) Old regions: 21->21
[2022-02-07T17:33:29.371-0300][gc,heap       ] GC(26) Humongous regions: 129->129
[2022-02-07T17:33:29.371-0300][gc,metaspace  ] GC(26) Metaspace: 45596K->45596K(1091584K)
[2022-02-07T17:33:29.372-0300][gc            ] GC(26) Pause Young (Normal) (G1 Evacuation Pause) 198M->151M(1024M) 25,123ms
[2022-02-07T17:33:29.372-0300][gc,cpu        ] GC(26) User=0,06s Sys=0,01s Real=0,03s
[2022-02-07T18:01:55.474-0300][gc,start      ] GC(27) Pause Young (Normal) (G1 Evacuation Pause)
[2022-02-07T18:01:55.474-0300][gc,task       ] GC(27) Using 4 workers of 4 for evacuation
[2022-02-07T18:01:55.483-0300][gc,phases     ] GC(27)   Pre Evacuate Collection Set: 0,0ms
[2022-02-07T18:01:55.483-0300][gc,phases     ] GC(27)   Evacuate Collection Set: 7,7ms
[2022-02-07T18:01:55.483-0300][gc,phases     ] GC(27)   Post Evacuate Collection Set: 0,8ms
[2022-02-07T18:01:55.483-0300][gc,phases     ] GC(27)   Other: 0,2ms
[2022-02-07T18:01:55.483-0300][gc,heap       ] GC(27) Eden regions: 47->0(46)
[2022-02-07T18:01:55.483-0300][gc,heap       ] GC(27) Survivor regions: 4->5(7)
[2022-02-07T18:01:55.483-0300][gc,heap       ] GC(27) Old regions: 21->21
[2022-02-07T18:01:55.483-0300][gc,heap       ] GC(27) Humongous regions: 129->129
[2022-02-07T18:01:55.483-0300][gc,metaspace  ] GC(27) Metaspace: 46415K->46415K(1091584K)
[2022-02-07T18:01:55.483-0300][gc            ] GC(27) Pause Young (Normal) (G1 Evacuation Pause) 198M->152M(1024M) 8,838ms
[2022-02-07T18:01:55.483-0300][gc,cpu        ] GC(27) User=0,02s Sys=0,00s Real=0,01s
[2022-02-07T18:01:59.327-0300][gc,heap,exit  ] Heap
[2022-02-07T18:01:59.327-0300][gc,heap,exit  ]  garbage-first heap   total 1048576K, used 160131K [0x00000000c0000000, 0x0000000100000000)
[2022-02-07T18:01:59.327-0300][gc,heap,exit  ]   region size 1024K, 10 young (10240K), 5 survivors (5120K)
[2022-02-07T18:01:59.327-0300][gc,heap,exit  ]  Metaspace       used 46494K, capacity 49626K, committed 49868K, reserved 1091584K
[2022-02-07T18:01:59.327-0300][gc,heap,exit  ]   class space    used 6355K, capacity 7801K, committed 7884K, reserved 1048576K
