[2022-02-04T10:20:08.275-0300][gc,heap] Heap region size: 1M
[2022-02-04T10:20:08.283-0300][gc     ] Using G1
[2022-02-04T10:20:08.283-0300][gc,heap,coops] Heap address: 0x00000000c0000000, size: 1024 MB, Compressed Oops mode: 32-bit
[2022-02-04T10:20:08.284-0300][gc,cds       ] Mark closed archive regions in map: [0x00000000fff00000, 0x00000000fff6aff8]
[2022-02-04T10:20:08.284-0300][gc,cds       ] Mark open archive regions in map: [0x00000000ffe00000, 0x00000000ffe46ff8]
[2022-02-04T10:20:09.505-0300][gc,start     ] GC(0) Pause Young (Normal) (G1 Evacuation Pause)
[2022-02-04T10:20:09.505-0300][gc,task      ] GC(0) Using 4 workers of 4 for evacuation
[2022-02-04T10:20:09.521-0300][gc,phases    ] GC(0)   Pre Evacuate Collection Set: 0,0ms
[2022-02-04T10:20:09.521-0300][gc,phases    ] GC(0)   Evacuate Collection Set: 15,9ms
[2022-02-04T10:20:09.521-0300][gc,phases    ] GC(0)   Post Evacuate Collection Set: 0,4ms
[2022-02-04T10:20:09.521-0300][gc,phases    ] GC(0)   Other: 0,4ms
[2022-02-04T10:20:09.521-0300][gc,heap      ] GC(0) Eden regions: 51->0(44)
[2022-02-04T10:20:09.521-0300][gc,heap      ] GC(0) Survivor regions: 0->7(7)
[2022-02-04T10:20:09.521-0300][gc,heap      ] GC(0) Old regions: 2->2
[2022-02-04T10:20:09.521-0300][gc,heap      ] GC(0) Humongous regions: 0->0
[2022-02-04T10:20:09.521-0300][gc,metaspace ] GC(0) Metaspace: 15052K->15052K(1062912K)
[2022-02-04T10:20:09.521-0300][gc           ] GC(0) Pause Young (Normal) (G1 Evacuation Pause) 51M->7M(1024M) 16,868ms
[2022-02-04T10:20:09.521-0300][gc,cpu       ] GC(0) User=0,04s Sys=0,00s Real=0,02s
[2022-02-04T10:20:10.038-0300][gc,start     ] GC(1) Pause Young (Concurrent Start) (Metadata GC Threshold)
[2022-02-04T10:20:10.038-0300][gc,task      ] GC(1) Using 4 workers of 4 for evacuation
[2022-02-04T10:20:10.055-0300][gc,phases    ] GC(1)   Pre Evacuate Collection Set: 0,1ms
[2022-02-04T10:20:10.055-0300][gc,phases    ] GC(1)   Evacuate Collection Set: 16,7ms
[2022-02-04T10:20:10.055-0300][gc,phases    ] GC(1)   Post Evacuate Collection Set: 0,3ms
[2022-02-04T10:20:10.055-0300][gc,phases    ] GC(1)   Other: 0,2ms
[2022-02-04T10:20:10.055-0300][gc,heap      ] GC(1) Eden regions: 23->0(49)
[2022-02-04T10:20:10.055-0300][gc,heap      ] GC(1) Survivor regions: 7->2(7)
[2022-02-04T10:20:10.055-0300][gc,heap      ] GC(1) Old regions: 2->9
[2022-02-04T10:20:10.055-0300][gc,heap      ] GC(1) Humongous regions: 0->0
[2022-02-04T10:20:10.055-0300][gc,metaspace ] GC(1) Metaspace: 20502K->20502K(1067008K)
[2022-02-04T10:20:10.055-0300][gc           ] GC(1) Pause Young (Concurrent Start) (Metadata GC Threshold) 29M->8M(1024M) 17,434ms
[2022-02-04T10:20:10.055-0300][gc,cpu       ] GC(1) User=0,03s Sys=0,00s Real=0,02s
[2022-02-04T10:20:10.055-0300][gc           ] GC(2) Concurrent Cycle
[2022-02-04T10:20:10.055-0300][gc,marking   ] GC(2) Concurrent Clear Claimed Marks
[2022-02-04T10:20:10.055-0300][gc,marking   ] GC(2) Concurrent Clear Claimed Marks 0,042ms
[2022-02-04T10:20:10.055-0300][gc,marking   ] GC(2) Concurrent Scan Root Regions
[2022-02-04T10:20:10.056-0300][gc,marking   ] GC(2) Concurrent Scan Root Regions 1,247ms
[2022-02-04T10:20:10.056-0300][gc,marking   ] GC(2) Concurrent Mark (1,785s)
[2022-02-04T10:20:10.056-0300][gc,marking   ] GC(2) Concurrent Mark From Roots
[2022-02-04T10:20:10.056-0300][gc,task      ] GC(2) Using 1 workers of 1 for marking
[2022-02-04T10:20:10.080-0300][gc,marking   ] GC(2) Concurrent Mark From Roots 23,232ms
[2022-02-04T10:20:10.080-0300][gc,marking   ] GC(2) Concurrent Preclean
[2022-02-04T10:20:10.080-0300][gc,marking   ] GC(2) Concurrent Preclean 0,112ms
[2022-02-04T10:20:10.080-0300][gc,marking   ] GC(2) Concurrent Mark (1,785s, 1,808s) 23,423ms
[2022-02-04T10:20:10.080-0300][gc,start     ] GC(2) Pause Remark
[2022-02-04T10:20:10.088-0300][gc,stringtable] GC(2) Cleaned string and symbol table, strings: 5198 processed, 0 removed, symbols: 50896 processed, 59 removed
[2022-02-04T10:20:10.088-0300][gc            ] GC(2) Pause Remark 9M->9M(1024M) 8,273ms
[2022-02-04T10:20:10.088-0300][gc,cpu        ] GC(2) User=0,02s Sys=0,00s Real=0,01s
[2022-02-04T10:20:10.088-0300][gc,marking    ] GC(2) Concurrent Rebuild Remembered Sets
[2022-02-04T10:20:10.105-0300][gc,marking    ] GC(2) Concurrent Rebuild Remembered Sets 16,557ms
[2022-02-04T10:20:10.105-0300][gc,start      ] GC(2) Pause Cleanup
[2022-02-04T10:20:10.105-0300][gc            ] GC(2) Pause Cleanup 9M->9M(1024M) 0,242ms
[2022-02-04T10:20:10.105-0300][gc,cpu        ] GC(2) User=0,00s Sys=0,00s Real=0,00s
[2022-02-04T10:20:10.105-0300][gc,marking    ] GC(2) Concurrent Cleanup for Next Mark
[2022-02-04T10:20:10.123-0300][gc,marking    ] GC(2) Concurrent Cleanup for Next Mark 17,331ms
[2022-02-04T10:20:10.123-0300][gc            ] GC(2) Concurrent Cycle 67,566ms
[2022-02-04T10:20:10.882-0300][gc,start      ] GC(3) Pause Young (Normal) (G1 Evacuation Pause)
[2022-02-04T10:20:10.882-0300][gc,task       ] GC(3) Using 4 workers of 4 for evacuation
[2022-02-04T10:20:10.904-0300][gc,mmu        ] GC(3) MMU target violated: 21,0ms (20,0ms/21,0ms)
[2022-02-04T10:20:10.904-0300][gc,phases     ] GC(3)   Pre Evacuate Collection Set: 0,0ms
[2022-02-04T10:20:10.904-0300][gc,phases     ] GC(3)   Evacuate Collection Set: 22,1ms
[2022-02-04T10:20:10.904-0300][gc,phases     ] GC(3)   Post Evacuate Collection Set: 0,3ms
[2022-02-04T10:20:10.904-0300][gc,phases     ] GC(3)   Other: 0,2ms
[2022-02-04T10:20:10.904-0300][gc,heap       ] GC(3) Eden regions: 49->0(46)
[2022-02-04T10:20:10.904-0300][gc,heap       ] GC(3) Survivor regions: 2->5(7)
[2022-02-04T10:20:10.904-0300][gc,heap       ] GC(3) Old regions: 9->9
[2022-02-04T10:20:10.904-0300][gc,heap       ] GC(3) Humongous regions: 129->129
[2022-02-04T10:20:10.904-0300][gc,metaspace  ] GC(3) Metaspace: 29082K->29082K(1075200K)
[2022-02-04T10:20:10.904-0300][gc            ] GC(3) Pause Young (Normal) (G1 Evacuation Pause) 186M->140M(1024M) 22,697ms
[2022-02-04T10:20:10.904-0300][gc,cpu        ] GC(3) User=0,04s Sys=0,00s Real=0,02s
[2022-02-04T10:20:11.276-0300][gc,start      ] GC(4) Pause Young (Concurrent Start) (Metadata GC Threshold)
[2022-02-04T10:20:11.276-0300][gc,task       ] GC(4) Using 4 workers of 4 for evacuation
[2022-02-04T10:20:11.286-0300][gc,phases     ] GC(4)   Pre Evacuate Collection Set: 0,1ms
[2022-02-04T10:20:11.286-0300][gc,phases     ] GC(4)   Evacuate Collection Set: 9,0ms
[2022-02-04T10:20:11.286-0300][gc,phases     ] GC(4)   Post Evacuate Collection Set: 0,3ms
[2022-02-04T10:20:11.286-0300][gc,phases     ] GC(4)   Other: 0,2ms
[2022-02-04T10:20:11.286-0300][gc,heap       ] GC(4) Eden regions: 25->0(45)
[2022-02-04T10:20:11.286-0300][gc,heap       ] GC(4) Survivor regions: 5->6(7)
[2022-02-04T10:20:11.286-0300][gc,heap       ] GC(4) Old regions: 9->10
[2022-02-04T10:20:11.286-0300][gc,heap       ] GC(4) Humongous regions: 129->129
[2022-02-04T10:20:11.286-0300][gc,metaspace  ] GC(4) Metaspace: 34384K->34384K(1081344K)
[2022-02-04T10:20:11.286-0300][gc            ] GC(4) Pause Young (Concurrent Start) (Metadata GC Threshold) 165M->142M(1024M) 9,714ms
[2022-02-04T10:20:11.286-0300][gc,cpu        ] GC(4) User=0,03s Sys=0,01s Real=0,01s
[2022-02-04T10:20:11.286-0300][gc            ] GC(5) Concurrent Cycle
[2022-02-04T10:20:11.286-0300][gc,marking    ] GC(5) Concurrent Clear Claimed Marks
[2022-02-04T10:20:11.286-0300][gc,marking    ] GC(5) Concurrent Clear Claimed Marks 0,089ms
[2022-02-04T10:20:11.286-0300][gc,marking    ] GC(5) Concurrent Scan Root Regions
[2022-02-04T10:20:11.290-0300][gc,marking    ] GC(5) Concurrent Scan Root Regions 4,721ms
[2022-02-04T10:20:11.291-0300][gc,marking    ] GC(5) Concurrent Mark (3,019s)
[2022-02-04T10:20:11.291-0300][gc,marking    ] GC(5) Concurrent Mark From Roots
[2022-02-04T10:20:11.291-0300][gc,task       ] GC(5) Using 1 workers of 1 for marking
[2022-02-04T10:20:11.308-0300][gc,marking    ] GC(5) Concurrent Mark From Roots 17,088ms
[2022-02-04T10:20:11.308-0300][gc,marking    ] GC(5) Concurrent Preclean
[2022-02-04T10:20:11.308-0300][gc,marking    ] GC(5) Concurrent Preclean 0,146ms
[2022-02-04T10:20:11.308-0300][gc,marking    ] GC(5) Concurrent Mark (3,019s, 3,036s) 17,319ms
[2022-02-04T10:20:11.309-0300][gc,start      ] GC(5) Pause Remark
[2022-02-04T10:20:11.312-0300][gc,stringtable] GC(5) Cleaned string and symbol table, strings: 10554 processed, 11 removed, symbols: 83495 processed, 17 removed
[2022-02-04T10:20:11.312-0300][gc            ] GC(5) Pause Remark 143M->143M(1024M) 3,852ms
[2022-02-04T10:20:11.312-0300][gc,cpu        ] GC(5) User=0,01s Sys=0,00s Real=0,00s
[2022-02-04T10:20:11.312-0300][gc,marking    ] GC(5) Concurrent Rebuild Remembered Sets
[2022-02-04T10:20:11.322-0300][gc,marking    ] GC(5) Concurrent Rebuild Remembered Sets 9,915ms
[2022-02-04T10:20:11.326-0300][gc,start      ] GC(5) Pause Cleanup
[2022-02-04T10:20:11.326-0300][gc            ] GC(5) Pause Cleanup 144M->144M(1024M) 0,209ms
[2022-02-04T10:20:11.326-0300][gc,cpu        ] GC(5) User=0,00s Sys=0,00s Real=0,00s
[2022-02-04T10:20:11.326-0300][gc,marking    ] GC(5) Concurrent Cleanup for Next Mark
[2022-02-04T10:20:11.340-0300][gc,marking    ] GC(5) Concurrent Cleanup for Next Mark 13,974ms
[2022-02-04T10:20:11.340-0300][gc            ] GC(5) Concurrent Cycle 54,591ms
[2022-02-04T10:20:24.059-0300][gc,start      ] GC(6) Pause Young (Normal) (G1 Evacuation Pause)
[2022-02-04T10:20:24.059-0300][gc,task       ] GC(6) Using 4 workers of 4 for evacuation
[2022-02-04T10:20:24.076-0300][gc,phases     ] GC(6)   Pre Evacuate Collection Set: 0,0ms
[2022-02-04T10:20:24.076-0300][gc,phases     ] GC(6)   Evacuate Collection Set: 16,4ms
[2022-02-04T10:20:24.076-0300][gc,phases     ] GC(6)   Post Evacuate Collection Set: 0,6ms
[2022-02-04T10:20:24.076-0300][gc,phases     ] GC(6)   Other: 0,2ms
[2022-02-04T10:20:24.076-0300][gc,heap       ] GC(6) Eden regions: 45->0(46)
[2022-02-04T10:20:24.076-0300][gc,heap       ] GC(6) Survivor regions: 6->5(7)
[2022-02-04T10:20:24.076-0300][gc,heap       ] GC(6) Old regions: 10->13
[2022-02-04T10:20:24.076-0300][gc,heap       ] GC(6) Humongous regions: 129->129
[2022-02-04T10:20:24.076-0300][gc,metaspace  ] GC(6) Metaspace: 40722K->40722K(1085440K)
[2022-02-04T10:20:24.077-0300][gc            ] GC(6) Pause Young (Normal) (G1 Evacuation Pause) 187M->144M(1024M) 17,392ms
[2022-02-04T10:20:24.077-0300][gc,cpu        ] GC(6) User=0,04s Sys=0,00s Real=0,01s
[2022-02-04T10:29:27.153-0300][gc,start      ] GC(7) Pause Young (Normal) (G1 Evacuation Pause)
[2022-02-04T10:29:27.153-0300][gc,task       ] GC(7) Using 4 workers of 4 for evacuation
[2022-02-04T10:29:27.207-0300][gc,mmu        ] GC(7) MMU target violated: 21,0ms (20,0ms/21,0ms)
[2022-02-04T10:29:27.207-0300][gc,phases     ] GC(7)   Pre Evacuate Collection Set: 0,1ms
[2022-02-04T10:29:27.207-0300][gc,phases     ] GC(7)   Evacuate Collection Set: 51,2ms
[2022-02-04T10:29:27.207-0300][gc,phases     ] GC(7)   Post Evacuate Collection Set: 1,9ms
[2022-02-04T10:29:27.207-0300][gc,phases     ] GC(7)   Other: 0,6ms
[2022-02-04T10:29:27.207-0300][gc,heap       ] GC(7) Eden regions: 46->0(46)
[2022-02-04T10:29:27.207-0300][gc,heap       ] GC(7) Survivor regions: 5->5(7)
[2022-02-04T10:29:27.207-0300][gc,heap       ] GC(7) Old regions: 13->15
[2022-02-04T10:29:27.207-0300][gc,heap       ] GC(7) Humongous regions: 129->129
[2022-02-04T10:29:27.207-0300][gc,metaspace  ] GC(7) Metaspace: 44318K->44318K(1089536K)
[2022-02-04T10:29:27.207-0300][gc            ] GC(7) Pause Young (Normal) (G1 Evacuation Pause) 190M->147M(1024M) 54,054ms
[2022-02-04T10:29:27.207-0300][gc,cpu        ] GC(7) User=0,11s Sys=0,01s Real=0,06s
[2022-02-04T10:41:42.882-0300][gc,start      ] GC(8) Pause Young (Normal) (G1 Evacuation Pause)
[2022-02-04T10:41:42.882-0300][gc,task       ] GC(8) Using 4 workers of 4 for evacuation
[2022-02-04T10:41:42.936-0300][gc,mmu        ] GC(8) MMU target violated: 21,0ms (20,0ms/21,0ms)
[2022-02-04T10:41:42.936-0300][gc,phases     ] GC(8)   Pre Evacuate Collection Set: 0,1ms
[2022-02-04T10:41:42.936-0300][gc,phases     ] GC(8)   Evacuate Collection Set: 51,7ms
[2022-02-04T10:41:42.936-0300][gc,phases     ] GC(8)   Post Evacuate Collection Set: 1,7ms
[2022-02-04T10:41:42.936-0300][gc,phases     ] GC(8)   Other: 0,9ms
[2022-02-04T10:41:42.936-0300][gc,heap       ] GC(8) Eden regions: 46->0(47)
[2022-02-04T10:41:42.936-0300][gc,heap       ] GC(8) Survivor regions: 5->4(7)
[2022-02-04T10:41:42.936-0300][gc,heap       ] GC(8) Old regions: 15->18
[2022-02-04T10:41:42.937-0300][gc,heap       ] GC(8) Humongous regions: 129->129
[2022-02-04T10:41:42.937-0300][gc,metaspace  ] GC(8) Metaspace: 44590K->44590K(1089536K)
[2022-02-04T10:41:42.937-0300][gc            ] GC(8) Pause Young (Normal) (G1 Evacuation Pause) 193M->148M(1024M) 54,840ms
[2022-02-04T10:41:42.937-0300][gc,cpu        ] GC(8) User=0,09s Sys=0,02s Real=0,05s
[2022-02-04T10:54:40.769-0300][gc,start      ] GC(9) Pause Young (Normal) (G1 Evacuation Pause)
[2022-02-04T10:54:40.769-0300][gc,task       ] GC(9) Using 4 workers of 4 for evacuation
[2022-02-04T10:54:40.812-0300][gc,mmu        ] GC(9) MMU target violated: 21,0ms (20,0ms/21,0ms)
[2022-02-04T10:54:40.812-0300][gc,phases     ] GC(9)   Pre Evacuate Collection Set: 0,1ms
[2022-02-04T10:54:40.812-0300][gc,phases     ] GC(9)   Evacuate Collection Set: 40,3ms
[2022-02-04T10:54:40.812-0300][gc,phases     ] GC(9)   Post Evacuate Collection Set: 2,6ms
[2022-02-04T10:54:40.812-0300][gc,phases     ] GC(9)   Other: 0,7ms
[2022-02-04T10:54:40.812-0300][gc,heap       ] GC(9) Eden regions: 47->0(47)
[2022-02-04T10:54:40.812-0300][gc,heap       ] GC(9) Survivor regions: 4->4(7)
[2022-02-04T10:54:40.812-0300][gc,heap       ] GC(9) Old regions: 18->18
[2022-02-04T10:54:40.812-0300][gc,heap       ] GC(9) Humongous regions: 129->129
[2022-02-04T10:54:40.812-0300][gc,metaspace  ] GC(9) Metaspace: 44897K->44897K(1089536K)
[2022-02-04T10:54:40.812-0300][gc            ] GC(9) Pause Young (Normal) (G1 Evacuation Pause) 195M->148M(1024M) 43,659ms
[2022-02-04T10:54:40.812-0300][gc,cpu        ] GC(9) User=0,08s Sys=0,00s Real=0,04s
[2022-02-04T11:29:28.916-0300][gc,start      ] GC(10) Pause Young (Normal) (G1 Evacuation Pause)
[2022-02-04T11:29:28.917-0300][gc,task       ] GC(10) Using 4 workers of 4 for evacuation
[2022-02-04T11:29:28.927-0300][gc,phases     ] GC(10)   Pre Evacuate Collection Set: 0,0ms
[2022-02-04T11:29:28.927-0300][gc,phases     ] GC(10)   Evacuate Collection Set: 8,2ms
[2022-02-04T11:29:28.927-0300][gc,phases     ] GC(10)   Post Evacuate Collection Set: 1,9ms
[2022-02-04T11:29:28.927-0300][gc,phases     ] GC(10)   Other: 0,3ms
[2022-02-04T11:29:28.927-0300][gc,heap       ] GC(10) Eden regions: 47->0(48)
[2022-02-04T11:29:28.927-0300][gc,heap       ] GC(10) Survivor regions: 4->3(7)
[2022-02-04T11:29:28.927-0300][gc,heap       ] GC(10) Old regions: 18->18
[2022-02-04T11:29:28.927-0300][gc,heap       ] GC(10) Humongous regions: 129->129
[2022-02-04T11:29:28.927-0300][gc,metaspace  ] GC(10) Metaspace: 45088K->45088K(1089536K)
[2022-02-04T11:29:28.927-0300][gc            ] GC(10) Pause Young (Normal) (G1 Evacuation Pause) 195M->148M(1024M) 10,515ms
[2022-02-04T11:29:28.927-0300][gc,cpu        ] GC(10) User=0,03s Sys=0,00s Real=0,02s
[2022-02-04T11:50:16.449-0300][gc,start      ] GC(11) Pause Young (Normal) (G1 Evacuation Pause)
[2022-02-04T11:50:16.449-0300][gc,task       ] GC(11) Using 4 workers of 4 for evacuation
[2022-02-04T11:50:16.492-0300][gc,mmu        ] GC(11) MMU target violated: 21,0ms (20,0ms/21,0ms)
[2022-02-04T11:50:16.492-0300][gc,phases     ] GC(11)   Pre Evacuate Collection Set: 0,1ms
[2022-02-04T11:50:16.492-0300][gc,phases     ] GC(11)   Evacuate Collection Set: 34,1ms
[2022-02-04T11:50:16.492-0300][gc,phases     ] GC(11)   Post Evacuate Collection Set: 7,9ms
[2022-02-04T11:50:16.492-0300][gc,phases     ] GC(11)   Other: 0,6ms
[2022-02-04T11:50:16.492-0300][gc,heap       ] GC(11) Eden regions: 48->0(47)
[2022-02-04T11:50:16.492-0300][gc,heap       ] GC(11) Survivor regions: 3->4(7)
[2022-02-04T11:50:16.492-0300][gc,heap       ] GC(11) Old regions: 18->18
[2022-02-04T11:50:16.492-0300][gc,heap       ] GC(11) Humongous regions: 129->129
[2022-02-04T11:50:16.492-0300][gc,metaspace  ] GC(11) Metaspace: 45316K->45316K(1089536K)
[2022-02-04T11:50:16.492-0300][gc            ] GC(11) Pause Young (Normal) (G1 Evacuation Pause) 196M->149M(1024M) 43,436ms
[2022-02-04T11:50:16.493-0300][gc,cpu        ] GC(11) User=0,08s Sys=0,00s Real=0,04s
[2022-02-04T12:20:53.391-0300][gc,start      ] GC(12) Pause Young (Normal) (G1 Evacuation Pause)
[2022-02-04T12:20:53.391-0300][gc,task       ] GC(12) Using 4 workers of 4 for evacuation
[2022-02-04T12:20:53.407-0300][gc,phases     ] GC(12)   Pre Evacuate Collection Set: 0,0ms
[2022-02-04T12:20:53.407-0300][gc,phases     ] GC(12)   Evacuate Collection Set: 15,0ms
[2022-02-04T12:20:53.407-0300][gc,phases     ] GC(12)   Post Evacuate Collection Set: 1,2ms
[2022-02-04T12:20:53.407-0300][gc,phases     ] GC(12)   Other: 0,5ms
[2022-02-04T12:20:53.407-0300][gc,heap       ] GC(12) Eden regions: 47->0(48)
[2022-02-04T12:20:53.407-0300][gc,heap       ] GC(12) Survivor regions: 4->3(7)
[2022-02-04T12:20:53.407-0300][gc,heap       ] GC(12) Old regions: 18->19
[2022-02-04T12:20:53.407-0300][gc,heap       ] GC(12) Humongous regions: 129->129
[2022-02-04T12:20:53.407-0300][gc,metaspace  ] GC(12) Metaspace: 45492K->45492K(1089536K)
[2022-02-04T12:20:53.407-0300][gc            ] GC(12) Pause Young (Normal) (G1 Evacuation Pause) 196M->148M(1024M) 16,945ms
[2022-02-04T12:20:53.407-0300][gc,cpu        ] GC(12) User=0,05s Sys=0,00s Real=0,02s
[2022-02-04T12:57:43.190-0300][gc,start      ] GC(13) Pause Young (Normal) (G1 Evacuation Pause)
[2022-02-04T12:57:43.191-0300][gc,task       ] GC(13) Using 4 workers of 4 for evacuation
[2022-02-04T12:57:43.207-0300][gc,phases     ] GC(13)   Pre Evacuate Collection Set: 0,0ms
[2022-02-04T12:57:43.207-0300][gc,phases     ] GC(13)   Evacuate Collection Set: 13,3ms
[2022-02-04T12:57:43.207-0300][gc,phases     ] GC(13)   Post Evacuate Collection Set: 3,1ms
[2022-02-04T12:57:43.207-0300][gc,phases     ] GC(13)   Other: 0,6ms
[2022-02-04T12:57:43.207-0300][gc,heap       ] GC(13) Eden regions: 48->0(48)
[2022-02-04T12:57:43.207-0300][gc,heap       ] GC(13) Survivor regions: 3->3(7)
[2022-02-04T12:57:43.207-0300][gc,heap       ] GC(13) Old regions: 19->19
[2022-02-04T12:57:43.207-0300][gc,heap       ] GC(13) Humongous regions: 129->129
[2022-02-04T12:57:43.207-0300][gc,metaspace  ] GC(13) Metaspace: 45517K->45517K(1089536K)
[2022-02-04T12:57:43.207-0300][gc            ] GC(13) Pause Young (Normal) (G1 Evacuation Pause) 196M->148M(1024M) 17,020ms
[2022-02-04T12:57:43.208-0300][gc,cpu        ] GC(13) User=0,05s Sys=0,00s Real=0,02s
[2022-02-04T13:34:43.917-0300][gc,start      ] GC(14) Pause Young (Normal) (G1 Evacuation Pause)
[2022-02-04T13:34:43.917-0300][gc,task       ] GC(14) Using 4 workers of 4 for evacuation
[2022-02-04T13:34:43.934-0300][gc,phases     ] GC(14)   Pre Evacuate Collection Set: 0,1ms
[2022-02-04T13:34:43.934-0300][gc,phases     ] GC(14)   Evacuate Collection Set: 12,6ms
[2022-02-04T13:34:43.934-0300][gc,phases     ] GC(14)   Post Evacuate Collection Set: 3,4ms
[2022-02-04T13:34:43.934-0300][gc,phases     ] GC(14)   Other: 0,6ms
[2022-02-04T13:34:43.934-0300][gc,heap       ] GC(14) Eden regions: 48->0(48)
[2022-02-04T13:34:43.934-0300][gc,heap       ] GC(14) Survivor regions: 3->3(7)
[2022-02-04T13:34:43.934-0300][gc,heap       ] GC(14) Old regions: 19->19
[2022-02-04T13:34:43.934-0300][gc,heap       ] GC(14) Humongous regions: 129->129
[2022-02-04T13:34:43.934-0300][gc,metaspace  ] GC(14) Metaspace: 45523K->45523K(1089536K)
[2022-02-04T13:34:43.934-0300][gc            ] GC(14) Pause Young (Normal) (G1 Evacuation Pause) 196M->148M(1024M) 17,053ms
[2022-02-04T13:34:43.934-0300][gc,cpu        ] GC(14) User=0,05s Sys=0,00s Real=0,02s
[2022-02-04T13:47:43.916-0300][gc,start      ] GC(15) Pause Young (Normal) (G1 Evacuation Pause)
[2022-02-04T13:47:43.917-0300][gc,task       ] GC(15) Using 4 workers of 4 for evacuation
[2022-02-04T13:47:43.923-0300][gc,phases     ] GC(15)   Pre Evacuate Collection Set: 0,0ms
[2022-02-04T13:47:43.923-0300][gc,phases     ] GC(15)   Evacuate Collection Set: 5,8ms
[2022-02-04T13:47:43.923-0300][gc,phases     ] GC(15)   Post Evacuate Collection Set: 0,6ms
[2022-02-04T13:47:43.923-0300][gc,phases     ] GC(15)   Other: 0,2ms
[2022-02-04T13:47:43.923-0300][gc,heap       ] GC(15) Eden regions: 48->0(47)
[2022-02-04T13:47:43.923-0300][gc,heap       ] GC(15) Survivor regions: 3->4(7)
[2022-02-04T13:47:43.923-0300][gc,heap       ] GC(15) Old regions: 19->19
[2022-02-04T13:47:43.923-0300][gc,heap       ] GC(15) Humongous regions: 129->129
[2022-02-04T13:47:43.923-0300][gc,metaspace  ] GC(15) Metaspace: 45592K->45592K(1089536K)
[2022-02-04T13:47:43.923-0300][gc            ] GC(15) Pause Young (Normal) (G1 Evacuation Pause) 196M->149M(1024M) 6,753ms
[2022-02-04T13:47:43.923-0300][gc,cpu        ] GC(15) User=0,01s Sys=0,00s Real=0,01s
[2022-02-04T14:02:26.895-0300][gc,start      ] GC(16) Pause Young (Normal) (G1 Evacuation Pause)
[2022-02-04T14:02:26.895-0300][gc,task       ] GC(16) Using 4 workers of 4 for evacuation
[2022-02-04T14:02:26.907-0300][gc,phases     ] GC(16)   Pre Evacuate Collection Set: 0,0ms
[2022-02-04T14:02:26.907-0300][gc,phases     ] GC(16)   Evacuate Collection Set: 9,7ms
[2022-02-04T14:02:26.907-0300][gc,phases     ] GC(16)   Post Evacuate Collection Set: 2,0ms
[2022-02-04T14:02:26.907-0300][gc,phases     ] GC(16)   Other: 0,2ms
[2022-02-04T14:02:26.907-0300][gc,heap       ] GC(16) Eden regions: 47->0(48)
[2022-02-04T14:02:26.907-0300][gc,heap       ] GC(16) Survivor regions: 4->3(7)
[2022-02-04T14:02:26.907-0300][gc,heap       ] GC(16) Old regions: 19->19
[2022-02-04T14:02:26.907-0300][gc,heap       ] GC(16) Humongous regions: 129->129
[2022-02-04T14:02:26.907-0300][gc,metaspace  ] GC(16) Metaspace: 45621K->45621K(1091584K)
[2022-02-04T14:02:26.907-0300][gc            ] GC(16) Pause Young (Normal) (G1 Evacuation Pause) 196M->148M(1024M) 11,996ms
[2022-02-04T14:02:26.907-0300][gc,cpu        ] GC(16) User=0,02s Sys=0,00s Real=0,02s
[2022-02-04T14:17:34.836-0300][gc,start      ] GC(17) Pause Young (Normal) (G1 Evacuation Pause)
[2022-02-04T14:17:34.836-0300][gc,task       ] GC(17) Using 4 workers of 4 for evacuation
[2022-02-04T14:17:34.858-0300][gc,mmu        ] GC(17) MMU target violated: 21,0ms (20,0ms/21,0ms)
[2022-02-04T14:17:34.858-0300][gc,phases     ] GC(17)   Pre Evacuate Collection Set: 0,0ms
[2022-02-04T14:17:34.858-0300][gc,phases     ] GC(17)   Evacuate Collection Set: 17,7ms
[2022-02-04T14:17:34.858-0300][gc,phases     ] GC(17)   Post Evacuate Collection Set: 3,9ms
[2022-02-04T14:17:34.858-0300][gc,phases     ] GC(17)   Other: 0,3ms
[2022-02-04T14:17:34.858-0300][gc,heap       ] GC(17) Eden regions: 48->0(50)
[2022-02-04T14:17:34.858-0300][gc,heap       ] GC(17) Survivor regions: 3->3(7)
[2022-02-04T14:17:34.858-0300][gc,heap       ] GC(17) Old regions: 19->19
[2022-02-04T14:17:34.858-0300][gc,heap       ] GC(17) Humongous regions: 129->129
[2022-02-04T14:17:34.858-0300][gc,metaspace  ] GC(17) Metaspace: 45659K->45659K(1091584K)
[2022-02-04T14:17:34.858-0300][gc            ] GC(17) Pause Young (Normal) (G1 Evacuation Pause) 196M->148M(1024M) 21,963ms
[2022-02-04T14:17:34.858-0300][gc,cpu        ] GC(17) User=0,03s Sys=0,00s Real=0,02s
[2022-02-04T14:27:31.151-0300][gc,start      ] GC(18) Pause Young (Normal) (G1 Evacuation Pause)
[2022-02-04T14:27:31.152-0300][gc,task       ] GC(18) Using 4 workers of 4 for evacuation
[2022-02-04T14:27:31.178-0300][gc,mmu        ] GC(18) MMU target violated: 21,0ms (20,0ms/21,0ms)
[2022-02-04T14:27:31.178-0300][gc,phases     ] GC(18)   Pre Evacuate Collection Set: 0,0ms
[2022-02-04T14:27:31.178-0300][gc,phases     ] GC(18)   Evacuate Collection Set: 21,0ms
[2022-02-04T14:27:31.178-0300][gc,phases     ] GC(18)   Post Evacuate Collection Set: 5,4ms
[2022-02-04T14:27:31.179-0300][gc,phases     ] GC(18)   Other: 0,6ms
[2022-02-04T14:27:31.179-0300][gc,heap       ] GC(18) Eden regions: 50->0(47)
[2022-02-04T14:27:31.179-0300][gc,heap       ] GC(18) Survivor regions: 3->4(7)
[2022-02-04T14:27:31.179-0300][gc,heap       ] GC(18) Old regions: 19->19
[2022-02-04T14:27:31.179-0300][gc,heap       ] GC(18) Humongous regions: 129->129
[2022-02-04T14:27:31.179-0300][gc,metaspace  ] GC(18) Metaspace: 45679K->45679K(1091584K)
[2022-02-04T14:27:31.179-0300][gc            ] GC(18) Pause Young (Normal) (G1 Evacuation Pause) 198M->149M(1024M) 27,307ms
[2022-02-04T14:27:31.179-0300][gc,cpu        ] GC(18) User=0,07s Sys=0,00s Real=0,03s
[2022-02-04T14:35:04.620-0300][gc,start      ] GC(19) Pause Young (Normal) (G1 Evacuation Pause)
[2022-02-04T14:35:04.620-0300][gc,task       ] GC(19) Using 4 workers of 4 for evacuation
[2022-02-04T14:35:04.628-0300][gc,phases     ] GC(19)   Pre Evacuate Collection Set: 0,0ms
[2022-02-04T14:35:04.628-0300][gc,phases     ] GC(19)   Evacuate Collection Set: 5,4ms
[2022-02-04T14:35:04.628-0300][gc,phases     ] GC(19)   Post Evacuate Collection Set: 2,6ms
[2022-02-04T14:35:04.628-0300][gc,phases     ] GC(19)   Other: 0,2ms
[2022-02-04T14:35:04.628-0300][gc,heap       ] GC(19) Eden regions: 47->0(49)
[2022-02-04T14:35:04.628-0300][gc,heap       ] GC(19) Survivor regions: 4->4(7)
[2022-02-04T14:35:04.628-0300][gc,heap       ] GC(19) Old regions: 19->19
[2022-02-04T14:35:04.628-0300][gc,heap       ] GC(19) Humongous regions: 129->129
[2022-02-04T14:35:04.628-0300][gc,metaspace  ] GC(19) Metaspace: 45719K->45719K(1091584K)
[2022-02-04T14:35:04.628-0300][gc            ] GC(19) Pause Young (Normal) (G1 Evacuation Pause) 196M->149M(1024M) 8,340ms
[2022-02-04T14:35:04.628-0300][gc,cpu        ] GC(19) User=0,02s Sys=0,00s Real=0,01s
[2022-02-04T14:43:41.571-0300][gc,start      ] GC(20) Pause Young (Normal) (G1 Evacuation Pause)
[2022-02-04T14:43:41.571-0300][gc,task       ] GC(20) Using 4 workers of 4 for evacuation
[2022-02-04T14:43:41.584-0300][gc,phases     ] GC(20)   Pre Evacuate Collection Set: 0,0ms
[2022-02-04T14:43:41.584-0300][gc,phases     ] GC(20)   Evacuate Collection Set: 10,1ms
[2022-02-04T14:43:41.584-0300][gc,phases     ] GC(20)   Post Evacuate Collection Set: 2,8ms
[2022-02-04T14:43:41.584-0300][gc,phases     ] GC(20)   Other: 0,3ms
[2022-02-04T14:43:41.584-0300][gc,heap       ] GC(20) Eden regions: 49->0(55)
[2022-02-04T14:43:41.584-0300][gc,heap       ] GC(20) Survivor regions: 4->4(7)
[2022-02-04T14:43:41.584-0300][gc,heap       ] GC(20) Old regions: 19->19
[2022-02-04T14:43:41.584-0300][gc,heap       ] GC(20) Humongous regions: 129->129
[2022-02-04T14:43:41.584-0300][gc,metaspace  ] GC(20) Metaspace: 45738K->45738K(1091584K)
[2022-02-04T14:43:41.584-0300][gc            ] GC(20) Pause Young (Normal) (G1 Evacuation Pause) 198M->149M(1024M) 13,323ms
[2022-02-04T14:43:41.584-0300][gc,cpu        ] GC(20) User=0,04s Sys=0,00s Real=0,01s
[2022-02-04T14:53:25.957-0300][gc,start      ] GC(21) Pause Young (Normal) (G1 Evacuation Pause)
[2022-02-04T14:53:25.957-0300][gc,task       ] GC(21) Using 4 workers of 4 for evacuation
[2022-02-04T14:53:25.974-0300][gc,phases     ] GC(21)   Pre Evacuate Collection Set: 0,0ms
[2022-02-04T14:53:25.974-0300][gc,phases     ] GC(21)   Evacuate Collection Set: 14,3ms
[2022-02-04T14:53:25.974-0300][gc,phases     ] GC(21)   Post Evacuate Collection Set: 2,4ms
[2022-02-04T14:53:25.974-0300][gc,phases     ] GC(21)   Other: 0,3ms
[2022-02-04T14:53:25.974-0300][gc,heap       ] GC(21) Eden regions: 55->0(62)
[2022-02-04T14:53:25.974-0300][gc,heap       ] GC(21) Survivor regions: 4->4(8)
[2022-02-04T14:53:25.974-0300][gc,heap       ] GC(21) Old regions: 19->19
[2022-02-04T14:53:25.974-0300][gc,heap       ] GC(21) Humongous regions: 129->129
[2022-02-04T14:53:25.974-0300][gc,metaspace  ] GC(21) Metaspace: 45739K->45739K(1091584K)
[2022-02-04T14:53:25.974-0300][gc            ] GC(21) Pause Young (Normal) (G1 Evacuation Pause) 204M->149M(1024M) 17,148ms
[2022-02-04T14:53:25.974-0300][gc,cpu        ] GC(21) User=0,02s Sys=0,00s Real=0,02s
[2022-02-04T15:04:17.112-0300][gc,start      ] GC(22) Pause Young (Normal) (G1 Evacuation Pause)
[2022-02-04T15:04:17.112-0300][gc,task       ] GC(22) Using 4 workers of 4 for evacuation
[2022-02-04T15:04:17.152-0300][gc,mmu        ] GC(22) MMU target violated: 21,0ms (20,0ms/21,0ms)
[2022-02-04T15:04:17.152-0300][gc,phases     ] GC(22)   Pre Evacuate Collection Set: 0,0ms
[2022-02-04T15:04:17.152-0300][gc,phases     ] GC(22)   Evacuate Collection Set: 21,6ms
[2022-02-04T15:04:17.152-0300][gc,phases     ] GC(22)   Post Evacuate Collection Set: 18,3ms
[2022-02-04T15:04:17.152-0300][gc,phases     ] GC(22)   Other: 0,3ms
[2022-02-04T15:04:17.152-0300][gc,heap       ] GC(22) Eden regions: 62->0(47)
[2022-02-04T15:04:17.152-0300][gc,heap       ] GC(22) Survivor regions: 4->4(9)
[2022-02-04T15:04:17.152-0300][gc,heap       ] GC(22) Old regions: 19->19
[2022-02-04T15:04:17.152-0300][gc,heap       ] GC(22) Humongous regions: 129->129
[2022-02-04T15:04:17.152-0300][gc,metaspace  ] GC(22) Metaspace: 45743K->45743K(1091584K)
[2022-02-04T15:04:17.152-0300][gc            ] GC(22) Pause Young (Normal) (G1 Evacuation Pause) 211M->149M(1024M) 40,275ms
[2022-02-04T15:04:17.152-0300][gc,cpu        ] GC(22) User=0,03s Sys=0,01s Real=0,04s
[2022-02-04T15:12:33.087-0300][gc,start      ] GC(23) Pause Young (Normal) (G1 Evacuation Pause)
[2022-02-04T15:12:33.087-0300][gc,task       ] GC(23) Using 4 workers of 4 for evacuation
[2022-02-04T15:12:33.100-0300][gc,phases     ] GC(23)   Pre Evacuate Collection Set: 0,1ms
[2022-02-04T15:12:33.100-0300][gc,phases     ] GC(23)   Evacuate Collection Set: 9,9ms
[2022-02-04T15:12:33.100-0300][gc,phases     ] GC(23)   Post Evacuate Collection Set: 2,3ms
[2022-02-04T15:12:33.100-0300][gc,phases     ] GC(23)   Other: 0,3ms
[2022-02-04T15:12:33.100-0300][gc,heap       ] GC(23) Eden regions: 47->0(47)
[2022-02-04T15:12:33.100-0300][gc,heap       ] GC(23) Survivor regions: 4->4(7)
[2022-02-04T15:12:33.100-0300][gc,heap       ] GC(23) Old regions: 19->19
[2022-02-04T15:12:33.100-0300][gc,heap       ] GC(23) Humongous regions: 129->129
[2022-02-04T15:12:33.100-0300][gc,metaspace  ] GC(23) Metaspace: 45748K->45748K(1091584K)
[2022-02-04T15:12:33.100-0300][gc            ] GC(23) Pause Young (Normal) (G1 Evacuation Pause) 196M->149M(1024M) 12,636ms
[2022-02-04T15:12:33.100-0300][gc,cpu        ] GC(23) User=0,03s Sys=0,00s Real=0,01s
[2022-02-04T15:20:47.533-0300][gc,start      ] GC(24) Pause Young (Normal) (G1 Evacuation Pause)
[2022-02-04T15:20:47.533-0300][gc,task       ] GC(24) Using 4 workers of 4 for evacuation
[2022-02-04T15:20:47.545-0300][gc,phases     ] GC(24)   Pre Evacuate Collection Set: 0,0ms
[2022-02-04T15:20:47.545-0300][gc,phases     ] GC(24)   Evacuate Collection Set: 8,1ms
[2022-02-04T15:20:47.545-0300][gc,phases     ] GC(24)   Post Evacuate Collection Set: 3,4ms
[2022-02-04T15:20:47.545-0300][gc,phases     ] GC(24)   Other: 0,3ms
[2022-02-04T15:20:47.545-0300][gc,heap       ] GC(24) Eden regions: 47->0(64)
[2022-02-04T15:20:47.545-0300][gc,heap       ] GC(24) Survivor regions: 4->4(7)
[2022-02-04T15:20:47.545-0300][gc,heap       ] GC(24) Old regions: 19->19
[2022-02-04T15:20:47.545-0300][gc,heap       ] GC(24) Humongous regions: 129->129
[2022-02-04T15:20:47.545-0300][gc,metaspace  ] GC(24) Metaspace: 45766K->45766K(1091584K)
[2022-02-04T15:20:47.545-0300][gc            ] GC(24) Pause Young (Normal) (G1 Evacuation Pause) 196M->149M(1024M) 12,117ms
[2022-02-04T15:20:47.545-0300][gc,cpu        ] GC(24) User=0,04s Sys=0,00s Real=0,01s
[2022-02-04T15:32:05.575-0300][gc,start      ] GC(25) Pause Young (Normal) (G1 Evacuation Pause)
[2022-02-04T15:32:05.575-0300][gc,task       ] GC(25) Using 4 workers of 4 for evacuation
[2022-02-04T15:32:05.601-0300][gc,mmu        ] GC(25) MMU target violated: 21,0ms (20,0ms/21,0ms)
[2022-02-04T15:32:05.601-0300][gc,phases     ] GC(25)   Pre Evacuate Collection Set: 0,1ms
[2022-02-04T15:32:05.601-0300][gc,phases     ] GC(25)   Evacuate Collection Set: 23,5ms
[2022-02-04T15:32:05.601-0300][gc,phases     ] GC(25)   Post Evacuate Collection Set: 2,2ms
[2022-02-04T15:32:05.601-0300][gc,phases     ] GC(25)   Other: 0,5ms
[2022-02-04T15:32:05.601-0300][gc,heap       ] GC(25) Eden regions: 64->0(46)
[2022-02-04T15:32:05.601-0300][gc,heap       ] GC(25) Survivor regions: 4->5(9)
[2022-02-04T15:32:05.601-0300][gc,heap       ] GC(25) Old regions: 19->19
[2022-02-04T15:32:05.601-0300][gc,heap       ] GC(25) Humongous regions: 129->129
[2022-02-04T15:32:05.601-0300][gc,metaspace  ] GC(25) Metaspace: 45768K->45768K(1091584K)
[2022-02-04T15:32:05.601-0300][gc            ] GC(25) Pause Young (Normal) (G1 Evacuation Pause) 213M->150M(1024M) 26,507ms
[2022-02-04T15:32:05.601-0300][gc,cpu        ] GC(25) User=0,05s Sys=0,00s Real=0,03s
[2022-02-04T15:39:29.951-0300][gc,start      ] GC(26) Pause Young (Normal) (G1 Evacuation Pause)
[2022-02-04T15:39:29.951-0300][gc,task       ] GC(26) Using 4 workers of 4 for evacuation
[2022-02-04T15:39:29.991-0300][gc,mmu        ] GC(26) MMU target violated: 21,0ms (20,0ms/21,0ms)
[2022-02-04T15:39:29.992-0300][gc,phases     ] GC(26)   Pre Evacuate Collection Set: 0,1ms
[2022-02-04T15:39:29.992-0300][gc,phases     ] GC(26)   Evacuate Collection Set: 39,7ms
[2022-02-04T15:39:29.992-0300][gc,phases     ] GC(26)   Post Evacuate Collection Set: 0,5ms
[2022-02-04T15:39:29.992-0300][gc,phases     ] GC(26)   Other: 0,6ms
[2022-02-04T15:39:29.992-0300][gc,heap       ] GC(26) Eden regions: 46->0(47)
[2022-02-04T15:39:29.992-0300][gc,heap       ] GC(26) Survivor regions: 5->4(7)
[2022-02-04T15:39:29.992-0300][gc,heap       ] GC(26) Old regions: 19->19
[2022-02-04T15:39:29.992-0300][gc,heap       ] GC(26) Humongous regions: 129->129
[2022-02-04T15:39:29.992-0300][gc,metaspace  ] GC(26) Metaspace: 45769K->45769K(1091584K)
[2022-02-04T15:39:29.992-0300][gc            ] GC(26) Pause Young (Normal) (G1 Evacuation Pause) 196M->150M(1024M) 40,992ms
[2022-02-04T15:39:29.992-0300][gc,cpu        ] GC(26) User=0,04s Sys=0,00s Real=0,04s
[2022-02-04T15:47:42.431-0300][gc,start      ] GC(27) Pause Young (Normal) (G1 Evacuation Pause)
[2022-02-04T15:47:42.431-0300][gc,task       ] GC(27) Using 4 workers of 4 for evacuation
[2022-02-04T15:47:42.437-0300][gc,phases     ] GC(27)   Pre Evacuate Collection Set: 0,0ms
[2022-02-04T15:47:42.437-0300][gc,phases     ] GC(27)   Evacuate Collection Set: 5,2ms
[2022-02-04T15:47:42.437-0300][gc,phases     ] GC(27)   Post Evacuate Collection Set: 0,4ms
[2022-02-04T15:47:42.437-0300][gc,phases     ] GC(27)   Other: 0,2ms
[2022-02-04T15:47:42.437-0300][gc,heap       ] GC(27) Eden regions: 47->0(47)
[2022-02-04T15:47:42.437-0300][gc,heap       ] GC(27) Survivor regions: 4->4(7)
[2022-02-04T15:47:42.437-0300][gc,heap       ] GC(27) Old regions: 19->19
[2022-02-04T15:47:42.437-0300][gc,heap       ] GC(27) Humongous regions: 129->129
[2022-02-04T15:47:42.437-0300][gc,metaspace  ] GC(27) Metaspace: 45770K->45770K(1091584K)
[2022-02-04T15:47:42.437-0300][gc            ] GC(27) Pause Young (Normal) (G1 Evacuation Pause) 197M->150M(1024M) 5,878ms
[2022-02-04T15:47:42.437-0300][gc,cpu        ] GC(27) User=0,01s Sys=0,00s Real=0,00s
[2022-02-04T15:55:56.765-0300][gc,start      ] GC(28) Pause Young (Normal) (G1 Evacuation Pause)
[2022-02-04T15:55:56.765-0300][gc,task       ] GC(28) Using 4 workers of 4 for evacuation
[2022-02-04T15:55:56.770-0300][gc,phases     ] GC(28)   Pre Evacuate Collection Set: 0,0ms
[2022-02-04T15:55:56.770-0300][gc,phases     ] GC(28)   Evacuate Collection Set: 4,7ms
[2022-02-04T15:55:56.770-0300][gc,phases     ] GC(28)   Post Evacuate Collection Set: 0,6ms
[2022-02-04T15:55:56.770-0300][gc,phases     ] GC(28)   Other: 0,2ms
[2022-02-04T15:55:56.770-0300][gc,heap       ] GC(28) Eden regions: 47->0(64)
[2022-02-04T15:55:56.770-0300][gc,heap       ] GC(28) Survivor regions: 4->4(7)
[2022-02-04T15:55:56.770-0300][gc,heap       ] GC(28) Old regions: 19->19
[2022-02-04T15:55:56.770-0300][gc,heap       ] GC(28) Humongous regions: 129->129
[2022-02-04T15:55:56.770-0300][gc,metaspace  ] GC(28) Metaspace: 45774K->45774K(1091584K)
[2022-02-04T15:55:56.770-0300][gc            ] GC(28) Pause Young (Normal) (G1 Evacuation Pause) 197M->150M(1024M) 5,636ms
[2022-02-04T15:55:56.770-0300][gc,cpu        ] GC(28) User=0,02s Sys=0,00s Real=0,01s
[2022-02-04T16:07:11.804-0300][gc,start      ] GC(29) Pause Young (Normal) (G1 Evacuation Pause)
[2022-02-04T16:07:11.804-0300][gc,task       ] GC(29) Using 4 workers of 4 for evacuation
[2022-02-04T16:07:11.826-0300][gc,mmu        ] GC(29) MMU target violated: 21,0ms (20,0ms/21,0ms)
[2022-02-04T16:07:11.826-0300][gc,phases     ] GC(29)   Pre Evacuate Collection Set: 0,0ms
[2022-02-04T16:07:11.826-0300][gc,phases     ] GC(29)   Evacuate Collection Set: 20,4ms
[2022-02-04T16:07:11.826-0300][gc,phases     ] GC(29)   Post Evacuate Collection Set: 1,1ms
[2022-02-04T16:07:11.826-0300][gc,phases     ] GC(29)   Other: 0,7ms
[2022-02-04T16:07:11.826-0300][gc,heap       ] GC(29) Eden regions: 64->0(56)
[2022-02-04T16:07:11.826-0300][gc,heap       ] GC(29) Survivor regions: 4->3(9)
[2022-02-04T16:07:11.826-0300][gc,heap       ] GC(29) Old regions: 19->19
[2022-02-04T16:07:11.826-0300][gc,heap       ] GC(29) Humongous regions: 129->129
[2022-02-04T16:07:11.826-0300][gc,metaspace  ] GC(29) Metaspace: 45793K->45793K(1091584K)
[2022-02-04T16:07:11.826-0300][gc            ] GC(29) Pause Young (Normal) (G1 Evacuation Pause) 214M->149M(1024M) 22,440ms
[2022-02-04T16:07:11.826-0300][gc,cpu        ] GC(29) User=0,05s Sys=0,00s Real=0,02s
[2022-02-04T16:17:04.196-0300][gc,start      ] GC(30) Pause Young (Normal) (G1 Evacuation Pause)
[2022-02-04T16:17:04.196-0300][gc,task       ] GC(30) Using 4 workers of 4 for evacuation
[2022-02-04T16:17:04.212-0300][gc,phases     ] GC(30)   Pre Evacuate Collection Set: 0,0ms
[2022-02-04T16:17:04.212-0300][gc,phases     ] GC(30)   Evacuate Collection Set: 14,9ms
[2022-02-04T16:17:04.212-0300][gc,phases     ] GC(30)   Post Evacuate Collection Set: 0,6ms
[2022-02-04T16:17:04.212-0300][gc,phases     ] GC(30)   Other: 0,4ms
[2022-02-04T16:17:04.212-0300][gc,heap       ] GC(30) Eden regions: 56->0(70)
[2022-02-04T16:17:04.212-0300][gc,heap       ] GC(30) Survivor regions: 3->4(8)
[2022-02-04T16:17:04.212-0300][gc,heap       ] GC(30) Old regions: 19->19
[2022-02-04T16:17:04.212-0300][gc,heap       ] GC(30) Humongous regions: 129->129
[2022-02-04T16:17:04.212-0300][gc,metaspace  ] GC(30) Metaspace: 45793K->45793K(1091584K)
[2022-02-04T16:17:04.212-0300][gc            ] GC(30) Pause Young (Normal) (G1 Evacuation Pause) 205M->150M(1024M) 16,052ms
[2022-02-04T16:17:04.212-0300][gc,cpu        ] GC(30) User=0,03s Sys=0,00s Real=0,02s
[2022-02-04T16:29:26.894-0300][gc,start      ] GC(31) Pause Young (Normal) (G1 Evacuation Pause)
[2022-02-04T16:29:26.894-0300][gc,task       ] GC(31) Using 4 workers of 4 for evacuation
[2022-02-04T16:29:26.903-0300][gc,phases     ] GC(31)   Pre Evacuate Collection Set: 0,0ms
[2022-02-04T16:29:26.903-0300][gc,phases     ] GC(31)   Evacuate Collection Set: 7,6ms
[2022-02-04T16:29:26.903-0300][gc,phases     ] GC(31)   Post Evacuate Collection Set: 0,8ms
[2022-02-04T16:29:26.903-0300][gc,phases     ] GC(31)   Other: 0,4ms
[2022-02-04T16:29:26.903-0300][gc,heap       ] GC(31) Eden regions: 70->0(124)
[2022-02-04T16:29:26.903-0300][gc,heap       ] GC(31) Survivor regions: 4->4(10)
[2022-02-04T16:29:26.903-0300][gc,heap       ] GC(31) Old regions: 19->19
[2022-02-04T16:29:26.903-0300][gc,heap       ] GC(31) Humongous regions: 129->129
[2022-02-04T16:29:26.903-0300][gc,metaspace  ] GC(31) Metaspace: 45794K->45794K(1091584K)
[2022-02-04T16:29:26.903-0300][gc            ] GC(31) Pause Young (Normal) (G1 Evacuation Pause) 220M->150M(1024M) 9,015ms
[2022-02-04T16:29:26.903-0300][gc,cpu        ] GC(31) User=0,02s Sys=0,00s Real=0,01s
[2022-02-04T16:53:30.238-0300][gc,start      ] GC(32) Pause Young (Normal) (G1 Evacuation Pause)
[2022-02-04T16:53:30.238-0300][gc,task       ] GC(32) Using 4 workers of 4 for evacuation
[2022-02-04T16:53:30.279-0300][gc,mmu        ] GC(32) MMU target violated: 21,0ms (20,0ms/21,0ms)
[2022-02-04T16:53:30.280-0300][gc,phases     ] GC(32)   Pre Evacuate Collection Set: 0,1ms
[2022-02-04T16:53:30.280-0300][gc,phases     ] GC(32)   Evacuate Collection Set: 36,0ms
[2022-02-04T16:53:30.280-0300][gc,phases     ] GC(32)   Post Evacuate Collection Set: 1,0ms
[2022-02-04T16:53:30.280-0300][gc,phases     ] GC(32)   Other: 4,3ms
[2022-02-04T16:53:30.280-0300][gc,heap       ] GC(32) Eden regions: 124->0(47)
[2022-02-04T16:53:30.280-0300][gc,heap       ] GC(32) Survivor regions: 4->4(16)
[2022-02-04T16:53:30.280-0300][gc,heap       ] GC(32) Old regions: 19->19
[2022-02-04T16:53:30.280-0300][gc,heap       ] GC(32) Humongous regions: 129->129
[2022-02-04T16:53:30.280-0300][gc,metaspace  ] GC(32) Metaspace: 45858K->45858K(1091584K)
[2022-02-04T16:53:30.280-0300][gc            ] GC(32) Pause Young (Normal) (G1 Evacuation Pause) 274M->150M(1024M) 41,446ms
[2022-02-04T16:53:30.280-0300][gc,cpu        ] GC(32) User=0,05s Sys=0,01s Real=0,05s
[2022-02-04T16:59:22.678-0300][gc,start      ] GC(33) Pause Young (Normal) (G1 Evacuation Pause)
[2022-02-04T16:59:22.678-0300][gc,task       ] GC(33) Using 4 workers of 4 for evacuation
[2022-02-04T16:59:22.690-0300][gc,phases     ] GC(33)   Pre Evacuate Collection Set: 0,0ms
[2022-02-04T16:59:22.690-0300][gc,phases     ] GC(33)   Evacuate Collection Set: 10,8ms
[2022-02-04T16:59:22.690-0300][gc,phases     ] GC(33)   Post Evacuate Collection Set: 0,7ms
[2022-02-04T16:59:22.690-0300][gc,phases     ] GC(33)   Other: 0,3ms
[2022-02-04T16:59:22.690-0300][gc,heap       ] GC(33) Eden regions: 47->0(47)
[2022-02-04T16:59:22.690-0300][gc,heap       ] GC(33) Survivor regions: 4->4(7)
[2022-02-04T16:59:22.690-0300][gc,heap       ] GC(33) Old regions: 19->19
[2022-02-04T16:59:22.690-0300][gc,heap       ] GC(33) Humongous regions: 129->129
[2022-02-04T16:59:22.690-0300][gc,metaspace  ] GC(33) Metaspace: 45874K->45874K(1091584K)
[2022-02-04T16:59:22.690-0300][gc            ] GC(33) Pause Young (Normal) (G1 Evacuation Pause) 197M->150M(1024M) 12,018ms
[2022-02-04T16:59:22.690-0300][gc,cpu        ] GC(33) User=0,02s Sys=0,01s Real=0,02s
[2022-02-04T17:05:25.238-0300][gc,start      ] GC(34) Pause Young (Normal) (G1 Evacuation Pause)
[2022-02-04T17:05:25.238-0300][gc,task       ] GC(34) Using 4 workers of 4 for evacuation
[2022-02-04T17:05:25.248-0300][gc,phases     ] GC(34)   Pre Evacuate Collection Set: 0,0ms
[2022-02-04T17:05:25.248-0300][gc,phases     ] GC(34)   Evacuate Collection Set: 8,8ms
[2022-02-04T17:05:25.248-0300][gc,phases     ] GC(34)   Post Evacuate Collection Set: 1,5ms
[2022-02-04T17:05:25.248-0300][gc,phases     ] GC(34)   Other: 0,2ms
[2022-02-04T17:05:25.248-0300][gc,heap       ] GC(34) Eden regions: 47->0(52)
[2022-02-04T17:05:25.248-0300][gc,heap       ] GC(34) Survivor regions: 4->3(7)
[2022-02-04T17:05:25.248-0300][gc,heap       ] GC(34) Old regions: 19->20
[2022-02-04T17:05:25.248-0300][gc,heap       ] GC(34) Humongous regions: 129->129
[2022-02-04T17:05:25.248-0300][gc,metaspace  ] GC(34) Metaspace: 45908K->45908K(1091584K)
[2022-02-04T17:05:25.248-0300][gc            ] GC(34) Pause Young (Normal) (G1 Evacuation Pause) 197M->150M(1024M) 10,640ms
[2022-02-04T17:05:25.248-0300][gc,cpu        ] GC(34) User=0,01s Sys=0,00s Real=0,02s
[2022-02-04T17:11:51.849-0300][gc,start      ] GC(35) Pause Young (Normal) (G1 Evacuation Pause)
[2022-02-04T17:11:51.849-0300][gc,task       ] GC(35) Using 4 workers of 4 for evacuation
[2022-02-04T17:11:51.855-0300][gc,phases     ] GC(35)   Pre Evacuate Collection Set: 0,0ms
[2022-02-04T17:11:51.855-0300][gc,phases     ] GC(35)   Evacuate Collection Set: 4,9ms
[2022-02-04T17:11:51.855-0300][gc,phases     ] GC(35)   Post Evacuate Collection Set: 0,5ms
[2022-02-04T17:11:51.855-0300][gc,phases     ] GC(35)   Other: 0,3ms
[2022-02-04T17:11:51.855-0300][gc,heap       ] GC(35) Eden regions: 52->0(72)
[2022-02-04T17:11:51.855-0300][gc,heap       ] GC(35) Survivor regions: 3->4(7)
[2022-02-04T17:11:51.855-0300][gc,heap       ] GC(35) Old regions: 20->20
[2022-02-04T17:11:51.855-0300][gc,heap       ] GC(35) Humongous regions: 129->129
[2022-02-04T17:11:51.855-0300][gc,metaspace  ] GC(35) Metaspace: 45908K->45908K(1091584K)
[2022-02-04T17:11:51.855-0300][gc            ] GC(35) Pause Young (Normal) (G1 Evacuation Pause) 202M->151M(1024M) 5,772ms
[2022-02-04T17:11:51.855-0300][gc,cpu        ] GC(35) User=0,02s Sys=0,00s Real=0,00s
[2022-02-04T17:20:48.916-0300][gc,start      ] GC(36) Pause Young (Normal) (G1 Evacuation Pause)
[2022-02-04T17:20:48.916-0300][gc,task       ] GC(36) Using 4 workers of 4 for evacuation
[2022-02-04T17:20:48.924-0300][gc,phases     ] GC(36)   Pre Evacuate Collection Set: 0,0ms
[2022-02-04T17:20:48.924-0300][gc,phases     ] GC(36)   Evacuate Collection Set: 6,6ms
[2022-02-04T17:20:48.924-0300][gc,phases     ] GC(36)   Post Evacuate Collection Set: 1,1ms
[2022-02-04T17:20:48.924-0300][gc,phases     ] GC(36)   Other: 0,2ms
[2022-02-04T17:20:48.924-0300][gc,heap       ] GC(36) Eden regions: 72->0(98)
[2022-02-04T17:20:48.924-0300][gc,heap       ] GC(36) Survivor regions: 4->4(10)
[2022-02-04T17:20:48.924-0300][gc,heap       ] GC(36) Old regions: 20->20
[2022-02-04T17:20:48.924-0300][gc,heap       ] GC(36) Humongous regions: 129->129
[2022-02-04T17:20:48.924-0300][gc,metaspace  ] GC(36) Metaspace: 45911K->45911K(1091584K)
[2022-02-04T17:20:48.924-0300][gc            ] GC(36) Pause Young (Normal) (G1 Evacuation Pause) 223M->150M(1024M) 7,996ms
[2022-02-04T17:20:48.924-0300][gc,cpu        ] GC(36) User=0,02s Sys=0,00s Real=0,01s
[2022-02-04T17:33:13.916-0300][gc,start      ] GC(37) Pause Young (Normal) (G1 Evacuation Pause)
[2022-02-04T17:33:13.916-0300][gc,task       ] GC(37) Using 4 workers of 4 for evacuation
[2022-02-04T17:33:13.923-0300][gc,phases     ] GC(37)   Pre Evacuate Collection Set: 0,0ms
[2022-02-04T17:33:13.923-0300][gc,phases     ] GC(37)   Evacuate Collection Set: 5,6ms
[2022-02-04T17:33:13.923-0300][gc,phases     ] GC(37)   Post Evacuate Collection Set: 0,5ms
[2022-02-04T17:33:13.923-0300][gc,phases     ] GC(37)   Other: 0,2ms
[2022-02-04T17:33:13.923-0300][gc,heap       ] GC(37) Eden regions: 97->0(137)
[2022-02-04T17:33:13.923-0300][gc,heap       ] GC(37) Survivor regions: 4->5(13)
[2022-02-04T17:33:13.923-0300][gc,heap       ] GC(37) Old regions: 20->20
[2022-02-04T17:33:13.923-0300][gc,heap       ] GC(37) Humongous regions: 129->129
[2022-02-04T17:33:13.923-0300][gc,metaspace  ] GC(37) Metaspace: 45921K->45921K(1091584K)
[2022-02-04T17:33:13.923-0300][gc            ] GC(37) Pause Young (Normal) (G1 Evacuation Pause) 247M->152M(1024M) 6,444ms
[2022-02-04T17:33:13.923-0300][gc,cpu        ] GC(37) User=0,02s Sys=0,00s Real=0,01s
[2022-02-04T17:50:28.408-0300][gc,start      ] GC(38) Pause Young (Normal) (G1 Evacuation Pause)
[2022-02-04T17:50:28.408-0300][gc,task       ] GC(38) Using 4 workers of 4 for evacuation
[2022-02-04T17:50:28.461-0300][gc,mmu        ] GC(38) MMU target violated: 21,0ms (20,0ms/21,0ms)
[2022-02-04T17:50:28.461-0300][gc,phases     ] GC(38)   Pre Evacuate Collection Set: 0,0ms
[2022-02-04T17:50:28.461-0300][gc,phases     ] GC(38)   Evacuate Collection Set: 51,6ms
[2022-02-04T17:50:28.461-0300][gc,phases     ] GC(38)   Post Evacuate Collection Set: 1,2ms
[2022-02-04T17:50:28.461-0300][gc,phases     ] GC(38)   Other: 0,6ms
[2022-02-04T17:50:28.461-0300][gc,heap       ] GC(38) Eden regions: 137->0(45)
[2022-02-04T17:50:28.461-0300][gc,heap       ] GC(38) Survivor regions: 5->6(18)
[2022-02-04T17:50:28.461-0300][gc,heap       ] GC(38) Old regions: 20->20
[2022-02-04T17:50:28.461-0300][gc,heap       ] GC(38) Humongous regions: 129->129
[2022-02-04T17:50:28.461-0300][gc,metaspace  ] GC(38) Metaspace: 45947K->45947K(1091584K)
[2022-02-04T17:50:28.461-0300][gc            ] GC(38) Pause Young (Normal) (G1 Evacuation Pause) 289M->153M(1024M) 53,679ms
[2022-02-04T17:50:28.461-0300][gc,cpu        ] GC(38) User=0,09s Sys=0,01s Real=0,05s
[2022-02-04T17:56:01.966-0300][gc,start      ] GC(39) Pause Young (Normal) (G1 Evacuation Pause)
[2022-02-04T17:56:01.966-0300][gc,task       ] GC(39) Using 4 workers of 4 for evacuation
[2022-02-04T17:56:01.989-0300][gc,mmu        ] GC(39) MMU target violated: 21,0ms (20,0ms/21,0ms)
[2022-02-04T17:56:01.989-0300][gc,phases     ] GC(39)   Pre Evacuate Collection Set: 0,0ms
[2022-02-04T17:56:01.989-0300][gc,phases     ] GC(39)   Evacuate Collection Set: 21,9ms
[2022-02-04T17:56:01.989-0300][gc,phases     ] GC(39)   Post Evacuate Collection Set: 0,4ms
[2022-02-04T17:56:01.989-0300][gc,phases     ] GC(39)   Other: 0,3ms
[2022-02-04T17:56:01.989-0300][gc,heap       ] GC(39) Eden regions: 45->0(48)
[2022-02-04T17:56:01.989-0300][gc,heap       ] GC(39) Survivor regions: 6->3(7)
[2022-02-04T17:56:01.989-0300][gc,heap       ] GC(39) Old regions: 20->24
[2022-02-04T17:56:01.989-0300][gc,heap       ] GC(39) Humongous regions: 129->129
[2022-02-04T17:56:01.989-0300][gc,metaspace  ] GC(39) Metaspace: 45947K->45947K(1091584K)
[2022-02-04T17:56:01.989-0300][gc            ] GC(39) Pause Young (Normal) (G1 Evacuation Pause) 198M->153M(1024M) 22,738ms
[2022-02-04T17:56:01.989-0300][gc,cpu        ] GC(39) User=0,07s Sys=0,00s Real=0,03s
[2022-02-04T18:01:57.116-0300][gc,start      ] GC(40) Pause Young (Normal) (G1 Evacuation Pause)
[2022-02-04T18:01:57.116-0300][gc,task       ] GC(40) Using 4 workers of 4 for evacuation
[2022-02-04T18:01:57.136-0300][gc,mmu        ] GC(40) MMU target violated: 20,5ms (20,0ms/21,0ms)
[2022-02-04T18:01:57.136-0300][gc,phases     ] GC(40)   Pre Evacuate Collection Set: 0,0ms
[2022-02-04T18:01:57.136-0300][gc,phases     ] GC(40)   Evacuate Collection Set: 19,4ms
[2022-02-04T18:01:57.136-0300][gc,phases     ] GC(40)   Post Evacuate Collection Set: 0,9ms
[2022-02-04T18:01:57.136-0300][gc,phases     ] GC(40)   Other: 0,4ms
[2022-02-04T18:01:57.136-0300][gc,heap       ] GC(40) Eden regions: 48->0(44)
[2022-02-04T18:01:57.137-0300][gc,heap       ] GC(40) Survivor regions: 3->7(7)
[2022-02-04T18:01:57.137-0300][gc,heap       ] GC(40) Old regions: 24->24
[2022-02-04T18:01:57.137-0300][gc,heap       ] GC(40) Humongous regions: 129->129
[2022-02-04T18:01:57.137-0300][gc,metaspace  ] GC(40) Metaspace: 45954K->45954K(1091584K)
[2022-02-04T18:01:57.137-0300][gc            ] GC(40) Pause Young (Normal) (G1 Evacuation Pause) 201M->157M(1024M) 20,911ms
[2022-02-04T18:01:57.137-0300][gc,cpu        ] GC(40) User=0,06s Sys=0,00s Real=0,02s
[2022-02-04T18:07:22.820-0300][gc,start      ] GC(41) Pause Young (Normal) (G1 Evacuation Pause)
[2022-02-04T18:07:22.820-0300][gc,task       ] GC(41) Using 4 workers of 4 for evacuation
[2022-02-04T18:07:22.853-0300][gc,mmu        ] GC(41) MMU target violated: 21,0ms (20,0ms/21,0ms)
[2022-02-04T18:07:22.853-0300][gc,phases     ] GC(41)   Pre Evacuate Collection Set: 0,1ms
[2022-02-04T18:07:22.853-0300][gc,phases     ] GC(41)   Evacuate Collection Set: 32,0ms
[2022-02-04T18:07:22.853-0300][gc,phases     ] GC(41)   Post Evacuate Collection Set: 0,8ms
[2022-02-04T18:07:22.854-0300][gc,phases     ] GC(41)   Other: 0,5ms
[2022-02-04T18:07:22.854-0300][gc,heap       ] GC(41) Eden regions: 44->0(46)
[2022-02-04T18:07:22.854-0300][gc,heap       ] GC(41) Survivor regions: 7->5(7)
[2022-02-04T18:07:22.854-0300][gc,heap       ] GC(41) Old regions: 24->30
[2022-02-04T18:07:22.854-0300][gc,heap       ] GC(41) Humongous regions: 129->129
[2022-02-04T18:07:22.854-0300][gc,metaspace  ] GC(41) Metaspace: 45954K->45954K(1091584K)
[2022-02-04T18:07:22.854-0300][gc            ] GC(41) Pause Young (Normal) (G1 Evacuation Pause) 201M->161M(1024M) 33,423ms
[2022-02-04T18:07:22.854-0300][gc,cpu        ] GC(41) User=0,09s Sys=0,00s Real=0,03s
[2022-02-04T18:13:03.756-0300][gc,start      ] GC(42) Pause Young (Normal) (G1 Evacuation Pause)
[2022-02-04T18:13:03.756-0300][gc,task       ] GC(42) Using 4 workers of 4 for evacuation
[2022-02-04T18:13:03.779-0300][gc,mmu        ] GC(42) MMU target violated: 21,0ms (20,0ms/21,0ms)
[2022-02-04T18:13:03.779-0300][gc,phases     ] GC(42)   Pre Evacuate Collection Set: 0,0ms
[2022-02-04T18:13:03.779-0300][gc,phases     ] GC(42)   Evacuate Collection Set: 22,6ms
[2022-02-04T18:13:03.779-0300][gc,phases     ] GC(42)   Post Evacuate Collection Set: 0,3ms
[2022-02-04T18:13:03.779-0300][gc,phases     ] GC(42)   Other: 0,4ms
[2022-02-04T18:13:03.779-0300][gc,heap       ] GC(42) Eden regions: 46->0(46)
[2022-02-04T18:13:03.779-0300][gc,heap       ] GC(42) Survivor regions: 5->5(7)
[2022-02-04T18:13:03.779-0300][gc,heap       ] GC(42) Old regions: 30->33
[2022-02-04T18:13:03.779-0300][gc,heap       ] GC(42) Humongous regions: 129->129
[2022-02-04T18:13:03.779-0300][gc,metaspace  ] GC(42) Metaspace: 45954K->45954K(1091584K)
[2022-02-04T18:13:03.779-0300][gc            ] GC(42) Pause Young (Normal) (G1 Evacuation Pause) 207M->165M(1024M) 23,423ms
[2022-02-04T18:13:03.779-0300][gc,cpu        ] GC(42) User=0,06s Sys=0,00s Real=0,03s
[2022-02-04T18:14:49.056-0300][gc,heap,exit  ] Heap
[2022-02-04T18:14:49.056-0300][gc,heap,exit  ]  garbage-first heap   total 1048576K, used 189786K [0x00000000c0000000, 0x0000000100000000)
[2022-02-04T18:14:49.056-0300][gc,heap,exit  ]   region size 1024K, 27 young (27648K), 5 survivors (5120K)
[2022-02-04T18:14:49.056-0300][gc,heap,exit  ]  Metaspace       used 46826K, capacity 50041K, committed 50176K, reserved 1091584K
[2022-02-04T18:14:49.056-0300][gc,heap,exit  ]   class space    used 6386K, capacity 7858K, committed 7936K, reserved 1048576K
