[2022-02-08T09:28:32.681-0300][gc,heap] Heap region size: 1M
[2022-02-08T09:28:32.690-0300][gc     ] Using G1
[2022-02-08T09:28:32.690-0300][gc,heap,coops] Heap address: 0x00000000c0000000, size: 1024 MB, Compressed Oops mode: 32-bit
[2022-02-08T09:28:32.690-0300][gc,cds       ] Mark closed archive regions in map: [0x00000000fff00000, 0x00000000fff6aff8]
[2022-02-08T09:28:32.690-0300][gc,cds       ] Mark open archive regions in map: [0x00000000ffe00000, 0x00000000ffe46ff8]
[2022-02-08T09:28:34.058-0300][gc,start     ] GC(0) Pause Young (Normal) (G1 Evacuation Pause)
[2022-02-08T09:28:34.059-0300][gc,task      ] GC(0) Using 4 workers of 4 for evacuation
[2022-02-08T09:28:34.071-0300][gc,phases    ] GC(0)   Pre Evacuate Collection Set: 0,0ms
[2022-02-08T09:28:34.071-0300][gc,phases    ] GC(0)   Evacuate Collection Set: 11,6ms
[2022-02-08T09:28:34.071-0300][gc,phases    ] GC(0)   Post Evacuate Collection Set: 0,4ms
[2022-02-08T09:28:34.071-0300][gc,phases    ] GC(0)   Other: 0,3ms
[2022-02-08T09:28:34.071-0300][gc,heap      ] GC(0) Eden regions: 51->0(44)
[2022-02-08T09:28:34.071-0300][gc,heap      ] GC(0) Survivor regions: 0->7(7)
[2022-02-08T09:28:34.071-0300][gc,heap      ] GC(0) Old regions: 2->2
[2022-02-08T09:28:34.071-0300][gc,heap      ] GC(0) Humongous regions: 0->0
[2022-02-08T09:28:34.071-0300][gc,metaspace ] GC(0) Metaspace: 14791K->14791K(1062912K)
[2022-02-08T09:28:34.071-0300][gc           ] GC(0) Pause Young (Normal) (G1 Evacuation Pause) 51M->7M(1024M) 12,405ms
[2022-02-08T09:28:34.071-0300][gc,cpu       ] GC(0) User=0,04s Sys=0,00s Real=0,01s
[2022-02-08T09:28:34.556-0300][gc,start     ] GC(1) Pause Young (Concurrent Start) (Metadata GC Threshold)
[2022-02-08T09:28:34.556-0300][gc,task      ] GC(1) Using 4 workers of 4 for evacuation
[2022-02-08T09:28:34.572-0300][gc,phases    ] GC(1)   Pre Evacuate Collection Set: 0,1ms
[2022-02-08T09:28:34.572-0300][gc,phases    ] GC(1)   Evacuate Collection Set: 15,3ms
[2022-02-08T09:28:34.572-0300][gc,phases    ] GC(1)   Post Evacuate Collection Set: 0,4ms
[2022-02-08T09:28:34.572-0300][gc,phases    ] GC(1)   Other: 0,2ms
[2022-02-08T09:28:34.572-0300][gc,heap      ] GC(1) Eden regions: 25->0(50)
[2022-02-08T09:28:34.572-0300][gc,heap      ] GC(1) Survivor regions: 7->1(7)
[2022-02-08T09:28:34.572-0300][gc,heap      ] GC(1) Old regions: 2->9
[2022-02-08T09:28:34.572-0300][gc,heap      ] GC(1) Humongous regions: 0->0
[2022-02-08T09:28:34.572-0300][gc,metaspace ] GC(1) Metaspace: 20636K->20636K(1067008K)
[2022-02-08T09:28:34.572-0300][gc           ] GC(1) Pause Young (Concurrent Start) (Metadata GC Threshold) 32M->8M(1024M) 16,119ms
[2022-02-08T09:28:34.572-0300][gc,cpu       ] GC(1) User=0,03s Sys=0,01s Real=0,02s
[2022-02-08T09:28:34.572-0300][gc           ] GC(2) Concurrent Cycle
[2022-02-08T09:28:34.572-0300][gc,marking   ] GC(2) Concurrent Clear Claimed Marks
[2022-02-08T09:28:34.572-0300][gc,marking   ] GC(2) Concurrent Clear Claimed Marks 0,046ms
[2022-02-08T09:28:34.572-0300][gc,marking   ] GC(2) Concurrent Scan Root Regions
[2022-02-08T09:28:34.573-0300][gc,marking   ] GC(2) Concurrent Scan Root Regions 1,215ms
[2022-02-08T09:28:34.573-0300][gc,marking   ] GC(2) Concurrent Mark (1,913s)
[2022-02-08T09:28:34.574-0300][gc,marking   ] GC(2) Concurrent Mark From Roots
[2022-02-08T09:28:34.574-0300][gc,task      ] GC(2) Using 1 workers of 1 for marking
[2022-02-08T09:28:34.590-0300][gc,marking   ] GC(2) Concurrent Mark From Roots 16,108ms
[2022-02-08T09:28:34.590-0300][gc,marking   ] GC(2) Concurrent Preclean
[2022-02-08T09:28:34.590-0300][gc,marking   ] GC(2) Concurrent Preclean 0,283ms
[2022-02-08T09:28:34.590-0300][gc,marking   ] GC(2) Concurrent Mark (1,913s, 1,930s) 16,494ms
[2022-02-08T09:28:34.590-0300][gc,start     ] GC(2) Pause Remark
[2022-02-08T09:28:34.595-0300][gc,stringtable] GC(2) Cleaned string and symbol table, strings: 5236 processed, 0 removed, symbols: 51303 processed, 60 removed
[2022-02-08T09:28:34.595-0300][gc            ] GC(2) Pause Remark 8M->8M(1024M) 5,039ms
[2022-02-08T09:28:34.595-0300][gc,cpu        ] GC(2) User=0,01s Sys=0,00s Real=0,00s
[2022-02-08T09:28:34.595-0300][gc,marking    ] GC(2) Concurrent Rebuild Remembered Sets
[2022-02-08T09:28:34.602-0300][gc,marking    ] GC(2) Concurrent Rebuild Remembered Sets 6,853ms
[2022-02-08T09:28:34.602-0300][gc,start      ] GC(2) Pause Cleanup
[2022-02-08T09:28:34.602-0300][gc            ] GC(2) Pause Cleanup 8M->8M(1024M) 0,197ms
[2022-02-08T09:28:34.602-0300][gc,cpu        ] GC(2) User=0,00s Sys=0,00s Real=0,00s
[2022-02-08T09:28:34.602-0300][gc,marking    ] GC(2) Concurrent Cleanup for Next Mark
[2022-02-08T09:28:34.621-0300][gc,marking    ] GC(2) Concurrent Cleanup for Next Mark 18,229ms
[2022-02-08T09:28:34.621-0300][gc            ] GC(2) Concurrent Cycle 48,495ms
[2022-02-08T09:28:35.448-0300][gc,start      ] GC(3) Pause Young (Normal) (G1 Evacuation Pause)
[2022-02-08T09:28:35.448-0300][gc,task       ] GC(3) Using 4 workers of 4 for evacuation
[2022-02-08T09:28:35.457-0300][gc,phases     ] GC(3)   Pre Evacuate Collection Set: 0,0ms
[2022-02-08T09:28:35.457-0300][gc,phases     ] GC(3)   Evacuate Collection Set: 7,8ms
[2022-02-08T09:28:35.457-0300][gc,phases     ] GC(3)   Post Evacuate Collection Set: 0,5ms
[2022-02-08T09:28:35.457-0300][gc,phases     ] GC(3)   Other: 0,2ms
[2022-02-08T09:28:35.457-0300][gc,heap       ] GC(3) Eden regions: 50->0(46)
[2022-02-08T09:28:35.457-0300][gc,heap       ] GC(3) Survivor regions: 1->5(7)
[2022-02-08T09:28:35.457-0300][gc,heap       ] GC(3) Old regions: 9->9
[2022-02-08T09:28:35.457-0300][gc,heap       ] GC(3) Humongous regions: 129->129
[2022-02-08T09:28:35.457-0300][gc,metaspace  ] GC(3) Metaspace: 29037K->29037K(1075200K)
[2022-02-08T09:28:35.457-0300][gc            ] GC(3) Pause Young (Normal) (G1 Evacuation Pause) 186M->140M(1024M) 8,703ms
[2022-02-08T09:28:35.457-0300][gc,cpu        ] GC(3) User=0,02s Sys=0,00s Real=0,00s
[2022-02-08T09:28:35.999-0300][gc,start      ] GC(4) Pause Young (Concurrent Start) (Metadata GC Threshold)
[2022-02-08T09:28:35.999-0300][gc,task       ] GC(4) Using 4 workers of 4 for evacuation
[2022-02-08T09:28:36.014-0300][gc,phases     ] GC(4)   Pre Evacuate Collection Set: 0,1ms
[2022-02-08T09:28:36.014-0300][gc,phases     ] GC(4)   Evacuate Collection Set: 13,8ms
[2022-02-08T09:28:36.014-0300][gc,phases     ] GC(4)   Post Evacuate Collection Set: 0,8ms
[2022-02-08T09:28:36.014-0300][gc,phases     ] GC(4)   Other: 0,2ms
[2022-02-08T09:28:36.014-0300][gc,heap       ] GC(4) Eden regions: 26->0(45)
[2022-02-08T09:28:36.014-0300][gc,heap       ] GC(4) Survivor regions: 5->6(7)
[2022-02-08T09:28:36.014-0300][gc,heap       ] GC(4) Old regions: 9->10
[2022-02-08T09:28:36.014-0300][gc,heap       ] GC(4) Humongous regions: 129->129
[2022-02-08T09:28:36.014-0300][gc,metaspace  ] GC(4) Metaspace: 34496K->34496K(1081344K)
[2022-02-08T09:28:36.014-0300][gc            ] GC(4) Pause Young (Concurrent Start) (Metadata GC Threshold) 165M->142M(1024M) 15,044ms
[2022-02-08T09:28:36.014-0300][gc,cpu        ] GC(4) User=0,03s Sys=0,00s Real=0,01s
[2022-02-08T09:28:36.014-0300][gc            ] GC(5) Concurrent Cycle
[2022-02-08T09:28:36.014-0300][gc,marking    ] GC(5) Concurrent Clear Claimed Marks
[2022-02-08T09:28:36.014-0300][gc,marking    ] GC(5) Concurrent Clear Claimed Marks 0,099ms
[2022-02-08T09:28:36.014-0300][gc,marking    ] GC(5) Concurrent Scan Root Regions
[2022-02-08T09:28:36.019-0300][gc,marking    ] GC(5) Concurrent Scan Root Regions 4,207ms
[2022-02-08T09:28:36.019-0300][gc,marking    ] GC(5) Concurrent Mark (3,358s)
[2022-02-08T09:28:36.019-0300][gc,marking    ] GC(5) Concurrent Mark From Roots
[2022-02-08T09:28:36.019-0300][gc,task       ] GC(5) Using 1 workers of 1 for marking
[2022-02-08T09:28:36.090-0300][gc,marking    ] GC(5) Concurrent Mark From Roots 71,435ms
[2022-02-08T09:28:36.090-0300][gc,marking    ] GC(5) Concurrent Preclean
[2022-02-08T09:28:36.090-0300][gc,marking    ] GC(5) Concurrent Preclean 0,100ms
[2022-02-08T09:28:36.090-0300][gc,marking    ] GC(5) Concurrent Mark (3,358s, 3,430s) 71,586ms
[2022-02-08T09:28:36.094-0300][gc,start      ] GC(5) Pause Remark
[2022-02-08T09:28:36.099-0300][gc,stringtable] GC(5) Cleaned string and symbol table, strings: 10549 processed, 11 removed, symbols: 84135 processed, 16 removed
[2022-02-08T09:28:36.099-0300][gc            ] GC(5) Pause Remark 145M->145M(1024M) 5,385ms
[2022-02-08T09:28:36.099-0300][gc,cpu        ] GC(5) User=0,01s Sys=0,00s Real=0,01s
[2022-02-08T09:28:36.099-0300][gc,marking    ] GC(5) Concurrent Rebuild Remembered Sets
[2022-02-08T09:28:36.124-0300][gc,marking    ] GC(5) Concurrent Rebuild Remembered Sets 24,353ms
[2022-02-08T09:28:36.127-0300][gc,start      ] GC(5) Pause Cleanup
[2022-02-08T09:28:36.127-0300][gc            ] GC(5) Pause Cleanup 147M->147M(1024M) 0,239ms
[2022-02-08T09:28:36.127-0300][gc,cpu        ] GC(5) User=0,00s Sys=0,00s Real=0,00s
[2022-02-08T09:28:36.127-0300][gc,marking    ] GC(5) Concurrent Cleanup for Next Mark
[2022-02-08T09:28:36.154-0300][gc,marking    ] GC(5) Concurrent Cleanup for Next Mark 26,542ms
[2022-02-08T09:28:36.154-0300][gc            ] GC(5) Concurrent Cycle 139,794ms
[2022-02-08T09:31:10.724-0300][gc,start      ] GC(6) Pause Young (Concurrent Start) (G1 Evacuation Pause)
[2022-02-08T09:31:10.724-0300][gc,task       ] GC(6) Using 4 workers of 4 for evacuation
[2022-02-08T09:31:10.764-0300][gc,mmu        ] GC(6) MMU target violated: 21,0ms (20,0ms/21,0ms)
[2022-02-08T09:31:10.764-0300][gc,phases     ] GC(6)   Pre Evacuate Collection Set: 0,1ms
[2022-02-08T09:31:10.764-0300][gc,phases     ] GC(6)   Evacuate Collection Set: 37,8ms
[2022-02-08T09:31:10.764-0300][gc,phases     ] GC(6)   Post Evacuate Collection Set: 1,1ms
[2022-02-08T09:31:10.764-0300][gc,phases     ] GC(6)   Other: 0,3ms
[2022-02-08T09:31:10.764-0300][gc,heap       ] GC(6) Eden regions: 45->0(46)
[2022-02-08T09:31:10.764-0300][gc,heap       ] GC(6) Survivor regions: 6->5(7)
[2022-02-08T09:31:10.764-0300][gc,heap       ] GC(6) Old regions: 10->13
[2022-02-08T09:31:10.764-0300][gc,heap       ] GC(6) Humongous regions: 129->129
[2022-02-08T09:31:10.764-0300][gc,metaspace  ] GC(6) Metaspace: 40199K->40199K(1085440K)
[2022-02-08T09:31:10.764-0300][gc            ] GC(6) Pause Young (Concurrent Start) (G1 Evacuation Pause) 187M->144M(1024M) 39,421ms
[2022-02-08T09:31:10.764-0300][gc,cpu        ] GC(6) User=0,04s Sys=0,00s Real=0,04s
[2022-02-08T09:31:10.764-0300][gc            ] GC(7) Concurrent Cycle
[2022-02-08T09:31:10.764-0300][gc,marking    ] GC(7) Concurrent Clear Claimed Marks
[2022-02-08T09:31:10.764-0300][gc,marking    ] GC(7) Concurrent Clear Claimed Marks 0,133ms
[2022-02-08T09:31:10.764-0300][gc,marking    ] GC(7) Concurrent Scan Root Regions
[2022-02-08T09:31:10.780-0300][gc,marking    ] GC(7) Concurrent Scan Root Regions 15,547ms
[2022-02-08T09:31:10.780-0300][gc,marking    ] GC(7) Concurrent Mark (158,119s)
[2022-02-08T09:31:10.780-0300][gc,marking    ] GC(7) Concurrent Mark From Roots
[2022-02-08T09:31:10.780-0300][gc,task       ] GC(7) Using 1 workers of 1 for marking
[2022-02-08T09:31:10.912-0300][gc,marking    ] GC(7) Concurrent Mark From Roots 132,713ms
[2022-02-08T09:31:10.912-0300][gc,marking    ] GC(7) Concurrent Preclean
[2022-02-08T09:31:10.912-0300][gc,marking    ] GC(7) Concurrent Preclean 0,131ms
[2022-02-08T09:31:10.913-0300][gc,marking    ] GC(7) Concurrent Mark (158,119s, 158,252s) 132,901ms
[2022-02-08T09:31:10.922-0300][gc,start      ] GC(7) Pause Remark
[2022-02-08T09:31:10.939-0300][gc,stringtable] GC(7) Cleaned string and symbol table, strings: 11799 processed, 2 removed, symbols: 89633 processed, 4 removed
[2022-02-08T09:31:10.940-0300][gc            ] GC(7) Pause Remark 146M->146M(1024M) 17,794ms
[2022-02-08T09:31:10.940-0300][gc,cpu        ] GC(7) User=0,03s Sys=0,00s Real=0,02s
[2022-02-08T09:31:10.940-0300][gc,marking    ] GC(7) Concurrent Rebuild Remembered Sets
[2022-02-08T09:31:11.007-0300][gc,marking    ] GC(7) Concurrent Rebuild Remembered Sets 67,039ms
[2022-02-08T09:31:11.008-0300][gc,start      ] GC(7) Pause Cleanup
[2022-02-08T09:31:11.008-0300][gc            ] GC(7) Pause Cleanup 147M->147M(1024M) 0,249ms
[2022-02-08T09:31:11.008-0300][gc,cpu        ] GC(7) User=0,00s Sys=0,00s Real=0,00s
[2022-02-08T09:31:11.022-0300][gc,marking    ] GC(7) Concurrent Cleanup for Next Mark
[2022-02-08T09:31:11.024-0300][gc,marking    ] GC(7) Concurrent Cleanup for Next Mark 1,883ms
[2022-02-08T09:31:11.024-0300][gc            ] GC(7) Concurrent Cycle 259,891ms
[2022-02-08T09:37:50.034-0300][gc,start      ] GC(8) Pause Young (Normal) (G1 Evacuation Pause)
[2022-02-08T09:37:50.034-0300][gc,task       ] GC(8) Using 4 workers of 4 for evacuation
[2022-02-08T09:37:50.052-0300][gc,phases     ] GC(8)   Pre Evacuate Collection Set: 0,0ms
[2022-02-08T09:37:50.052-0300][gc,phases     ] GC(8)   Evacuate Collection Set: 16,5ms
[2022-02-08T09:37:50.052-0300][gc,phases     ] GC(8)   Post Evacuate Collection Set: 1,1ms
[2022-02-08T09:37:50.052-0300][gc,phases     ] GC(8)   Other: 0,3ms
[2022-02-08T09:37:50.052-0300][gc,heap       ] GC(8) Eden regions: 46->0(45)
[2022-02-08T09:37:50.052-0300][gc,heap       ] GC(8) Survivor regions: 5->6(7)
[2022-02-08T09:37:50.052-0300][gc,heap       ] GC(8) Old regions: 13->15
[2022-02-08T09:37:50.052-0300][gc,heap       ] GC(8) Humongous regions: 129->129
[2022-02-08T09:37:50.052-0300][gc,metaspace  ] GC(8) Metaspace: 44395K->44395K(1089536K)
[2022-02-08T09:37:50.052-0300][gc            ] GC(8) Pause Young (Normal) (G1 Evacuation Pause) 190M->147M(1024M) 18,047ms
[2022-02-08T09:37:50.052-0300][gc,cpu        ] GC(8) User=0,03s Sys=0,00s Real=0,02s
