[2022-02-01T16:26:45.783-0300][gc,heap] Heap region size: 1M
[2022-02-01T16:26:45.835-0300][gc     ] Using G1
[2022-02-01T16:26:45.837-0300][gc,heap,coops] Heap address: 0x00000000c0000000, size: 1024 MB, Compressed Oops mode: 32-bit
[2022-02-01T16:26:45.838-0300][gc,cds       ] Mark closed archive regions in map: [0x00000000fff00000, 0x00000000fff6aff8]
[2022-02-01T16:26:45.838-0300][gc,cds       ] Mark open archive regions in map: [0x00000000ffe00000, 0x00000000ffe46ff8]
[2022-02-01T16:26:47.424-0300][gc,start     ] GC(0) Pause Young (Normal) (G1 Evacuation Pause)
[2022-02-01T16:26:47.425-0300][gc,task      ] GC(0) Using 4 workers of 4 for evacuation
[2022-02-01T16:26:47.455-0300][gc,mmu       ] GC(0) MMU target violated: 21,0ms (20,0ms/21,0ms)
[2022-02-01T16:26:47.455-0300][gc,phases    ] GC(0)   Pre Evacuate Collection Set: 0,0ms
[2022-02-01T16:26:47.455-0300][gc,phases    ] GC(0)   Evacuate Collection Set: 28,1ms
[2022-02-01T16:26:47.455-0300][gc,phases    ] GC(0)   Post Evacuate Collection Set: 1,7ms
[2022-02-01T16:26:47.455-0300][gc,phases    ] GC(0)   Other: 0,8ms
[2022-02-01T16:26:47.455-0300][gc,heap      ] GC(0) Eden regions: 51->0(44)
[2022-02-01T16:26:47.455-0300][gc,heap      ] GC(0) Survivor regions: 0->7(7)
[2022-02-01T16:26:47.455-0300][gc,heap      ] GC(0) Old regions: 2->2
[2022-02-01T16:26:47.455-0300][gc,heap      ] GC(0) Humongous regions: 0->0
[2022-02-01T16:26:47.455-0300][gc,metaspace ] GC(0) Metaspace: 15044K->15044K(1062912K)
[2022-02-01T16:26:47.455-0300][gc           ] GC(0) Pause Young (Normal) (G1 Evacuation Pause) 51M->7M(1024M) 30,686ms
[2022-02-01T16:26:47.455-0300][gc,cpu       ] GC(0) User=0,06s Sys=0,00s Real=0,03s
[2022-02-01T16:26:48.237-0300][gc,start     ] GC(1) Pause Young (Concurrent Start) (Metadata GC Threshold)
[2022-02-01T16:26:48.237-0300][gc,task      ] GC(1) Using 4 workers of 4 for evacuation
[2022-02-01T16:26:48.257-0300][gc,phases    ] GC(1)   Pre Evacuate Collection Set: 0,1ms
[2022-02-01T16:26:48.257-0300][gc,phases    ] GC(1)   Evacuate Collection Set: 19,1ms
[2022-02-01T16:26:48.257-0300][gc,phases    ] GC(1)   Post Evacuate Collection Set: 0,5ms
[2022-02-01T16:26:48.257-0300][gc,phases    ] GC(1)   Other: 0,2ms
[2022-02-01T16:26:48.257-0300][gc,heap      ] GC(1) Eden regions: 23->0(50)
[2022-02-01T16:26:48.257-0300][gc,heap      ] GC(1) Survivor regions: 7->1(7)
[2022-02-01T16:26:48.257-0300][gc,heap      ] GC(1) Old regions: 2->9
[2022-02-01T16:26:48.257-0300][gc,heap      ] GC(1) Humongous regions: 0->0
[2022-02-01T16:26:48.257-0300][gc,metaspace ] GC(1) Metaspace: 20537K->20537K(1067008K)
[2022-02-01T16:26:48.257-0300][gc           ] GC(1) Pause Young (Concurrent Start) (Metadata GC Threshold) 30M->8M(1024M) 19,981ms
[2022-02-01T16:26:48.257-0300][gc,cpu       ] GC(1) User=0,04s Sys=0,00s Real=0,02s
[2022-02-01T16:26:48.257-0300][gc           ] GC(2) Concurrent Cycle
[2022-02-01T16:26:48.257-0300][gc,marking   ] GC(2) Concurrent Clear Claimed Marks
[2022-02-01T16:26:48.257-0300][gc,marking   ] GC(2) Concurrent Clear Claimed Marks 0,046ms
[2022-02-01T16:26:48.257-0300][gc,marking   ] GC(2) Concurrent Scan Root Regions
[2022-02-01T16:26:48.258-0300][gc,marking   ] GC(2) Concurrent Scan Root Regions 0,975ms
[2022-02-01T16:26:48.258-0300][gc,marking   ] GC(2) Concurrent Mark (2,499s)
[2022-02-01T16:26:48.258-0300][gc,marking   ] GC(2) Concurrent Mark From Roots
[2022-02-01T16:26:48.258-0300][gc,task      ] GC(2) Using 1 workers of 1 for marking
[2022-02-01T16:26:48.267-0300][gc,marking   ] GC(2) Concurrent Mark From Roots 8,965ms
[2022-02-01T16:26:48.267-0300][gc,marking   ] GC(2) Concurrent Preclean
[2022-02-01T16:26:48.267-0300][gc,marking   ] GC(2) Concurrent Preclean 0,109ms
[2022-02-01T16:26:48.267-0300][gc,marking   ] GC(2) Concurrent Mark (2,499s, 2,508s) 9,124ms
[2022-02-01T16:26:48.267-0300][gc,start     ] GC(2) Pause Remark
[2022-02-01T16:26:48.271-0300][gc,stringtable] GC(2) Cleaned string and symbol table, strings: 5225 processed, 0 removed, symbols: 51117 processed, 59 removed
[2022-02-01T16:26:48.271-0300][gc            ] GC(2) Pause Remark 8M->8M(1024M) 3,557ms
[2022-02-01T16:26:48.271-0300][gc,cpu        ] GC(2) User=0,01s Sys=0,00s Real=0,00s
[2022-02-01T16:26:48.271-0300][gc,marking    ] GC(2) Concurrent Rebuild Remembered Sets
[2022-02-01T16:26:48.283-0300][gc,marking    ] GC(2) Concurrent Rebuild Remembered Sets 11,729ms
[2022-02-01T16:26:48.283-0300][gc,start      ] GC(2) Pause Cleanup
[2022-02-01T16:26:48.283-0300][gc            ] GC(2) Pause Cleanup 8M->8M(1024M) 0,181ms
[2022-02-01T16:26:48.283-0300][gc,cpu        ] GC(2) User=0,00s Sys=0,00s Real=0,00s
[2022-02-01T16:26:48.283-0300][gc,marking    ] GC(2) Concurrent Cleanup for Next Mark
[2022-02-01T16:26:48.293-0300][gc,marking    ] GC(2) Concurrent Cleanup for Next Mark 10,251ms
[2022-02-01T16:26:48.293-0300][gc            ] GC(2) Concurrent Cycle 36,314ms
[2022-02-01T16:26:49.357-0300][gc,start      ] GC(3) Pause Young (Normal) (G1 Evacuation Pause)
[2022-02-01T16:26:49.357-0300][gc,task       ] GC(3) Using 4 workers of 4 for evacuation
[2022-02-01T16:26:49.369-0300][gc,phases     ] GC(3)   Pre Evacuate Collection Set: 0,0ms
[2022-02-01T16:26:49.369-0300][gc,phases     ] GC(3)   Evacuate Collection Set: 10,8ms
[2022-02-01T16:26:49.369-0300][gc,phases     ] GC(3)   Post Evacuate Collection Set: 0,5ms
[2022-02-01T16:26:49.369-0300][gc,phases     ] GC(3)   Other: 0,1ms
[2022-02-01T16:26:49.369-0300][gc,heap       ] GC(3) Eden regions: 50->0(46)
[2022-02-01T16:26:49.369-0300][gc,heap       ] GC(3) Survivor regions: 1->5(7)
[2022-02-01T16:26:49.369-0300][gc,heap       ] GC(3) Old regions: 9->9
[2022-02-01T16:26:49.369-0300][gc,heap       ] GC(3) Humongous regions: 129->129
[2022-02-01T16:26:49.369-0300][gc,metaspace  ] GC(3) Metaspace: 29448K->29448K(1075200K)
[2022-02-01T16:26:49.369-0300][gc            ] GC(3) Pause Young (Normal) (G1 Evacuation Pause) 187M->140M(1024M) 11,473ms
[2022-02-01T16:26:49.369-0300][gc,cpu        ] GC(3) User=0,02s Sys=0,00s Real=0,01s
[2022-02-01T16:26:50.072-0300][gc,start      ] GC(4) Pause Young (Concurrent Start) (Metadata GC Threshold)
[2022-02-01T16:26:50.072-0300][gc,task       ] GC(4) Using 4 workers of 4 for evacuation
[2022-02-01T16:26:50.093-0300][gc,mmu        ] GC(4) MMU target violated: 21,0ms (20,0ms/21,0ms)
[2022-02-01T16:26:50.095-0300][gc,phases     ] GC(4)   Pre Evacuate Collection Set: 0,1ms
[2022-02-01T16:26:50.095-0300][gc,phases     ] GC(4)   Evacuate Collection Set: 20,0ms
[2022-02-01T16:26:50.095-0300][gc,phases     ] GC(4)   Post Evacuate Collection Set: 0,9ms
[2022-02-01T16:26:50.095-0300][gc,phases     ] GC(4)   Other: 2,0ms
[2022-02-01T16:26:50.095-0300][gc,heap       ] GC(4) Eden regions: 24->0(45)
[2022-02-01T16:26:50.095-0300][gc,heap       ] GC(4) Survivor regions: 5->6(7)
[2022-02-01T16:26:50.095-0300][gc,heap       ] GC(4) Old regions: 9->10
[2022-02-01T16:26:50.095-0300][gc,heap       ] GC(4) Humongous regions: 129->129
[2022-02-01T16:26:50.095-0300][gc,metaspace  ] GC(4) Metaspace: 34554K->34554K(1081344K)
[2022-02-01T16:26:50.095-0300][gc            ] GC(4) Pause Young (Concurrent Start) (Metadata GC Threshold) 164M->142M(1024M) 23,023ms
[2022-02-01T16:26:50.095-0300][gc,cpu        ] GC(4) User=0,02s Sys=0,00s Real=0,03s
[2022-02-01T16:26:50.095-0300][gc            ] GC(5) Concurrent Cycle
[2022-02-01T16:26:50.095-0300][gc,marking    ] GC(5) Concurrent Clear Claimed Marks
[2022-02-01T16:26:50.096-0300][gc,marking    ] GC(5) Concurrent Clear Claimed Marks 0,105ms
[2022-02-01T16:26:50.096-0300][gc,marking    ] GC(5) Concurrent Scan Root Regions
[2022-02-01T16:26:50.105-0300][gc,marking    ] GC(5) Concurrent Scan Root Regions 9,383ms
[2022-02-01T16:26:50.105-0300][gc,marking    ] GC(5) Concurrent Mark (4,346s)
[2022-02-01T16:26:50.105-0300][gc,marking    ] GC(5) Concurrent Mark From Roots
[2022-02-01T16:26:50.105-0300][gc,task       ] GC(5) Using 1 workers of 1 for marking
[2022-02-01T16:26:50.156-0300][gc,marking    ] GC(5) Concurrent Mark From Roots 51,339ms
[2022-02-01T16:26:50.156-0300][gc,marking    ] GC(5) Concurrent Preclean
[2022-02-01T16:26:50.156-0300][gc,marking    ] GC(5) Concurrent Preclean 0,142ms
[2022-02-01T16:26:50.156-0300][gc,marking    ] GC(5) Concurrent Mark (4,346s, 4,397s) 51,561ms
[2022-02-01T16:26:50.158-0300][gc,start      ] GC(5) Pause Remark
[2022-02-01T16:26:50.164-0300][gc,stringtable] GC(5) Cleaned string and symbol table, strings: 10567 processed, 12 removed, symbols: 83784 processed, 17 removed
[2022-02-01T16:26:50.165-0300][gc            ] GC(5) Pause Remark 144M->144M(1024M) 6,760ms
[2022-02-01T16:26:50.165-0300][gc,cpu        ] GC(5) User=0,01s Sys=0,00s Real=0,01s
[2022-02-01T16:26:50.165-0300][gc,marking    ] GC(5) Concurrent Rebuild Remembered Sets
[2022-02-01T16:26:50.184-0300][gc,marking    ] GC(5) Concurrent Rebuild Remembered Sets 18,605ms
[2022-02-01T16:26:50.184-0300][gc,start      ] GC(5) Pause Cleanup
[2022-02-01T16:26:50.184-0300][gc            ] GC(5) Pause Cleanup 144M->144M(1024M) 0,449ms
[2022-02-01T16:26:50.184-0300][gc,cpu        ] GC(5) User=0,00s Sys=0,00s Real=0,00s
[2022-02-01T16:26:50.186-0300][gc,marking    ] GC(5) Concurrent Cleanup for Next Mark
[2022-02-01T16:26:50.244-0300][gc,marking    ] GC(5) Concurrent Cleanup for Next Mark 58,021ms
[2022-02-01T16:26:50.244-0300][gc            ] GC(5) Concurrent Cycle 148,660ms
[2022-02-01T17:09:48.095-0300][gc,start      ] GC(6) Pause Young (Normal) (G1 Evacuation Pause)
[2022-02-01T17:09:48.095-0300][gc,task       ] GC(6) Using 4 workers of 4 for evacuation
[2022-02-01T17:09:48.162-0300][gc,mmu        ] GC(6) MMU target violated: 21,0ms (20,0ms/21,0ms)
[2022-02-01T17:09:48.162-0300][gc,phases     ] GC(6)   Pre Evacuate Collection Set: 0,0ms
[2022-02-01T17:09:48.162-0300][gc,phases     ] GC(6)   Evacuate Collection Set: 63,2ms
[2022-02-01T17:09:48.162-0300][gc,phases     ] GC(6)   Post Evacuate Collection Set: 3,2ms
[2022-02-01T17:09:48.163-0300][gc,phases     ] GC(6)   Other: 0,6ms
[2022-02-01T17:09:48.163-0300][gc,heap       ] GC(6) Eden regions: 45->0(47)
[2022-02-01T17:09:48.163-0300][gc,heap       ] GC(6) Survivor regions: 6->4(7)
[2022-02-01T17:09:48.163-0300][gc,heap       ] GC(6) Old regions: 10->13
[2022-02-01T17:09:48.163-0300][gc,heap       ] GC(6) Humongous regions: 129->129
[2022-02-01T17:09:48.163-0300][gc,metaspace  ] GC(6) Metaspace: 40558K->40558K(1085440K)
[2022-02-01T17:09:48.163-0300][gc            ] GC(6) Pause Young (Normal) (G1 Evacuation Pause) 187M->143M(1024M) 67,436ms
[2022-02-01T17:09:48.163-0300][gc,cpu        ] GC(6) User=0,10s Sys=0,02s Real=0,07s
[2022-02-01T18:12:48.095-0300][gc,start      ] GC(7) Pause Young (Normal) (G1 Evacuation Pause)
[2022-02-01T18:12:48.095-0300][gc,task       ] GC(7) Using 4 workers of 4 for evacuation
[2022-02-01T18:12:48.101-0300][gc,phases     ] GC(7)   Pre Evacuate Collection Set: 0,0ms
[2022-02-01T18:12:48.101-0300][gc,phases     ] GC(7)   Evacuate Collection Set: 4,2ms
[2022-02-01T18:12:48.101-0300][gc,phases     ] GC(7)   Post Evacuate Collection Set: 1,9ms
[2022-02-01T18:12:48.101-0300][gc,phases     ] GC(7)   Other: 0,1ms
[2022-02-01T18:12:48.101-0300][gc,heap       ] GC(7) Eden regions: 47->0(48)
[2022-02-01T18:12:48.101-0300][gc,heap       ] GC(7) Survivor regions: 4->3(7)
[2022-02-01T18:12:48.101-0300][gc,heap       ] GC(7) Old regions: 13->13
[2022-02-01T18:12:48.101-0300][gc,heap       ] GC(7) Humongous regions: 129->129
[2022-02-01T18:12:48.101-0300][gc,metaspace  ] GC(7) Metaspace: 40948K->40948K(1085440K)
[2022-02-01T18:12:48.101-0300][gc            ] GC(7) Pause Young (Normal) (G1 Evacuation Pause) 190M->143M(1024M) 6,359ms
[2022-02-01T18:12:48.101-0300][gc,cpu        ] GC(7) User=0,02s Sys=0,00s Real=0,00s
[2022-02-01T19:18:18.428-0300][gc,start      ] GC(8) Pause Young (Normal) (G1 Evacuation Pause)
[2022-02-01T19:18:18.428-0300][gc,task       ] GC(8) Using 4 workers of 4 for evacuation
[2022-02-01T19:18:18.435-0300][gc,phases     ] GC(8)   Pre Evacuate Collection Set: 0,0ms
[2022-02-01T19:18:18.435-0300][gc,phases     ] GC(8)   Evacuate Collection Set: 4,9ms
[2022-02-01T19:18:18.435-0300][gc,phases     ] GC(8)   Post Evacuate Collection Set: 2,2ms
[2022-02-01T19:18:18.435-0300][gc,phases     ] GC(8)   Other: 0,2ms
[2022-02-01T19:18:18.435-0300][gc,heap       ] GC(8) Eden regions: 48->0(48)
[2022-02-01T19:18:18.435-0300][gc,heap       ] GC(8) Survivor regions: 3->3(7)
[2022-02-01T19:18:18.436-0300][gc,heap       ] GC(8) Old regions: 13->13
[2022-02-01T19:18:18.436-0300][gc,heap       ] GC(8) Humongous regions: 129->129
[2022-02-01T19:18:18.436-0300][gc,metaspace  ] GC(8) Metaspace: 41010K->41010K(1085440K)
[2022-02-01T19:18:18.436-0300][gc            ] GC(8) Pause Young (Normal) (G1 Evacuation Pause) 191M->143M(1024M) 7,451ms
[2022-02-01T19:18:18.436-0300][gc,cpu        ] GC(8) User=0,02s Sys=0,00s Real=0,01s
[2022-02-01T20:24:13.095-0300][gc,start      ] GC(9) Pause Young (Normal) (G1 Evacuation Pause)
[2022-02-01T20:24:13.095-0300][gc,task       ] GC(9) Using 4 workers of 4 for evacuation
[2022-02-01T20:24:13.104-0300][gc,phases     ] GC(9)   Pre Evacuate Collection Set: 0,0ms
[2022-02-01T20:24:13.104-0300][gc,phases     ] GC(9)   Evacuate Collection Set: 6,1ms
[2022-02-01T20:24:13.104-0300][gc,phases     ] GC(9)   Post Evacuate Collection Set: 3,1ms
[2022-02-01T20:24:13.104-0300][gc,phases     ] GC(9)   Other: 0,2ms
[2022-02-01T20:24:13.104-0300][gc,heap       ] GC(9) Eden regions: 48->0(47)
[2022-02-01T20:24:13.104-0300][gc,heap       ] GC(9) Survivor regions: 3->4(7)
[2022-02-01T20:24:13.104-0300][gc,heap       ] GC(9) Old regions: 13->13
[2022-02-01T20:24:13.104-0300][gc,heap       ] GC(9) Humongous regions: 129->129
[2022-02-01T20:24:13.104-0300][gc,metaspace  ] GC(9) Metaspace: 41065K->41065K(1085440K)
[2022-02-01T20:24:13.104-0300][gc            ] GC(9) Pause Young (Normal) (G1 Evacuation Pause) 191M->143M(1024M) 9,537ms
[2022-02-01T20:24:13.104-0300][gc,cpu        ] GC(9) User=0,02s Sys=0,00s Real=0,01s
[2022-02-01T21:28:43.670-0300][gc,start      ] GC(10) Pause Young (Normal) (G1 Evacuation Pause)
[2022-02-01T21:28:43.670-0300][gc,task       ] GC(10) Using 4 workers of 4 for evacuation
[2022-02-01T21:28:43.676-0300][gc,phases     ] GC(10)   Pre Evacuate Collection Set: 0,0ms
[2022-02-01T21:28:43.676-0300][gc,phases     ] GC(10)   Evacuate Collection Set: 4,3ms
[2022-02-01T21:28:43.676-0300][gc,phases     ] GC(10)   Post Evacuate Collection Set: 1,1ms
[2022-02-01T21:28:43.676-0300][gc,phases     ] GC(10)   Other: 0,3ms
[2022-02-01T21:28:43.676-0300][gc,heap       ] GC(10) Eden regions: 47->0(48)
[2022-02-01T21:28:43.676-0300][gc,heap       ] GC(10) Survivor regions: 4->3(7)
[2022-02-01T21:28:43.676-0300][gc,heap       ] GC(10) Old regions: 13->13
[2022-02-01T21:28:43.676-0300][gc,heap       ] GC(10) Humongous regions: 129->129
[2022-02-01T21:28:43.676-0300][gc,metaspace  ] GC(10) Metaspace: 41107K->41107K(1085440K)
[2022-02-01T21:28:43.676-0300][gc            ] GC(10) Pause Young (Normal) (G1 Evacuation Pause) 190M->143M(1024M) 5,877ms
[2022-02-01T21:28:43.676-0300][gc,cpu        ] GC(10) User=0,01s Sys=0,00s Real=0,01s
[2022-02-01T22:35:10.658-0300][gc,start      ] GC(11) Pause Young (Normal) (G1 Evacuation Pause)
[2022-02-01T22:35:10.659-0300][gc,task       ] GC(11) Using 4 workers of 4 for evacuation
[2022-02-01T22:35:10.666-0300][gc,phases     ] GC(11)   Pre Evacuate Collection Set: 0,0ms
[2022-02-01T22:35:10.666-0300][gc,phases     ] GC(11)   Evacuate Collection Set: 6,1ms
[2022-02-01T22:35:10.666-0300][gc,phases     ] GC(11)   Post Evacuate Collection Set: 1,4ms
[2022-02-01T22:35:10.666-0300][gc,phases     ] GC(11)   Other: 0,3ms
[2022-02-01T22:35:10.666-0300][gc,heap       ] GC(11) Eden regions: 48->0(48)
[2022-02-01T22:35:10.666-0300][gc,heap       ] GC(11) Survivor regions: 3->3(7)
[2022-02-01T22:35:10.666-0300][gc,heap       ] GC(11) Old regions: 13->13
[2022-02-01T22:35:10.666-0300][gc,heap       ] GC(11) Humongous regions: 129->129
[2022-02-01T22:35:10.666-0300][gc,metaspace  ] GC(11) Metaspace: 41133K->41133K(1085440K)
[2022-02-01T22:35:10.666-0300][gc            ] GC(11) Pause Young (Normal) (G1 Evacuation Pause) 191M->143M(1024M) 7,845ms
[2022-02-01T22:35:10.666-0300][gc,cpu        ] GC(11) User=0,02s Sys=0,00s Real=0,01s
[2022-02-01T23:41:23.095-0300][gc,start      ] GC(12) Pause Young (Normal) (G1 Evacuation Pause)
[2022-02-01T23:41:23.095-0300][gc,task       ] GC(12) Using 4 workers of 4 for evacuation
[2022-02-01T23:41:23.101-0300][gc,phases     ] GC(12)   Pre Evacuate Collection Set: 0,0ms
[2022-02-01T23:41:23.101-0300][gc,phases     ] GC(12)   Evacuate Collection Set: 5,1ms
[2022-02-01T23:41:23.101-0300][gc,phases     ] GC(12)   Post Evacuate Collection Set: 1,1ms
[2022-02-01T23:41:23.101-0300][gc,phases     ] GC(12)   Other: 0,2ms
[2022-02-01T23:41:23.101-0300][gc,heap       ] GC(12) Eden regions: 48->0(51)
[2022-02-01T23:41:23.101-0300][gc,heap       ] GC(12) Survivor regions: 3->3(7)
[2022-02-01T23:41:23.101-0300][gc,heap       ] GC(12) Old regions: 13->13
[2022-02-01T23:41:23.101-0300][gc,heap       ] GC(12) Humongous regions: 129->129
[2022-02-01T23:41:23.101-0300][gc,metaspace  ] GC(12) Metaspace: 41153K->41153K(1085440K)
[2022-02-01T23:41:23.101-0300][gc            ] GC(12) Pause Young (Normal) (G1 Evacuation Pause) 191M->143M(1024M) 6,531ms
[2022-02-01T23:41:23.101-0300][gc,cpu        ] GC(12) User=0,01s Sys=0,00s Real=0,01s
[2022-02-02T00:31:47.248-0300][gc,heap,exit  ] Heap
[2022-02-02T00:31:47.248-0300][gc,heap,exit  ]  garbage-first heap   total 1048576K, used 191622K [0x00000000c0000000, 0x0000000100000000)
[2022-02-02T00:31:47.248-0300][gc,heap,exit  ]   region size 1024K, 49 young (50176K), 3 survivors (3072K)
[2022-02-02T00:31:47.248-0300][gc,heap,exit  ]  Metaspace       used 42069K, capacity 44501K, committed 44620K, reserved 1087488K
[2022-02-02T00:31:47.248-0300][gc,heap,exit  ]   class space    used 5784K, capacity 6976K, committed 6988K, reserved 1048576K
