[2022-02-03T09:17:53.643-0300][gc,heap] Heap region size: 1M
[2022-02-03T09:17:53.647-0300][gc     ] Using G1
[2022-02-03T09:17:53.647-0300][gc,heap,coops] Heap address: 0x00000000e0000000, size: 512 MB, Compressed Oops mode: 32-bit
[2022-02-03T09:17:53.648-0300][gc,cds       ] Mark closed archive regions in map: [0x00000000fff00000, 0x00000000fff6aff8]
[2022-02-03T09:17:53.648-0300][gc,cds       ] Mark open archive regions in map: [0x00000000ffe00000, 0x00000000ffe46ff8]
[2022-02-03T09:17:54.168-0300][gc,start     ] GC(0) Pause Young (Normal) (G1 Evacuation Pause)
[2022-02-03T09:17:54.168-0300][gc,task      ] GC(0) Using 4 workers of 4 for evacuation
[2022-02-03T09:17:54.178-0300][gc,phases    ] GC(0)   Pre Evacuate Collection Set: 0,0ms
[2022-02-03T09:17:54.178-0300][gc,phases    ] GC(0)   Evacuate Collection Set: 9,6ms
[2022-02-03T09:17:54.178-0300][gc,phases    ] GC(0)   Post Evacuate Collection Set: 0,3ms
[2022-02-03T09:17:54.178-0300][gc,phases    ] GC(0)   Other: 0,4ms
[2022-02-03T09:17:54.178-0300][gc,heap      ] GC(0) Eden regions: 25->0(21)
[2022-02-03T09:17:54.178-0300][gc,heap      ] GC(0) Survivor regions: 0->4(4)
[2022-02-03T09:17:54.178-0300][gc,heap      ] GC(0) Old regions: 2->5
[2022-02-03T09:17:54.178-0300][gc,heap      ] GC(0) Humongous regions: 0->0
[2022-02-03T09:17:54.178-0300][gc,metaspace ] GC(0) Metaspace: 7591K->7591K(1056768K)
[2022-02-03T09:17:54.178-0300][gc           ] GC(0) Pause Young (Normal) (G1 Evacuation Pause) 25M->7M(512M) 10,429ms
[2022-02-03T09:17:54.178-0300][gc,cpu       ] GC(0) User=0,03s Sys=0,00s Real=0,01s
[2022-02-03T13:09:29.730-0300][gc,start     ] GC(1) Pause Young (Normal) (G1 Evacuation Pause)
[2022-02-03T13:09:29.730-0300][gc,task      ] GC(1) Using 4 workers of 4 for evacuation
[2022-02-03T13:09:29.776-0300][gc,mmu       ] GC(1) MMU target violated: 21,0ms (20,0ms/21,0ms)
[2022-02-03T13:09:29.776-0300][gc,phases    ] GC(1)   Pre Evacuate Collection Set: 0,0ms
[2022-02-03T13:09:29.776-0300][gc,phases    ] GC(1)   Evacuate Collection Set: 44,3ms
[2022-02-03T13:09:29.776-0300][gc,phases    ] GC(1)   Post Evacuate Collection Set: 1,3ms
[2022-02-03T13:09:29.777-0300][gc,phases    ] GC(1)   Other: 0,6ms
[2022-02-03T13:09:29.777-0300][gc,heap      ] GC(1) Eden regions: 21->0(24)
[2022-02-03T13:09:29.777-0300][gc,heap      ] GC(1) Survivor regions: 4->1(4)
[2022-02-03T13:09:29.777-0300][gc,heap      ] GC(1) Old regions: 5->9
[2022-02-03T13:09:29.777-0300][gc,heap      ] GC(1) Humongous regions: 0->0
[2022-02-03T13:09:29.777-0300][gc,metaspace ] GC(1) Metaspace: 9296K->9296K(1058816K)
[2022-02-03T13:09:29.777-0300][gc           ] GC(1) Pause Young (Normal) (G1 Evacuation Pause) 28M->8M(512M) 46,656ms
[2022-02-03T13:09:29.777-0300][gc,cpu       ] GC(1) User=0,11s Sys=0,00s Real=0,05s
[2022-02-03T18:30:43.956-0300][gc,heap,exit ] Heap
[2022-02-03T18:30:43.957-0300][gc,heap,exit ]  garbage-first heap   total 524288K, used 25850K [0x00000000e0000000, 0x0000000100000000)
[2022-02-03T18:30:43.957-0300][gc,heap,exit ]   region size 1024K, 19 young (19456K), 1 survivors (1024K)
[2022-02-03T18:30:43.957-0300][gc,heap,exit ]  Metaspace       used 9312K, capacity 9766K, committed 10240K, reserved 1058816K
[2022-02-03T18:30:43.957-0300][gc,heap,exit ]   class space    used 987K, capacity 1155K, committed 1280K, reserved 1048576K
