[2022-02-07T13:59:18.483-0300][gc,heap] Heap region size: 1M
[2022-02-07T13:59:18.487-0300][gc     ] Using G1
[2022-02-07T13:59:18.487-0300][gc,heap,coops] Heap address: 0x00000000e0000000, size: 512 MB, Compressed Oops mode: 32-bit
[2022-02-07T13:59:18.487-0300][gc,cds       ] Mark closed archive regions in map: [0x00000000fff00000, 0x00000000fff6aff8]
[2022-02-07T13:59:18.487-0300][gc,cds       ] Mark open archive regions in map: [0x00000000ffe00000, 0x00000000ffe46ff8]
[2022-02-07T13:59:19.140-0300][gc,start     ] GC(0) Pause Young (Normal) (G1 Evacuation Pause)
[2022-02-07T13:59:19.140-0300][gc,task      ] GC(0) Using 4 workers of 4 for evacuation
[2022-02-07T13:59:19.152-0300][gc,phases    ] GC(0)   Pre Evacuate Collection Set: 0,0ms
[2022-02-07T13:59:19.152-0300][gc,phases    ] GC(0)   Evacuate Collection Set: 12,4ms
[2022-02-07T13:59:19.152-0300][gc,phases    ] GC(0)   Post Evacuate Collection Set: 0,3ms
[2022-02-07T13:59:19.153-0300][gc,phases    ] GC(0)   Other: 0,3ms
[2022-02-07T13:59:19.153-0300][gc,heap      ] GC(0) Eden regions: 25->0(21)
[2022-02-07T13:59:19.153-0300][gc,heap      ] GC(0) Survivor regions: 0->4(4)
[2022-02-07T13:59:19.153-0300][gc,heap      ] GC(0) Old regions: 2->6
[2022-02-07T13:59:19.153-0300][gc,heap      ] GC(0) Humongous regions: 0->0
[2022-02-07T13:59:19.153-0300][gc,metaspace ] GC(0) Metaspace: 7598K->7598K(1056768K)
[2022-02-07T13:59:19.153-0300][gc           ] GC(0) Pause Young (Normal) (G1 Evacuation Pause) 25M->7M(512M) 13,020ms
[2022-02-07T13:59:19.153-0300][gc,cpu       ] GC(0) User=0,03s Sys=0,00s Real=0,01s
[2022-02-07T16:41:18.870-0300][gc,start     ] GC(1) Pause Young (Normal) (G1 Evacuation Pause)
[2022-02-07T16:41:18.870-0300][gc,task      ] GC(1) Using 4 workers of 4 for evacuation
[2022-02-07T16:41:18.902-0300][gc,mmu       ] GC(1) MMU target violated: 21,0ms (20,0ms/21,0ms)
[2022-02-07T16:41:18.902-0300][gc,phases    ] GC(1)   Pre Evacuate Collection Set: 0,0ms
[2022-02-07T16:41:18.902-0300][gc,phases    ] GC(1)   Evacuate Collection Set: 31,2ms
[2022-02-07T16:41:18.902-0300][gc,phases    ] GC(1)   Post Evacuate Collection Set: 0,7ms
[2022-02-07T16:41:18.902-0300][gc,phases    ] GC(1)   Other: 0,6ms
[2022-02-07T16:41:18.902-0300][gc,heap      ] GC(1) Eden regions: 21->0(24)
[2022-02-07T16:41:18.902-0300][gc,heap      ] GC(1) Survivor regions: 4->1(4)
[2022-02-07T16:41:18.902-0300][gc,heap      ] GC(1) Old regions: 6->10
[2022-02-07T16:41:18.902-0300][gc,heap      ] GC(1) Humongous regions: 0->0
[2022-02-07T16:41:18.902-0300][gc,metaspace ] GC(1) Metaspace: 9302K->9302K(1058816K)
[2022-02-07T16:41:18.902-0300][gc           ] GC(1) Pause Young (Normal) (G1 Evacuation Pause) 28M->8M(512M) 32,563ms
[2022-02-07T16:41:18.902-0300][gc,cpu       ] GC(1) User=0,06s Sys=0,00s Real=0,04s
[2022-02-07T18:01:53.875-0300][gc,heap,exit ] Heap
[2022-02-07T18:01:53.875-0300][gc,heap,exit ]  garbage-first heap   total 524288K, used 13665K [0x00000000e0000000, 0x0000000100000000)
[2022-02-07T18:01:53.875-0300][gc,heap,exit ]   region size 1024K, 7 young (7168K), 1 survivors (1024K)
[2022-02-07T18:01:53.875-0300][gc,heap,exit ]  Metaspace       used 9307K, capacity 9754K, committed 9984K, reserved 1058816K
[2022-02-07T18:01:53.875-0300][gc,heap,exit ]   class space    used 985K, capacity 1155K, committed 1280K, reserved 1048576K
