[2022-02-02T08:53:46.460-0300][gc,heap] Heap region size: 1M
[2022-02-02T08:53:46.464-0300][gc     ] Using G1
[2022-02-02T08:53:46.464-0300][gc,heap,coops] Heap address: 0x00000000e0000000, size: 512 MB, Compressed Oops mode: 32-bit
[2022-02-02T08:53:46.464-0300][gc,cds       ] Mark closed archive regions in map: [0x00000000fff00000, 0x00000000fff6aff8]
[2022-02-02T08:53:46.464-0300][gc,cds       ] Mark open archive regions in map: [0x00000000ffe00000, 0x00000000ffe46ff8]
[2022-02-02T08:53:47.099-0300][gc,start     ] GC(0) Pause Young (Normal) (G1 Evacuation Pause)
[2022-02-02T08:53:47.100-0300][gc,task      ] GC(0) Using 4 workers of 4 for evacuation
[2022-02-02T08:53:47.116-0300][gc,phases    ] GC(0)   Pre Evacuate Collection Set: 0,0ms
[2022-02-02T08:53:47.116-0300][gc,phases    ] GC(0)   Evacuate Collection Set: 15,5ms
[2022-02-02T08:53:47.116-0300][gc,phases    ] GC(0)   Post Evacuate Collection Set: 0,3ms
[2022-02-02T08:53:47.116-0300][gc,phases    ] GC(0)   Other: 0,5ms
[2022-02-02T08:53:47.116-0300][gc,heap      ] GC(0) Eden regions: 25->0(21)
[2022-02-02T08:53:47.116-0300][gc,heap      ] GC(0) Survivor regions: 0->4(4)
[2022-02-02T08:53:47.116-0300][gc,heap      ] GC(0) Old regions: 2->5
[2022-02-02T08:53:47.116-0300][gc,heap      ] GC(0) Humongous regions: 0->0
[2022-02-02T08:53:47.116-0300][gc,metaspace ] GC(0) Metaspace: 7611K->7611K(1056768K)
[2022-02-02T08:53:47.116-0300][gc           ] GC(0) Pause Young (Normal) (G1 Evacuation Pause) 25M->7M(512M) 16,390ms
[2022-02-02T08:53:47.116-0300][gc,cpu       ] GC(0) User=0,04s Sys=0,01s Real=0,01s
[2022-02-02T11:51:20.894-0300][gc,start     ] GC(1) Pause Young (Normal) (G1 Evacuation Pause)
[2022-02-02T11:51:20.894-0300][gc,task      ] GC(1) Using 4 workers of 4 for evacuation
[2022-02-02T11:51:20.923-0300][gc,mmu       ] GC(1) MMU target violated: 21,0ms (20,0ms/21,0ms)
[2022-02-02T11:51:20.923-0300][gc,phases    ] GC(1)   Pre Evacuate Collection Set: 0,0ms
[2022-02-02T11:51:20.923-0300][gc,phases    ] GC(1)   Evacuate Collection Set: 27,5ms
[2022-02-02T11:51:20.923-0300][gc,phases    ] GC(1)   Post Evacuate Collection Set: 0,5ms
[2022-02-02T11:51:20.923-0300][gc,phases    ] GC(1)   Other: 0,4ms
[2022-02-02T11:51:20.923-0300][gc,heap      ] GC(1) Eden regions: 21->0(24)
[2022-02-02T11:51:20.923-0300][gc,heap      ] GC(1) Survivor regions: 4->1(4)
[2022-02-02T11:51:20.923-0300][gc,heap      ] GC(1) Old regions: 5->9
[2022-02-02T11:51:20.923-0300][gc,heap      ] GC(1) Humongous regions: 0->0
[2022-02-02T11:51:20.923-0300][gc,metaspace ] GC(1) Metaspace: 9330K->9330K(1058816K)
[2022-02-02T11:51:20.923-0300][gc           ] GC(1) Pause Young (Normal) (G1 Evacuation Pause) 28M->8M(512M) 28,478ms
[2022-02-02T11:51:20.923-0300][gc,cpu       ] GC(1) User=0,09s Sys=0,01s Real=0,03s
[2022-02-02T13:58:00.636-0300][gc,heap,exit ] Heap
[2022-02-02T13:58:00.636-0300][gc,heap,exit ]  garbage-first heap   total 524288K, used 15629K [0x00000000e0000000, 0x0000000100000000)
[2022-02-02T13:58:00.636-0300][gc,heap,exit ]   region size 1024K, 9 young (9216K), 1 survivors (1024K)
[2022-02-02T13:58:00.636-0300][gc,heap,exit ]  Metaspace       used 9336K, capacity 9765K, committed 10240K, reserved 1058816K
[2022-02-02T13:58:00.636-0300][gc,heap,exit ]   class space    used 985K, capacity 1155K, committed 1280K, reserved 1048576K
