[2022-02-08T09:28:12.893-0300][gc,heap] Heap region size: 1M
[2022-02-08T09:28:12.899-0300][gc     ] Using G1
[2022-02-08T09:28:12.899-0300][gc,heap,coops] Heap address: 0x00000000e0000000, size: 512 MB, Compressed Oops mode: 32-bit
[2022-02-08T09:28:12.900-0300][gc,cds       ] Mark closed archive regions in map: [0x00000000fff00000, 0x00000000fff6aff8]
[2022-02-08T09:28:12.900-0300][gc,cds       ] Mark open archive regions in map: [0x00000000ffe00000, 0x00000000ffe46ff8]
[2022-02-08T09:28:13.550-0300][gc,start     ] GC(0) Pause Young (Normal) (G1 Evacuation Pause)
[2022-02-08T09:28:13.550-0300][gc,task      ] GC(0) Using 4 workers of 4 for evacuation
[2022-02-08T09:28:13.560-0300][gc,phases    ] GC(0)   Pre Evacuate Collection Set: 0,0ms
[2022-02-08T09:28:13.560-0300][gc,phases    ] GC(0)   Evacuate Collection Set: 9,4ms
[2022-02-08T09:28:13.560-0300][gc,phases    ] GC(0)   Post Evacuate Collection Set: 0,3ms
[2022-02-08T09:28:13.560-0300][gc,phases    ] GC(0)   Other: 0,6ms
[2022-02-08T09:28:13.560-0300][gc,heap      ] GC(0) Eden regions: 25->0(21)
[2022-02-08T09:28:13.560-0300][gc,heap      ] GC(0) Survivor regions: 0->4(4)
[2022-02-08T09:28:13.560-0300][gc,heap      ] GC(0) Old regions: 2->6
[2022-02-08T09:28:13.560-0300][gc,heap      ] GC(0) Humongous regions: 0->0
[2022-02-08T09:28:13.560-0300][gc,metaspace ] GC(0) Metaspace: 7548K->7548K(1056768K)
[2022-02-08T09:28:13.560-0300][gc           ] GC(0) Pause Young (Normal) (G1 Evacuation Pause) 25M->7M(512M) 10,380ms
[2022-02-08T09:28:13.560-0300][gc,cpu       ] GC(0) User=0,03s Sys=0,00s Real=0,01s
